--------- beginning of system
09-13 12:07:10.044  1085 13105 I ActivityTaskManager: START u10 {flg=0x10000000 cmp=com.yonaHarel.VRPolice/com.epicgames.ue4.GameActivity} from uid 2000
09-13 12:07:10.047  1085 13105 D ActivityTaskManager: Using main display for VR activity ActivityRecord{22f4709 u10 com.yonaHarel.VRPolice/com.epicgames.ue4.GameActivity t-1}
09-13 12:07:10.047  1085 13105 I chatty  : uid=1000(system) Binder:1085_1C identical 1 line
09-13 12:07:10.051  1085 13105 D ActivityTaskManager: Using main display for VR activity ActivityRecord{22f4709 u10 com.yonaHarel.VRPolice/com.epicgames.ue4.GameActivity t-1}
--------- beginning of tracking
09-13 12:07:10.086   884  1859 I TrackingService: Unregistering client by ITrackingService.unregisterClient
09-13 12:07:10.086   884  1859 I TrackingService: Failed to unregister client because client not found in registered list
09-13 12:07:10.086   884  1859 I chatty  : uid=1000(system) Binder:884_3 identical 2 lines
09-13 12:07:10.086   884  1859 I TrackingService: Failed to unregister client because client not found in registered list
09-13 12:07:10.131  1085  1124 I ActivityManager: Start proc 24949:com.yonaHarel.VRPolice/u10a195 for activity {com.yonaHarel.VRPolice/com.epicgames.ue4.GameActivity}
09-13 12:07:10.177   884  1859 I TrackingService: Unregistering client by ITrackingService.unregisterClient
09-13 12:07:10.177   884  1859 I TrackingService: Failed to unregister client because client not found in registered list
09-13 12:07:10.365  1085  3866 I DisplayManagerService: Display device removed: DisplayDeviceInfo{"com.oculus.android_panel_app.AndroidPanelLayer-tablet": uniqueId="virtual:com.oculus.systemux,1010026,com.oculus.android_panel_app.AndroidPanelLayer-tablet,0", 1000 x 625, modeId 1000, defaultModeId 1000, supportedModes [{id=1000, width=1000, height=625, fps=60.0}], colorMode 0, supportedColorModes [0], HdrCapabilities null, density 200, 200.0 x 200.0 dpi, appVsyncOff 0, presDeadline 16666666, touch NONE, rotation 0, type VIRTUAL, state ON, owner com.oculus.systemux (uid 1010026), FLAG_PRIVATE, FLAG_NEVER_BLANK, FLAG_OWN_CONTENT_ONLY}
09-13 12:07:10.370  1085  3866 I DisplayManagerService: Display device removed: DisplayDeviceInfo{"com.oculus.android_panel_app.AndroidPanelLayer-#main": uniqueId="virtual:com.oculus.systemux,1010026,com.oculus.android_panel_app.AndroidPanelLayer-#main,3", 800 x 110, modeId 999, defaultModeId 999, supportedModes [{id=999, width=800, height=110, fps=60.0}], colorMode 0, supportedColorModes [0], HdrCapabilities null, density 200, 200.0 x 200.0 dpi, appVsyncOff 0, presDeadline 16666666, touch NONE, rotation 0, type VIRTUAL, state ON, owner com.oculus.systemux (uid 1010026), FLAG_PRIVATE, FLAG_NEVER_BLANK, FLAG_OWN_CONTENT_ONLY}
09-13 12:07:10.389  1085  3866 I DisplayManagerService: Display device removed: DisplayDeviceInfo{"com.oculus.android_panel_app.AndroidPanelLayer-#main": uniqueId="virtual:com.oculus.systemux,1010026,com.oculus.android_panel_app.AndroidPanelLayer-#main,4", 640 x 938, modeId 1010, defaultModeId 1010, supportedModes [{id=1010, width=640, height=938, fps=60.0}], colorMode 0, supportedColorModes [0], HdrCapabilities null, density 200, 200.0 x 200.0 dpi, appVsyncOff 0, presDeadline 16666666, touch NONE, rotation 0, type VIRTUAL, state ON, owner com.oculus.systemux (uid 1010026), FLAG_PRIVATE, FLAG_NEVER_BLANK, FLAG_OWN_CONTENT_ONLY}
09-13 12:07:10.914  1085 11629 E WindowManager: App trying to use insecure INPUT_FEATURE_NO_INPUT_CHANNEL flag. Ignoring
09-13 12:07:11.098  1085  1617 E WindowManager: App trying to use insecure INPUT_FEATURE_NO_INPUT_CHANNEL flag. Ignoring
09-13 12:07:13.649  1085  1909 E TaskPersister: File error accessing recents directory (directory doesn't exist?).
09-13 12:07:13.649  1085  1909 E TaskPersister: File error accessing recents directory (directory doesn't exist?).
09-13 12:07:16.948  1085  1226 W ActivityManager: Background start not allowed: service Intent { act=com.android.providers.tv.intent.CLEAN_UP_EPG_DATA flg=0x4 cmp=com.android.providers.tv/.EpgDataCleanupService (has extras) } to com.android.providers.tv/.EpgDataCleanupService from pid=-1 uid=10066 pkg=com.android.providers.tv startFg?=false
09-13 12:07:26.905  1653 25030 W ContextImpl: Calling a method in the system process without a qualified user: android.app.ContextImpl.sendBroadcast:1057 android.content.ContextWrapper.sendBroadcast:448 X.tf.A00:58217 X.uD.A00:17 X.uD.handleMessage:91 
09-13 12:07:10.177   884  1859 I chatty  : uid=1000(system) Binder:884_3 identical 1 line
09-13 12:07:10.177   884  1859 I TrackingService: Failed to unregister client because client not found in registered list
09-13 12:07:54.912   767 16572 I SyncBossHAL: [info   ] syncboss_hal_input_controller.c(146): Controller 77447302xxxxxxxx state change: asleep 1 -> 0
09-13 12:07:54.916   767 16581 D SensorService: stateChangeNotifierFunc(): Reporting controller info. Change token: 11
09-13 12:07:54.916   884 16582 D TrackingService: Device 77447302badd74e9 is awake and data streaming is disabled, starting data streaming
09-13 12:07:54.962   767 16572 I SyncBossInput: [info   ] [jedi (right) 77447302xxxxxxxx]: 5911220 [info   ] {THDG}: inactive_connected -> active_connected
09-13 12:07:55.048   767 16572 E SyncBossHAL: [error  ] syncboss_hal_input_controller.c(72): 77447302xxxxxxxx: IMU corrupt: cur = 5909212252, last = 5514313196, delta = 394899056, a = {222, 460, -858}, g = {-705, 3165, -1235}
09-13 12:07:55.050   767 16572 W SensorService: Unknown packet type (20) received
09-13 12:07:55.050   884 16582 D TrackingService: [HANDTRACKING] Controller 77447302badd74e9 in hand: Y, valid: Y
09-13 12:07:55.534   767 16572 I SyncBossInput: [info   ] [jedi (right) 77447302xxxxxxxx]: 5911800 [info   ] {HPTH}: Set haptics frequency to 0x205F
09-13 12:08:00.050   767 16572 W SensorService: Unknown packet type (20) received
09-13 12:08:05.052   767 16572 W SensorService: Unknown packet type (20) received
09-13 12:08:05.335  1085  1123 W ActivityManager: Stopping service due to app idle: u0a67 -1m9s904ms com.oculus.appsafety/.AppSafetyService
09-13 12:08:06.131  1085  1229 D WindowManager: powerPress: eventTime=157482849 interactive=true count=1 beganFromNonInteractive=false mShortPressOnPowerBehavior=1
09-13 12:08:06.131  1085  1229 I PowerManagerService: Going to sleep due to power_button (uid 1000)...
09-13 12:08:06.131  1085  1085 W UsageStatsService: Event reported without a package name, eventType:16
09-13 12:08:06.132  1085  1132 I PowerManagerService: Sleeping (uid 1000)...
09-13 12:08:06.132  1085  1132 I DisplayPowerController: Blocking screen off
09-13 12:08:06.132  1085  1132 I DisplayPowerController: Unblocked screen off after 0 ms
09-13 12:08:06.133  1085  1132 D ActivityTaskManager: Top Process State changed to PROCESS_STATE_TOP_SLEEPING
09-13 12:08:06.185  1085  1132 V DisplayPowerController: Brightness [0] reason changing to: 'screen_off', previous reason: 'manual'.
09-13 12:08:06.219  1085  1117 I DisplayManagerService: Display device changed state: "Built-in Screen", OFF
09-13 12:08:06.584   884   884 D TrackingService: Received transition request to SLEEP current is RUNNING
09-13 12:08:06.584   884   884 D TrackingService: Executing transition from RUNNING to STANDBY
09-13 12:08:06.584   884   884 D TrackingService: Executing transition from STANDBY to SLEEP
09-13 12:08:06.584   884   884 D TrackingService: Setting power state to STANDBY
09-13 12:08:06.584   884  1752 I TrackingService: [     controller] RUNNING -> STANDBY transition time: 0 ms
09-13 12:08:06.585   767 22706 I FrameSetDispatcher: [HEADSET] Client thread stopping
09-13 12:08:06.586   767   855 I FrameSetDispatcher: [HEADSET] Client thread joined
09-13 12:08:06.586   767   855 I CameraClientManager: [HEADSET] Removed client - started clients: 2
09-13 12:08:06.586   884  1751 I TrackingService: [         object] RUNNING -> STANDBY transition time: 1 ms
09-13 12:08:06.586   884  1750 I TrackingService: [           hand] RUNNING -> STANDBY transition time: 0 ms
09-13 12:08:06.591   767 22704 I FrameSetDispatcher: [CONTROLLER] Client thread stopping
09-13 12:08:06.593   767   855 I FrameSetDispatcher: [CONTROLLER] Client thread joined
09-13 12:08:06.593   767   855 I CameraClientManager: [CONTROLLER] Removed client - started clients: 0
09-13 12:08:06.593   884  1749 I TrackingService: [  constellation] RUNNING -> STANDBY transition time: 4 ms
09-13 12:08:06.619   767 24300 I FrameSetDispatcher: [HEADSET] Client thread stopping
09-13 12:08:06.619   767   855 I FrameSetDispatcher: [HEADSET] Client thread joined
09-13 12:08:06.619   767   855 I CameraClientManager: [HEADSET] Removed client - started clients: 1
09-13 12:08:06.638  1085  1617 I DropBoxManagerService: add tag=system_server_wtf isTagEnabled=true flags=0x2
09-13 12:08:06.738   767 22663 I FrameSetDispatcher: [HEADSET] Client thread stopping
09-13 12:08:06.738   767   855 I FrameSetDispatcher: [HEADSET] Client thread joined
09-13 12:08:06.738   767   855 I CameraClientManager: [HEADSET] Removed client - started clients: 0
09-13 12:08:06.743   767 22691 E HollywoodCameraProvider: Frame marked invalid by frame set generator
09-13 12:08:06.869   767 16568 I SyncBossFW: 5921032 [info   ] {APPI}: Stopping camera streaming
09-13 12:08:06.869   767 16568 I SyncBossFW: 5921032 [info   ] {BCAM}: Camera streaming stopped
09-13 12:08:06.896   884  1748 I TrackingService: [            iot] RUNNING -> STANDBY transition time: 302 ms
09-13 12:08:06.896   884  1746 I TrackingService: [           bolt] RUNNING -> STANDBY transition time: 0 ms
09-13 12:08:06.897   884  1745 I TrackingService: [vision_manager_hmd] RUNNING -> STANDBY transition time: 0 ms
09-13 12:08:06.897   884   884 D TrackingService: Scheduling delayed transition to SLEEP in 120000ms
09-13 12:08:07.021  1653 25129 W ContextImpl: Calling a method in the system process without a qualified user: android.app.ContextImpl.sendBroadcast:1057 android.content.ContextWrapper.sendBroadcast:448 X.tf.A00:58217 X.uD.A00:17 X.uD.handleMessage:91 
09-13 12:08:09.826   767 16572 I SyncBossHAL: [info   ] syncboss_hal_input_controller.c(146): Controller f6621da2xxxxxxxx state change: asleep 1 -> 0
09-13 12:08:09.831   767 16581 D SensorService: stateChangeNotifierFunc(): Reporting controller info. Change token: 12
09-13 12:08:09.831   884 16582 D TrackingService: Device f6621da20d92c40d is awake and data streaming is disabled, starting data streaming
09-13 12:08:09.877   767 16572 I SyncBossInput: [info   ] [jedi ( left) f6621da2xxxxxxxx]: 6164485 [info   ] {THDG}: inactive_connected -> active_connected
09-13 12:08:09.961   767 16572 E SyncBossHAL: [error  ] syncboss_hal_input_controller.c(72): f6621da2xxxxxxxx: IMU corrupt: cur = 5924124664, last = 5519783400, delta = 404341264, a = {18, -349, -962}, g = {-13, -5, 47}
09-13 12:08:10.052   767 16572 W SensorService: Unknown packet type (20) received
09-13 12:08:10.449   767 16572 I SyncBossInput: [info   ] [jedi ( left) f6621da2xxxxxxxx]: 6165067 [info   ] {HPTH}: Set haptics frequency to 0x2058
09-13 12:08:11.138  1085  1117 W ActivityTaskManager: Sleep timeout!  Sleeping now.
09-13 12:08:12.209   884 16582 D TrackingService: [HANDTRACKING] Controller f6621da20d92c40d in hand: Y, valid: Y
09-13 12:08:14.357   884 16582 D TrackingService: [HANDTRACKING] Controller f6621da20d92c40d in hand: N, valid: Y
09-13 12:08:15.053   767 16572 W SensorService: Unknown packet type (20) received
09-13 12:08:20.053   767 16572 W SensorService: Unknown packet type (20) received
09-13 12:08:24.781  1085  1229 I PowerManagerService: Waking up from Asleep (uid=1000, reason=WAKE_REASON_POWER_BUTTON, details=android.policy:POWER)...
09-13 12:08:24.781  1085  1085 W UsageStatsService: Event reported without a package name, eventType:15
09-13 12:08:24.782  1085  1132 I DisplayPowerController: Blocking screen on until initial contents have been drawn.
09-13 12:08:24.782  1085  1132 D ActivityTaskManager: Top Process State changed to PROCESS_STATE_TOP
09-13 12:08:24.822  1085  1132 V DisplayPowerController: Brightness [127] reason changing to: 'manual', previous reason: 'screen_off'.
09-13 12:08:24.834  1085  1229 I WindowManager: Suppressed redundant power key press while already in the process of turning the screen on.
09-13 12:08:24.837  1085  1117 I DisplayManagerService: Display device changed state: "Built-in Screen", ON
09-13 12:08:24.992  1085  1085 W Looper  : Slow dispatch took 137ms main h=android.app.ActivityThread$H c=android.app.-$$Lambda$LoadedApk$ReceiverDispatcher$Args$_BumDX2UKsnxLVrE6UJsJZkotuA@d6ece0d m=0
09-13 12:08:24.998   884   884 D TrackingService: Cancelling delayed transition to SLEEP
09-13 12:08:24.999   884   884 D TrackingService: Received transition request to RUNNING current is SLEEP
09-13 12:08:24.999   884   884 D TrackingService: Executing transition from SLEEP to STANDBY
09-13 12:08:24.999   884   884 D TrackingService: Executing transition from STANDBY to RUNNING
09-13 12:08:24.999   884   884 D TrackingService: Setting power state to RUNNING
09-13 12:08:25.000   884  1745 I TrackingService: [vision_manager_hmd] STANDBY -> RUNNING transition time: 0 ms
09-13 12:08:25.000   884  1746 I TrackingService: [           bolt] STANDBY -> RUNNING transition time: 0 ms
09-13 12:08:25.008   884  1748 I TrackingService: Setting initial exposure: 0.005000, initial gain: 3.000000
09-13 12:08:25.015   767   855 I FrameSetDispatcher: [HEADSET] Client thread started
09-13 12:08:25.015   767   855 I CameraClientManager: [HEADSET] Added client - started clients: 1
09-13 12:08:25.026  1085 10258 I DropBoxManagerService: add tag=system_server_wtf isTagEnabled=true flags=0x2
09-13 12:08:25.054   767 16572 W SensorService: Unknown packet type (20) received
09-13 12:08:25.187   767 16568 I SyncBossFW: 5939349 [info   ] {BCAM}: OV7251 sensors found - 0xf
09-13 12:08:25.217   767 16568 I SyncBossFW: 5939375 [info   ] {APPI}: Camera probe, found: 0xf
09-13 12:08:25.225   767   855 I HollywoodCameraProvider: [HollywoodCameraProvider] Set cameras to 10 bpp (format 0x00000025)
09-13 12:08:25.231   767 16571 I SyncBossHAL: [info   ] pulsar_manager.c(715): Setting controller LED config to period: 40000us, on-time: 34us
09-13 12:08:25.278   767  1067 I FrameSetDispatcher: [HEADSET] Client thread started
09-13 12:08:25.278   767  1067 I CameraClientManager: [HEADSET] Added client - started clients: 2
09-13 12:08:25.283   884  1748 I TrackingService: [            iot] STANDBY -> RUNNING transition time: 282 ms
09-13 12:08:25.285   767  1067 I FrameSetDispatcher: [CONTROLLER] Client thread started
09-13 12:08:25.285   767  1067 I CameraClientManager: [CONTROLLER] Added client - started clients: 1
09-13 12:08:25.288   767 16568 I SyncBossFW: 5939441 [info   ] {APPI}: Starting camera streaming
09-13 12:08:25.288   767 16568 I SyncBossFW: 5939441 [info   ] {BCAM}: Camera streaming started
09-13 12:08:25.289   884  1749 I TrackingService: ConstellationTrackingGlue: setEnableExtendedDeadreckoning to false
09-13 12:08:25.289   884  1749 I TrackingService: [  constellation] STANDBY -> RUNNING transition time: 6 ms
09-13 12:08:25.291   884  1750 I TrackingService: [           hand] STANDBY -> RUNNING transition time: 1 ms
09-13 12:08:25.294   767  1067 I FrameSetDispatcher: [HEADSET] Client thread started
09-13 12:08:25.294   767  1067 I CameraClientManager: [HEADSET] Added client - started clients: 3
09-13 12:08:25.294   884  1751 I TrackingService: [         object] STANDBY -> RUNNING transition time: 2 ms
09-13 12:08:25.294   884  1752 I TrackingService: [     controller] STANDBY -> RUNNING transition time: 0 ms
09-13 12:08:25.305   767 25220 I FrameSetDispatcher: [HEADSET] Client thread stopping
09-13 12:08:25.306   767  1067 I FrameSetDispatcher: [HEADSET] Client thread joined
09-13 12:08:25.306   767  1067 I CameraClientManager: [HEADSET] Removed client - started clients: 2
09-13 12:08:25.357   767 25216 W SensorService: FrameType CONTROLLER: New frameset capture timestamp exceeds tolerance bounds
09-13 12:08:25.385   767 25216 W SensorService: FrameType HEADSET: New frameset capture timestamp exceeds tolerance bounds
09-13 12:08:25.418   767 25181 E FrameSetDispatcher: [HEADSET] Client: Failed to read from receive FMQ for 1 packets in 5000ms.
09-13 12:08:25.418   767 25181 E FrameSetDispatcher: This probably means this client is taking more than 33 ms to process the frame.
09-13 12:08:25.418   767 25181 E FrameSetDispatcher: Retrying.
09-13 12:08:25.666  1653 25231 W ContextImpl: Calling a method in the system process without a qualified user: android.app.ContextImpl.sendBroadcast:1057 android.content.ContextWrapper.sendBroadcast:448 X.tf.A00:58217 X.uD.A00:17 X.uD.handleMessage:91 
09-13 12:08:25.803  1085  1117 W WindowManager: Timeout waiting for drawn: undrawn=[Window{393ff3d u10 com.yonaHarel.VRPolice/com.epicgames.ue4.GameActivity}, Window{652d1cc u10 com.yonaHarel.VRPolice/com.epicgames.ue4.GameActivity}]
09-13 12:08:25.803  1085  1132 I DisplayPowerController: Unblocked screen on after 1021 ms
09-13 12:08:25.805  1085  1132 W PowerManagerService: Screen on took 1026 ms
09-13 12:08:26.286   884 16582 D TrackingService: [HANDTRACKING] Controller f6621da20d92c40d in hand: Y, valid: Y
09-13 12:08:27.377  1653 25256 W ContextImpl: Calling a method in the system process without a qualified user: android.app.ContextImpl.sendBroadcast:1057 android.content.ContextWrapper.sendBroadcast:448 X.tf.A00:58217 X.uD.A00:17 X.uD.handleMessage:91 
09-13 12:08:30.054   767 16572 W SensorService: Unknown packet type (20) received
09-13 12:08:37.129  1085  1228 I WindowManager: Input event dispatching timed out sending to com.yonaHarel.VRPolice/com.epicgames.ue4.GameActivity.  Reason: Waiting to send key event because the focused window has not finished processing all of the input events that were previously delivered to it.  Outbound queue length: 0.  Wait queue length: 1.
09-13 12:08:37.269  1085  1228 I ActivityManager: dumpStackTraces pids={1937=true, 1986=true, 2237=true, 2562=true, 11410=true, 17170=true, 17950=true, 18081=true, 18389=true, 18510=true, 18707=true, 18733=true, 18795=true, 18831=true, 19081=true, 19445=true, 19551=true, 19693=true, 20001=true, 20165=true, 20502=true, 20641=true, 21018=true, 21134=true, 21405=true, 21429=true, 22532=true, 22553=true, 22627=true, 24626=true, 24649=true, 24678=true, 24704=true, 24735=true, 24753=true, 24837=true, 24849=true, 24885=true, 24905=true, 25695=true, 26329=true, 26979=true, 27453=true, 28041=true, 28183=true, 28217=true, 28242=true} nativepids=[557, 779, 782, 826, 833, 836, 837, 841, 845, 866, 19551]
09-13 12:08:38.125  1085  1228 I ActivityManager: Skipping next CPU consuming process, not a java proc: 884
09-13 12:08:38.125  1085  1228 I ActivityManager: Skipping next CPU consuming process, not a java proc: 1085
09-13 12:08:38.125  1085  1228 I ActivityManager: Skipping next CPU consuming process, not a java proc: 767
09-13 12:08:38.125  1085  1228 I ActivityManager: Skipping next CPU consuming process, not a java proc: 262
09-13 12:08:38.126  1085  1228 I ActivityManager: Skipping next CPU consuming process, not a java proc: 16567
09-13 12:08:38.126  1085  1228 I ActivityManager: Skipping next CPU consuming process, not a java proc: 18
09-13 12:08:38.126  1085  1228 I ActivityManager: Skipping next CPU consuming process, not a java proc: 380
09-13 12:08:38.126  1085  1228 I ActivityManager: Skipping next CPU consuming process, not a java proc: 521
09-13 12:08:38.126  1085  1228 I ActivityManager: Skipping next CPU consuming process, not a java proc: 748
09-13 12:08:38.126  1085  1228 I ActivityManager: Skipping next CPU consuming process, not a java proc: 764
09-13 12:08:38.126  1085  1228 I ActivityManager: Skipping next CPU consuming process, not a java proc: 782
09-13 12:08:38.126  1085  1228 I ActivityManager: Skipping next CPU consuming process, not a java proc: 785
09-13 12:08:38.126  1085  1228 I ActivityManager: Skipping next CPU consuming process, not a java proc: 846
09-13 12:08:38.126  1085  1228 I ActivityManager: Skipping next CPU consuming process, not a java proc: 1716
09-13 12:08:38.131  1085  1228 I ActivityManager: Dumping to /data/anr/anr_2021-09-13-12-08-38-131
09-13 12:08:38.131  1085  1228 I ActivityManager: Collecting stacks for pid 24949
09-13 12:08:38.194  1085  1228 I ActivityManager: Collecting stacks for pid 1085
09-13 12:08:38.649  1085  1228 I ActivityManager: Collecting stacks for pid 1716
09-13 12:08:39.050  1085  1228 I ActivityManager: Collecting stacks for pid 1695
09-13 12:08:39.154  1085  1228 I ActivityManager: Collecting stacks for pid 1664
09-13 12:08:39.232  1085  1228 I ActivityManager: Collecting stacks for pid 1653
09-13 12:08:39.365  1085  1228 I ActivityManager: Collecting stacks for pid 1630
09-13 12:08:39.470  1085  1228 I ActivityManager: Collecting stacks for pid 1597
09-13 12:08:39.546  1085  1228 I ActivityManager: Collecting stacks for pid 1534
09-13 12:08:39.625  1085  1228 I ActivityManager: Collecting stacks for native pid 557
09-13 12:08:39.679  1085  1228 I ActivityManager: Collecting stacks for native pid 779
09-13 12:08:39.778  1085  1228 I ActivityManager: Collecting stacks for native pid 782
09-13 12:08:39.876  1085  1228 I ActivityManager: Collecting stacks for native pid 826
09-13 12:08:40.058   767 16572 I chatty  : uid=1000(system) SBEventHandler identical 2 lines
09-13 12:08:40.370  1085  1228 I ActivityManager: Collecting stacks for native pid 833
09-13 12:08:40.424  1085  1228 I ActivityManager: Collecting stacks for native pid 836
09-13 12:08:40.602  1085  1228 I ActivityManager: Collecting stacks for native pid 837
09-13 12:08:41.221  1085  1228 I ActivityManager: Collecting stacks for native pid 841
09-13 12:08:41.344  1085  1228 I ActivityManager: Collecting stacks for native pid 845
09-13 12:08:43.347  1085  1228 I ActivityManager: Collecting stacks for native pid 866
09-13 12:08:43.846  1085  1228 I ActivityManager: Collecting stacks for native pid 19551
09-13 12:08:44.555  1085  1228 I ActivityManager: Collecting stacks for extra pid 2237
09-13 12:08:44.662  1085  1228 I ActivityManager: Collecting stacks for extra pid 1937
09-13 12:08:44.683  1085  1229 D WindowManager: powerPress: eventTime=157521352 interactive=true count=1 beganFromNonInteractive=false mShortPressOnPowerBehavior=1
09-13 12:08:44.683  1085  1229 I PowerManagerService: Going to sleep due to power_button (uid 1000)...
09-13 12:08:44.683  1085  1085 W UsageStatsService: Event reported without a package name, eventType:16
09-13 12:08:44.685  1085  1132 I PowerManagerService: Sleeping (uid 1000)...
09-13 12:08:44.685  1085  1132 I DisplayPowerController: Blocking screen off
09-13 12:08:44.685  1085  1132 I DisplayPowerController: Unblocked screen off after 0 ms
09-13 12:08:44.686  1085  1132 D ActivityTaskManager: Top Process State changed to PROCESS_STATE_TOP_SLEEPING
09-13 12:08:44.738  1085  1132 V DisplayPowerController: Brightness [0] reason changing to: 'screen_off', previous reason: 'manual'.
09-13 12:08:44.757  1085  1117 I DisplayManagerService: Display device changed state: "Built-in Screen", OFF
09-13 12:08:45.058   767 16572 W SensorService: Unknown packet type (20) received
09-13 12:08:45.182   884  1859 D TrackingService: Received transition request to SLEEP current is RUNNING
09-13 12:08:45.182   884  1859 D TrackingService: Executing transition from RUNNING to STANDBY
09-13 12:08:45.182   884  1859 D TrackingService: Executing transition from STANDBY to SLEEP
09-13 12:08:45.182   884  1859 D TrackingService: Setting power state to STANDBY
09-13 12:08:45.182   884  1752 I TrackingService: [     controller] RUNNING -> STANDBY transition time: 0 ms
09-13 12:08:45.184   767 25229 I FrameSetDispatcher: [HEADSET] Client thread stopping
09-13 12:08:45.185   767  1067 I FrameSetDispatcher: [HEADSET] Client thread joined
09-13 12:08:45.186  1085  1117 W ActivityTaskManager: Activity top resumed state loss timeout for ActivityRecord{22f4709 u10 com.yonaHarel.VRPolice/com.epicgames.ue4.GameActivity t1000005}
09-13 12:08:45.188  1085  1117 W ActivityTaskManager: Activity pause timeout for ActivityRecord{22f4709 u10 com.yonaHarel.VRPolice/com.epicgames.ue4.GameActivity t1000005}
09-13 12:08:45.188   767  1067 I CameraClientManager: [HEADSET] Removed client - started clients: 1
09-13 12:08:45.189   884  1751 I TrackingService: [         object] RUNNING -> STANDBY transition time: 6 ms
09-13 12:08:45.189   884  1750 I TrackingService: [           hand] RUNNING -> STANDBY transition time: 0 ms
09-13 12:08:45.193   767 25227 I FrameSetDispatcher: [CONTROLLER] Client thread stopping
09-13 12:08:45.193   767  1067 I FrameSetDispatcher: [CONTROLLER] Client thread joined
09-13 12:08:45.193   767  1067 I CameraClientManager: [CONTROLLER] Removed client - started clients: 0
09-13 12:08:45.193   884  1749 I TrackingService: [  constellation] RUNNING -> STANDBY transition time: 3 ms
09-13 12:08:45.249  1085 16734 I DropBoxManagerService: add tag=system_server_wtf isTagEnabled=true flags=0x2
09-13 12:08:45.288   767 25181 I FrameSetDispatcher: [HEADSET] Client thread stopping
09-13 12:08:45.289   767  1067 I FrameSetDispatcher: [HEADSET] Client thread joined
09-13 12:08:45.290   767  1067 I CameraClientManager: [HEADSET] Removed client - started clients: 0
09-13 12:08:45.294  1085  1085 W Looper  : Slow dispatch took 114ms main h=oculus.internal.VrPowerManagerService$3 c=null m=2
09-13 12:08:45.305   767 25218 E HollywoodCameraProvider: Frame marked invalid by frame set generator
09-13 12:08:45.411  1085  1229 I PowerManagerService: Waking up from Asleep (uid=1000, reason=WAKE_REASON_POWER_BUTTON, details=android.policy:POWER)...
09-13 12:08:45.411  1085  1085 W UsageStatsService: Event reported without a package name, eventType:15
09-13 12:08:45.412  1085  1132 I DisplayPowerController: Blocking screen on until initial contents have been drawn.
09-13 12:08:45.413  1085  1132 D ActivityTaskManager: Top Process State changed to PROCESS_STATE_TOP
09-13 12:08:45.455  1085  1132 V DisplayPowerController: Brightness [127] reason changing to: 'manual', previous reason: 'screen_off'.
09-13 12:08:45.455   767 16568 I SyncBossFW: 5959609 [info   ] {APPI}: Stopping camera streaming
09-13 12:08:45.455   767 16568 I SyncBossFW: 5959610 [info   ] {BCAM}: Camera streaming stopped
09-13 12:08:45.484   884  1748 I TrackingService: [            iot] RUNNING -> STANDBY transition time: 288 ms
09-13 12:08:45.484   884  1746 I TrackingService: [           bolt] RUNNING -> STANDBY transition time: 0 ms
09-13 12:08:45.484   884  1745 I TrackingService: [vision_manager_hmd] RUNNING -> STANDBY transition time: 0 ms
09-13 12:08:45.484   884  1859 D TrackingService: Time since last wake is 20485ms, using short sleep delay
09-13 12:08:45.484   884  1859 D TrackingService: Scheduling delayed transition to SLEEP in 60000ms
09-13 12:08:45.487  1085  1117 I DisplayManagerService: Display device changed state: "Built-in Screen", ON
09-13 12:08:45.586   884  1859 D TrackingService: Cancelling delayed transition to SLEEP
09-13 12:08:45.588   884  1859 D TrackingService: Received transition request to RUNNING current is SLEEP
09-13 12:08:45.588   884  1859 D TrackingService: Executing transition from SLEEP to STANDBY
09-13 12:08:45.588   884  1859 D TrackingService: Executing transition from STANDBY to RUNNING
09-13 12:08:45.588   884  1859 D TrackingService: Setting power state to RUNNING
09-13 12:08:45.589   884  1745 I TrackingService: [vision_manager_hmd] STANDBY -> RUNNING transition time: 0 ms
09-13 12:08:45.590   884  1746 I TrackingService: [           bolt] STANDBY -> RUNNING transition time: 0 ms
09-13 12:08:45.594  1085  1228 I ActivityManager: Collecting stacks for extra pid 18389
09-13 12:08:45.596   884  1748 I TrackingService: Setting initial exposure: 0.005000, initial gain: 3.000000
09-13 12:08:45.601   767  1067 I FrameSetDispatcher: [HEADSET] Client thread started
09-13 12:08:45.601   767  1067 I CameraClientManager: [HEADSET] Added client - started clients: 1
09-13 12:08:45.612  1085  1229 I WindowManager: Suppressed redundant power key press while already in the process of turning the screen on.
09-13 12:08:45.616  1085 14619 I DropBoxManagerService: add tag=system_server_wtf isTagEnabled=true flags=0x2
09-13 12:08:45.782   767 16568 I SyncBossFW: 5959942 [info   ] {BCAM}: OV7251 sensors found - 0xf
09-13 12:08:45.813   767 16568 I SyncBossFW: 5959968 [info   ] {APPI}: Camera probe, found: 0xf
09-13 12:08:45.820   767  1067 I HollywoodCameraProvider: [HollywoodCameraProvider] Set cameras to 10 bpp (format 0x00000025)
09-13 12:08:45.824   767 16571 I SyncBossHAL: [info   ] pulsar_manager.c(715): Setting controller LED config to period: 40000us, on-time: 34us
09-13 12:08:45.884   767 16568 I SyncBossFW: 5960037 [info   ] {APPI}: Starting camera streaming
09-13 12:08:45.884   767 16568 I SyncBossFW: 5960038 [info   ] {BCAM}: Camera streaming started
09-13 12:08:45.884   884  1748 I TrackingService: [            iot] STANDBY -> RUNNING transition time: 291 ms
09-13 12:08:45.891   767  1067 I FrameSetDispatcher: [CONTROLLER] Client thread started
09-13 12:08:45.891   767  1067 I CameraClientManager: [CONTROLLER] Added client - started clients: 1
09-13 12:08:45.892   884  1749 I TrackingService: ConstellationTrackingGlue: setEnableExtendedDeadreckoning to false
09-13 12:08:45.892   884  1749 I TrackingService: [  constellation] STANDBY -> RUNNING transition time: 7 ms
09-13 12:08:45.892   884  1750 I TrackingService: [           hand] STANDBY -> RUNNING transition time: 0 ms
09-13 12:08:45.895   767  1067 I FrameSetDispatcher: [HEADSET] Client thread started
09-13 12:08:45.895   767  1067 I CameraClientManager: [HEADSET] Added client - started clients: 2
09-13 12:08:45.895   884  1751 I TrackingService: [         object] STANDBY -> RUNNING transition time: 2 ms
09-13 12:08:45.895   884  1752 I TrackingService: [     controller] STANDBY -> RUNNING transition time: 0 ms
09-13 12:08:45.946   767 25373 W SensorService: FrameType HEADSET: New frameset capture timestamp exceeds tolerance bounds
09-13 12:08:45.964   767 25374 W SensorService: FrameType CONTROLLER: New frameset capture timestamp exceeds tolerance bounds
09-13 12:08:45.980   767 25361 E FrameSetDispatcher: [HEADSET] Client: Failed to read from receive FMQ for 1 packets in 5000ms.
09-13 12:08:45.980   767 25361 E FrameSetDispatcher: This probably means this client is taking more than 33 ms to process the frame.
09-13 12:08:45.980   767 25361 E FrameSetDispatcher: Retrying.
09-13 12:08:45.998   767 25381 E FrameSetDispatcher: [CONTROLLER] Client: Failed to read from receive FMQ for 1 packets in 5000ms.
09-13 12:08:45.998   767 25381 E FrameSetDispatcher: This probably means this client is taking more than 33 ms to process the frame.
09-13 12:08:45.998   767 25381 E FrameSetDispatcher: Retrying.
--------- beginning of main
09-13 12:08:46.283   884 16582 W [CT]    : CONSTELLATION: L: Lost position tracking, waiting for 6DoF reset: [#VisionUp=1, #RelUp=0, VelNorm=0.000, CurTimeDur=0.20s, DurThresh=0.2s]
09-13 12:08:46.283   884 25382 E [CT]    : CONSTELLATION: L: Update fusion state failed!
09-13 12:08:46.320   884 25382 I [CT]    : CONSTELLATION: L: Successfully reinitialized 6DoF filter. Keep Cov and Calib States = Y. Keep velocity state and covariance = N
09-13 12:08:46.325  1937 10086 W PipeUtils: RuntimeIPC: IsPipeValid: Pipe broken.
09-13 12:08:46.325  1937 10086 W ClientProcessConnector: GetProcessConnection: Re-establishing connection: com.facebook.spatial_persistence_service:com.facebook.spatial_persistence_service
09-13 12:08:46.353   884 25382 I [CT]    : CONSTELLATION:VISION_STATUS: 77447302badd74e9 (R): BlobDetection:[#BlobsDetected=(26.17, 20.55)]Matching:[MatchSuccess=0.969, MatchCost=(0.00228, 0.00003), #MatchedBlobs=(8.32, 8.82), #MatchedLeds=(5.08, 2.05), RematchM=0.000, SkipRefine=0.000] MatchMethod:[Prox=0.969, ConstBrute=0.000, UnconstBrute=0.000] MatchResets[AnomBlobSize=0.000, SharedMatch=0.000, DenseReacq=0.000] | Fusion:[FusionError=0.000, ImuFromCamMs=(19.718, 111.518), RematchF=0.118] FusionUpdates:[Successful=0.969, Reliable=0.943, TightFusion=0.900, FullPose=0.070, StaticPrior=0.000, StaticForHandTrans=0.000, PoseUpdateMD=(0.0799, 0.0086)] FusionResets[6DoFReset=0.031, ResetSuccess=0.000] FusionStatus[HasPosition=0.969, HasVelocity=1.000] 
09-13 12:08:46.354   884 25382 I [CT]    : CONSTELLATION:VISION_STATUS: f6621da20d92c40d (L): BlobDetection:[#BlobsDetected=(26.17, 20.55)]Matching:[MatchSuccess=0.978, MatchCost=(0.00154, 0.00000), #MatchedBlobs=(11.32, 8.29), #MatchedLeds=(6.35, 1.53), RematchM=0.009, SkipRefine=0.000] MatchMethod:[Prox=0.969, ConstBrute=0.009, UnconstBrute=0.000] MatchResets[AnomBlobSize=0.000, SharedMatch=0.000, DenseReacq=0.000] | Fusion:[FusionError=0.000, ImuFromCamMs=(20.134, 112.512), RematchF=0.052] FusionUpdates:[Successful=0.978, Reliable=0.956, TightFusion=0.965, FullPose=0.004, StaticPrior=0.000, StaticForHandTrans=0.000, PoseUpdateMD=(1.1739, 0.0000)] FusionResets[6DoFReset=0.013, ResetSuccess=0.009] FusionStatus[HasPosition=0.991, HasVelocity=0.991] 
09-13 12:08:46.400 18831 18831 W Anchor:SPS-JNI: type=1400 audit(0.0:166586): avc: granted { open } for path="/dev/ashmem" dev="tmpfs" ino=15097 scontext=u:r:untrusted_app_25:s0:c522,c768 tcontext=u:object_r:ashmem_device:s0 tclass=chr_file
09-13 12:08:46.400 18831 18831 W Anchor:SPS-JNI: type=1400 audit(0.0:166587): avc: granted { open } for path="/dev/ashmem" dev="tmpfs" ino=15097 scontext=u:r:untrusted_app_25:s0:c522,c768 tcontext=u:object_r:ashmem_device:s0 tclass=chr_file
09-13 12:08:46.402   824  2034 I RuntimeIPCService: RPC_BROKER_CREATE_PROCESS_CONNECTION: SUCCESS: Client: com.oculus.guardian:com.oculus.vrguardianservice:1937, Server: com.facebook.spatial_persistence_service:com.facebook.spatial_persistence_service:18831, SetBrokerHandlerCalled: 1
09-13 12:08:46.405  1937 10086 I ClientProcessConnector: GetProcessConnection: com.facebook.spatial_persistence_service:com.facebook.spatial_persistence_service
09-13 12:08:46.406 18831 25396 I IPCSharedMemory: CreateSharedMemory: Allocated shared memory fd 45 (ipcStateReadWrite)
09-13 12:08:46.408 18831 25396 I IPCSharedMemory: CreateSharedMemory: Allocated shared memory fd 46 (ipcReadOnlyState)
09-13 12:08:46.410 18831 25396 I ServerProcessConnector: HandleClientConnect: Client: com.oculus.guardian:com.oculus.vrguardianservice:1937, Server: com.facebook.spatial_persistence_service:com.facebook.spatial_persistence_service:18831 (anchor_persistence_server_10)
09-13 12:08:46.413  1937 10086 I RuntimeIPCClientMgr: TryToGetIPCResourcesFromServer: RPC_CONNECTOR_CONNECT_TO_SERVER SUCCESS: Client: com.oculus.guardian:com.oculus.vrguardianservice:1937, Server: com.facebook.spatial_persistence_service:com.facebook.spatial_persistence_service (anchor_persistence_server_10)
09-13 12:08:46.413  1937 10086 I RuntimeIPCClientMgr: EnsureServerConnection: SUCCESS. Client: com.oculus.guardian:com.oculus.vrguardianservice:1937, Server: com.facebook.spatial_persistence_service:com.facebook.spatial_persistence_service (anchor_persistence_server_10)
09-13 12:08:46.413  1937 10086 I RuntimeIPCClientMgr: ConnectToServer: SUCCESS: Client: com.oculus.guardian:com.oculus.vrguardianservice:1937, Server: com.facebook.spatial_persistence_service:com.facebook.spatial_persistence_service (anchor_persistence_server_10)
09-13 12:08:46.437  1085  1097 I chatty  : uid=1000(system) HeapTaskDaemon expire 1 line
09-13 12:08:46.461  1085  1117 W WindowManager: Timeout waiting for drawn: undrawn=[Window{393ff3d u10 com.yonaHarel.VRPolice/com.epicgames.ue4.GameActivity}, Window{652d1cc u10 com.yonaHarel.VRPolice/com.epicgames.ue4.GameActivity}]
09-13 12:08:46.466  1085  1132 I DisplayPowerController: Unblocked screen on after 1054 ms
09-13 12:08:46.468  1085  1132 W PowerManagerService: Screen on took 1059 ms
09-13 12:08:46.523   884 16582 W [CT]    : CONSTELLATION: L: Lost position tracking, waiting for 6DoF reset: [#VisionUp=2, #RelUp=0, VelNorm=0.000, CurTimeDur=0.20s, DurThresh=0.2s]
09-13 12:08:46.571   884 16582 W [CT]    : CONSTELLATION: L: Lost velocity tracking, waiting for 6DoF reset. [#VisionUp=2, #RelUp=0, VelNorm=0.000, CurTimeDur=0.25s, DurThresh=0.2s]
09-13 12:08:46.628   883   883 I /system/bin/tombstoned: received crash request for pid 18389
09-13 12:08:46.628   883   883 I /system/bin/tombstoned: found intercept fd 512 for pid 18389 and type kDebuggerdJavaBacktrace
09-13 12:08:46.628 18389 18400 I .oculus.horizo: Wrote stack traces to tombstoned
09-13 12:08:46.637   884 25382 I [CT]    : CONSTELLATION: L: Successfully reinitialized 6DoF filter. Keep Cov and Calib States = Y. Keep velocity state and covariance = N
09-13 12:08:46.649  1085  1228 I ActivityManager: Collecting stacks for extra pid 20502
09-13 12:08:46.652 20502 20513 I oculus.shellen: Thread[3,tid=20513,WaitingInMainSignalCatcherLoop,Thread*=0x719b2f5400,peer=0x12c800b0,"Signal Catcher"]: reacting to signal 3
09-13 12:08:46.652 20502 20513 I oculus.shellen: 
09-13 12:08:46.655   883   883 I /system/bin/tombstoned: registered intercept for pid 20502 and type kDebuggerdJavaBacktrace
09-13 12:08:46.663 18831 25394 D RuntimeIPCServerMgr: RegisterClient: Client: com.oculus.guardian:com.oculus.vrguardianservice:1937, Server: com.facebook.spatial_persistence_service:com.facebook.spatial_persistence_service (anchor_persistence_server_10)
09-13 12:08:46.679  1085 12133 I chatty  : uid=1000(system) Binder:1085_17 expire 1 line
09-13 12:08:46.690  1085  1283 I chatty  : uid=1000(system) WifiScanningSer expire 1 line
09-13 12:08:46.702 18831 25400 W System.err: java.lang.ClassNotFoundException: com.oculus.packageintegrityclient.PackageIntegrityClient
09-13 12:08:46.745 18831 25400 W System.err: java.lang.ClassNotFoundException: com.oculus.packageintegrityclient.PackageIntegrityClient
09-13 12:08:46.756 18831 25400 W System.err: java.lang.ClassNotFoundException: com.oculus.packageintegrityclient.PackageIntegrityClient
09-13 12:08:46.760 18831 25400 W System.err: java.lang.ClassNotFoundException: com.oculus.packageintegrityclient.PackageIntegrityClient
09-13 12:08:46.773 18831 25400 I [CT]    : AnchorPersistenceIpcRuntimeServer: onClientConnected: clientId: 4010209736, package: com.oculus.guardian, trustedStatus: 2
09-13 12:08:46.773 18831 25400 I [CT]    : AnchorPersistenceIpcRuntimeServer: checkRPC start: clientId:4010209736 givenPackageName:com.oculus.guardian
09-13 12:08:46.773 18831 25400 I [CT]    : AnchorPersistenceIpcRuntimeServer: checkRPC package name matches: clientId:4010209736 givenPackageName:com.oculus.guardian detectedPackageName:com.oculus.guardian clientIdTrustedStatus_.count:1
09-13 12:08:46.779   884   884 D TrackingService: TrackingEnvironment::getSharedMemory()
09-13 12:08:46.779   884   884 D TrackingService: TrackingEnvironment::getSharedMemory()
09-13 12:08:46.781  1937  2611 I TREX    : Spatial Persistence event: QuerySpacesFound
09-13 12:08:46.781  1937  2611 I TREX    : Spatial Persistence event: QuerySpacesFinish
09-13 12:08:46.782  1937  2611 W [CT]    : SpatialAnchorPipeline: Ignoring untracked space found result. request: 6068, uuid: ae24f83e-2c77-b971-90a4-5d36745c1835
09-13 12:08:46.782  1937  2611 W [CT]    : SpatialAnchorPipeline: Ignoring untracked query finish result: 6068
09-13 12:08:46.816  1937  2611 I TREX    : Spatial Persistence event: LocalizeSpace
09-13 12:08:47.193 18081 19147 I [OAO] ShellOverlayApp: Sleep timeout exceeded. Timeout:157523.992368, Now:157523.992374. Sleeping... 
09-13 12:08:47.193 18081 19147 I [OAO] ShellOverlayApp: WaitForWake: VrThread entering waiting state
09-13 12:08:47.195 24949 25354 V UE4     : [NetworkChangedManager] Connectivity hasn't changed. Current state: CONNECTION_AVAILABLE
09-13 12:08:47.195 24949 25354 V UE4     : [NetworkChangedManager] Full network check complete. State: CONNECTION_AVAILABLE
09-13 12:08:47.406  1937  2611 W OsSdk   : Requested historical tracking state too far in the past; oldest: 157523.924721s, requested: 157518.903363s
09-13 12:08:47.406  1937  2611 W OsSdk   : Requested historical tracking state too far in the past; oldest: 157523.924721s, requested: 157518.903363s
09-13 12:08:47.565  1937  2611 I GuardianSystem: ForceShowGuardian: false, 3.00
09-13 12:08:47.565  1937  2611 I GuardianSystem: ForceShowGuardian: Soft fade out: 1.00
09-13 12:08:47.565  1937  2611 I GuardianSystem: Stop pushing black after mount. Show Guardian.
09-13 12:08:47.565  1937  2611 I GuardianSystem: Stop showing dots after not pushing black.
09-13 12:08:47.566  1937  2611 I GuardianSystem: UpdateGuardianSystemState: Flags2 changed: 48, 0
09-13 12:08:47.674   779   779 I chatty  : uid=1041(audioserver) /system/bin/audioserver expire 3 lines
09-13 12:08:48.104   884 25382 I [CT]    : CONSTELLATION: R: Not reinitializing 6DoF filter yet (no valid pose from matching).
09-13 12:08:48.117   883   883 I /system/bin/tombstoned: received crash request for pid 20502
09-13 12:08:48.117   883   883 I /system/bin/tombstoned: found intercept fd 512 for pid 20502 and type kDebuggerdJavaBacktrace
09-13 12:08:48.117 20502 20513 I oculus.shellen: Wrote stack traces to tombstoned
09-13 12:08:48.122  1085  1228 I ActivityManager: Done dumping
09-13 12:08:48.202  1085  1228 E ActivityManager: ANR in com.yonaHarel.VRPolice (com.yonaHarel.VRPolice/com.epicgames.ue4.GameActivity)
09-13 12:08:48.202  1085  1228 E ActivityManager: PID: 24949
09-13 12:08:48.202  1085  1228 E ActivityManager: Reason: Input dispatching timed out (Waiting to send key event because the focused window has not finished processing all of the input events that were previously delivered to it.  Outbound queue length: 0.  Wait queue length: 1.)
09-13 12:08:48.202  1085  1228 E ActivityManager: Parent: com.yonaHarel.VRPolice/com.epicgames.ue4.GameActivity
09-13 12:08:48.202  1085  1228 E ActivityManager: Load: 7.59 / 9.33 / 9.36
09-13 12:08:48.202  1085  1228 E ActivityManager: CPU usage from 0ms to 10937ms later (2021-09-13 12:08:37.185 to 2021-09-13 12:08:48.122):
09-13 12:08:48.202  1085  1228 E ActivityManager:   99% 884/trackingservice: 90% user + 8.6% kernel / faults: 95198 minor
09-13 12:08:48.202  1085  1228 E ActivityManager:   21% 1085/system_server: 12% user + 9.3% kernel / faults: 6415 minor
09-13 12:08:48.202  1085  1228 E ActivityManager:   17% 767/vendor.oculus.hardware.sensors@1.0-service: 5.5% user + 12% kernel / faults: 312 minor
09-13 12:08:48.202  1085  1228 E ActivityManager:   0% 845/media.codec: 0% user + 0% kernel / faults: 32949 minor
09-13 12:08:48.202  1085  1228 E ActivityManager:   15% 1937/com.oculus.vrguardianservice: 9.9% user + 5.1% kernel / faults: 3302 minor 1 major
09-13 12:08:48.202  1085  1228 E ActivityManager:   11% 20502/com.oculus.shellenv: 7.3% user + 3.8% kernel / faults: 6857 minor
09-13 12:08:48.202  1085  1228 E ActivityManager:   9.3% 18081/com.oculus.vrshell:Overlay: 5.7% user + 3.5% kernel / faults: 364 minor
09-13 12:08:48.202  1085  1228 E ActivityManager:   9.1% 2237/com.oculus.vrruntimeservice: 6.5% user + 2.5% kernel / faults: 2114 minor
09-13 12:08:48.202  1085  1228 E ActivityManager:   8.8% 18707/com.oculus.vrshell:Overlay: 5.8% user + 3% kernel / faults: 79 minor
09-13 12:08:48.202  1085  1228 E ActivityManager:   7.6% 18389/com.oculus.horizon: 5.9% user + 1.7% kernel / faults: 2571 minor
09-13 12:08:48.202  1085  1228 E ActivityManager:   7.3% 262/kgsl_worker_thr: 0% user + 7.3% kernel
09-13 12:08:48.202  1085  1228 E ActivityManager:   4.6% 16567/syncboss:spi_th: 0% user + 4.6% kernel
09-13 12:08:48.202  1085  1228 E ActivityManager:   4.3% 1716/com.oculus.mrservice: 2.6% user + 1.7% kernel / faults: 1276 minor
09-13 12:08:48.202  1085  1228 E ActivityManager:   2.9% 779/audioserver: 2.2% user + 0.6% kernel / faults: 376 minor
09-13 12:08:48.202  1085  1228 E ActivityManager:   2.2% 866/media.swcodec: 1.2% user + 1% kernel / faults: 6116 minor 1 major
09-13 12:08:48.202  1085  1228 E ActivityManager:   2.1% 748/android.hardware.audio@2.0-service: 0.3% user + 1.8% kernel
09-13 12:08:48.202  1085  1228 E ActivityManager:   2% 764/android.hardware.usb@1.1-service.ovr: 2% user + 0% kernel / faults: 1986 minor
09-13 12:08:48.202  1085  1228 E ActivityManager:   1.8% 782/surfaceflinger: 0.6% user + 1.1% kernel / faults: 545 minor
09-13 12:08:48.202  1085  1228 E ActivityManager:   1.6% 1653/com.oculus.unifiedtelemetry: 1.3% user + 0.2% kernel / faults: 1287 minor
09-13 12:08:48.202  1085  1228 E ActivityManager:   1.4% 536/logd: 1.3% user + 0% kernel / faults: 2 minor
09-13 12:08:48.202  1085  1228 E ActivityManager:   1.3% 521/ueventd: 1.1% user + 0.1% kernel / faults: 203 minor
09-13 12:08:48.202  1085  1228 E ActivityManager:   1.3% 769/vendor.qti.hardware.display.composer-service: 0% user + 1.2% kernel / faults: 162 minor
09-13 12:08:48.202  1085  1228 E ActivityManager:   1.3% 22620/kworker/u16:16-kgsl-events: 0% user + 1.3% kernel / faults: 38 minor
09-13 12:08:48.202  1085  1228 E ActivityManager:   1.1% 836/media.extractor: 0.5% user + 0.6% kernel / faults: 3270 minor 1 major
09-13 12:08:48.202  1085  1228 E ActivityManager:   1% 837/mediaserver: 0.5% user + 0.5% kernel / faults: 372 minor
09-13 12:08:48.202  1085  1228 E ActivityManager:   1% 590/vendor.oculus.hardware.sensors@1.0-iad: 0.2% user + 0.7% kernel / faults: 2 minor
09-13 12:08:48.202  1085  1228 E ActivityManager:   0.9% 24949/com.yonaHarel.VRPolice: 0.1% user + 0.7% kernel / faults: 417 minor
09-13 12:08:48.202  1085  1228 E ActivityManager:   0.8% 925/adbd: 0% user + 0.7% kernel / faults: 731 minor
09-13 12:08:48.202  1085  1228 E ActivityManager:   0.6% 763/android.hardware.thermal@2.0-service.ovr: 0.1% user + 0.4% kernel / faults: 69 minor
09-13 12:08:48.202  1085  1228 E ActivityManager:   0.6% 1695/com.oculus.companion.server: 0.4% user + 0.1% kernel / faults: 789 minor
09-13 12:08:48.202  1085  1228 E ActivityManager:   0.5% 1664/com.oculus.micservice_notificationproxy: 0.5% user + 0% kernel / faults: 709 minor
09-13 12:08:48.202  1085  1228 E ActivityManager:   0.4% 18/kernfs_notifier: 0% user + 0.4% kernel
09-13 12:08:48.202  1085  1228 E ActivityManager:   0% 92/kcompactd0: 0% user + 0% kernel
09-13 12:08:48.202  1085  1228 E ActivityManager:   0.4% 380/crtc_commit:180: 0% user + 0.4% kernel
09-13 12:08:48.202  1085  1228 E ActivityManager:   0.4% 781/lmkd: 0% user + 0.4% kernel
09-13 12:08:48.202  1085  1228 E ActivityManager:   0% 1534/com.oculus.os.vrlockscreen: 0% user + 0% kernel / faults: 725 minor
09-13 12:08:48.202  1085  1228 E ActivityManager:   0.4% 1597/com.oculus.systemdriver: 0.2% user + 0.1% kernel / faults: 827 minor
09-13 12:08:48.202  1085  1228 E ActivityManager:   0.4% 1630/com.oculus.qalabresetservice: 0.3% user + 0% kernel / faults: 792 minor
09-13 12:08:48.202  1085  1228 E ActivityManager:   0.3% 10/ksoftirqd/0: 0% user + 0.3% kernel
09-13 12:08:48.202  1085  1228 E ActivityManager:   0.3% 444/irq/58-thr-int-: 0% user + 0.3% kernel
09-13 12:08:48.202  1085  1228 E ActivityManager:   0.3% 841/statsd: 0.3% user + 0% kernel / faults: 486 minor
09-13 12:08:48.202  1085  1228 E ActivityManager:   0.3% 19551/com.android.bluetooth: 0% user + 0.2% kernel / faults: 279 minor
09-13 12:08:48.202  1085  1228 E ActivityManager:   0.3% 20641/com.oculus.vrshell: 0.3% user + 0% kernel / faults: 266 minor
09-13 12:08:48.202  1085  1228 E ActivityManager:   0.3% 22834/kworker/u17:0-hal_register_write_wq: 0% user + 0.3% kernel
09-13 12:08:48.202  1085  1228 E ActivityManager:   0.3% 27453/com.oculus.shellenv: 0% user + 0.3% kernel / faults: 1 minor
09-13 12:08:48.202  1085  1228 E ActivityManager:   0% 154/kswapd0: 0% user + 0% kernel
09-13 12:08:48.202  1085  1228 E ActivityManager:   0.2% 758/android.hardware.health@2.0-service.hollywood: 0% user + 0.2% kernel / faults: 10 minor
09-13 12:08:48.202  1085  1228 E ActivityManager:   0.2% 846/hvdcp_opti: 0% user + 0.2% kernel / faults: 31 minor
09-13 12:08:48.202  1085  1228 E ActivityManager:   0.2% 2562/com.oculus.systemux:SystemUX: 0% user + 0.1% kernel 
09-13 12:08:48.220  1085 25403 I DropBoxManagerService: add tag=data_app_anr isTagEnabled=true flags=0x2
09-13 12:08:48.279 28183 28403 W PublicLibraryProvider: Cannot find entitlement for android
09-13 12:08:48.281  1085 25404 I chatty  : uid=1000 system_server expire 1 line
09-13 12:08:48.282   824   824 I RuntimeIPCService: CreateBrokerConnection: 1085:android.uid.system:1000:system_server
09-13 12:08:48.282   824   824 D ThreadHelpers: RuntimeIPC: ThreadBase: Shutdown
09-13 12:08:48.294  1085  1115 W ContextImpl: Calling a method in the system process without a qualified user: android.app.ContextImpl.startService:1582 android.content.ContextWrapper.startService:669 android.content.ContextWrapper.startService:669 oculus.internal.ui.VrBase.nativeOnCreate:-2 oculus.internal.ui.VrBase.recreateInternal:290 
09-13 12:08:48.297  2237  2237 I chatty  : uid=10025(com.oculus.systemdriver) com.oculus.vrruntimeservice expire 1 line
09-13 12:08:48.298  2237 26544 I chatty  : uid=10025(com.oculus.systemdriver) com.oculus.vrruntimeservice expire 3 lines
09-13 12:08:48.301  2237 25371 I chatty  : uid=10025(com.oculus.systemdriver) OVR::TimeWarp expire 11 lines
09-13 12:08:48.345 18389 25209 I libjingle: [4585:212] [25209] (webrtcvoiceengine.cc:624): WebRtcVoiceEngine::Terminate
09-13 12:08:48.345 18389 25209 I libjingle: [4585:212] [25209] (AudioRecordWrapper.cpp:42): Calling AudioRecord::Stop()
09-13 12:08:48.345 18389 25209 I OVRPlatform: [SharedMicrophoneAudioRecord] SharedMicrophoneAudioRecord::Stop
09-13 12:08:48.345 18389 25209 D AudioTrackJni: Terminate@[tid=25209]
09-13 12:08:48.345 18389 25209 D AudioTrackJni: StopPlayout@[tid=25209]
09-13 12:08:48.345 18389 25209 D AudioManager: Close@[tid=25209]
