09-13 12:08:54.883 21134 21186 I RCTVR_HERMES: [info]: Writing available data for docid=4031519903637736 to cache
09-13 12:08:54.886 19693 19693 I AndroidPanelApp: measureLayerView adjusting initial height from 1250 to 1250 due to resize behavior.
09-13 12:08:54.886 19693 19693 I AndroidPanelApp: measureLayerView with initial width 250, initial height 1250, resize behavior WRAP_CONTENT_HEIGHT.
09-13 12:08:54.886 19693 19693 I AndroidPanelApp: Measured width 250 and height 190.
09-13 12:08:54.886 19693 19693 I AndroidPanelLayer: Setting size of layer "hand1" to have width 250 and height 190
09-13 12:08:54.886 19693 19693 I AndroidPanelLayer: Destroying presentation for layer "hand1".
09-13 12:08:54.891  1085 13103 I DisplayManagerService: Display device removed: DisplayDeviceInfo{"com.oculus.android_panel_app.AndroidPanelLayer-hand1": uniqueId="virtual:com.oculus.systemux,1010026,com.oculus.android_panel_app.AndroidPanelLayer-hand1,0", 250 x 1250, modeId 1018, defaultModeId 1018, supportedModes [{id=1018, width=250, height=1250, fps=60.0}], colorMode 0, supportedColorModes [0], HdrCapabilities null, density 200, 200.0 x 200.0 dpi, appVsyncOff 0, presDeadline 16666666, touch NONE, rotation 0, type VIRTUAL, state OFF, owner com.oculus.systemux (uid 1010026), FLAG_PRIVATE, FLAG_NEVER_BLANK, FLAG_OWN_CONTENT_ONLY}
09-13 12:08:54.892 19693 19693 I AndroidPanelLayer: Creating presentation for layer "hand1" with width 250 and height 190
09-13 12:08:54.906  1085  1447 I DisplayManagerService: Display device added: DisplayDeviceInfo{"com.oculus.android_panel_app.AndroidPanelLayer-hand1": uniqueId="virtual:com.oculus.systemux,1010026,com.oculus.android_panel_app.AndroidPanelLayer-hand1,0", 250 x 190, modeId 1019, defaultModeId 1019, supportedModes [{id=1019, width=250, height=190, fps=60.0}], colorMode 0, supportedColorModes [0], HdrCapabilities null, density 200, 200.0 x 200.0 dpi, appVsyncOff 0, presDeadline 16666666, touch NONE, rotation 0, type VIRTUAL, state OFF, owner com.oculus.systemux (uid 1010026), FLAG_PRIVATE, FLAG_NEVER_BLANK, FLAG_OWN_CONTENT_ONLY}
09-13 12:08:54.924 19693 19693 I AndroidPanelApp: layerTransform: Showing panel layer "hand1" in VrShell with width 250, height 190, position( 0.000000 , 0.000000 ), rotation (0.000000 , 0.000000 , 0.000000 )  hit-testable true, shape 1, and system-positioned true. Density: 4680.000000. Supersampled: false 
09-13 12:08:54.924 19693 19693 I [SUI] AnytimeUIAndroidPanelApp: handleGenericMessage updateHandDialog hand2
09-13 12:08:54.924 19693 19693 I [SUI] AnytimeUIAndroidPanelApp: handleUpdateHandDialog: [hand2]
09-13 12:08:54.924 19693 19693 I AndroidPanelApp: ensurePanelLayer(layer: hand2, width: 200, height: 200, resize: WRAP_CONTENT_HEIGHT, view creator: hand2)
09-13 12:08:54.924 19693 19693 I AndroidPanelApp: ensurePanelLayer(layer: hand2, width: 200, height: 200, resize behavior: WRAP_CONTENT_HEIGHT)
09-13 12:08:54.925 19693 19693 I AndroidPanelLayer: Setting spec for layer "hand2"
09-13 12:08:54.925 19693 19693 I AndroidPanelLayer: Setting size of layer "hand2" to have width 250 and height 1250
09-13 12:08:54.925 19693 19693 I AndroidPanelLayer: Destroying presentation for layer "hand2".
09-13 12:08:54.925 19693 19693 I AndroidPanelLayer: Creating presentation for layer "hand2" with width 250 and height 1250
09-13 12:08:54.927  1085  1447 I DisplayManagerService: Display device added: DisplayDeviceInfo{"com.oculus.android_panel_app.AndroidPanelLayer-hand2": uniqueId="virtual:com.oculus.systemux,1010026,com.oculus.android_panel_app.AndroidPanelLayer-hand2,0", 250 x 1250, modeId 1020, defaultModeId 1020, supportedModes [{id=1020, width=250, height=1250, fps=60.0}], colorMode 0, supportedColorModes [0], HdrCapabilities null, density 200, 200.0 x 200.0 dpi, appVsyncOff 0, presDeadline 16666666, touch NONE, rotation 0, type VIRTUAL, state OFF, owner com.oculus.systemux (uid 1010026), FLAG_PRIVATE, FLAG_NEVER_BLANK, FLAG_OWN_CONTENT_ONLY}
09-13 12:08:54.938 19693 19693 I AndroidPanelApp: measureLayerView adjusting initial height from 1250 to 1250 due to resize behavior.
09-13 12:08:54.938 19693 19693 I AndroidPanelApp: measureLayerView with initial width 250, initial height 1250, resize behavior WRAP_CONTENT_HEIGHT.
09-13 12:08:54.938 19693 19693 I AndroidPanelApp: Measured width 250 and height 190.
09-13 12:08:54.938 19693 19693 I AndroidPanelLayer: Setting size of layer "hand2" to have width 250 and height 190
09-13 12:08:54.938 19693 19693 I AndroidPanelLayer: Destroying presentation for layer "hand2".
09-13 12:08:54.950  2562  2562 D [SUI] SocialViewModel: loadProfilePhotoUrl() - Fetched social viewer info, latency: 855ms
09-13 12:08:54.950  2562  2562 D [SUI] SocialViewModel: updateSocialViewerForObservers(): 
09-13 12:08:54.952  1085 13104 I DisplayManagerService: Display device removed: DisplayDeviceInfo{"com.oculus.android_panel_app.AndroidPanelLayer-hand2": uniqueId="virtual:com.oculus.systemux,1010026,com.oculus.android_panel_app.AndroidPanelLayer-hand2,0", 250 x 1250, modeId 1020, defaultModeId 1020, supportedModes [{id=1020, width=250, height=1250, fps=60.0}], colorMode 0, supportedColorModes [0], HdrCapabilities null, density 200, 200.0 x 200.0 dpi, appVsyncOff 0, presDeadline 16666666, touch NONE, rotation 0, type VIRTUAL, state OFF, owner com.oculus.systemux (uid 1010026), FLAG_PRIVATE, FLAG_NEVER_BLANK, FLAG_OWN_CONTENT_ONLY}
09-13 12:08:54.959 19693 19693 I AndroidPanelLayer: Creating presentation for layer "hand2" with width 250 and height 190
09-13 12:08:54.962  1085  1447 I DisplayManagerService: Display device added: DisplayDeviceInfo{"com.oculus.android_panel_app.AndroidPanelLayer-hand2": uniqueId="virtual:com.oculus.systemux,1010026,com.oculus.android_panel_app.AndroidPanelLayer-hand2,0", 250 x 190, modeId 1021, defaultModeId 1021, supportedModes [{id=1021, width=250, height=190, fps=60.0}], colorMode 0, supportedColorModes [0], HdrCapabilities null, density 200, 200.0 x 200.0 dpi, appVsyncOff 0, presDeadline 16666666, touch NONE, rotation 0, type VIRTUAL, state OFF, owner com.oculus.systemux (uid 1010026), FLAG_PRIVATE, FLAG_NEVER_BLANK, FLAG_OWN_CONTENT_ONLY}
09-13 12:08:54.975  1085  1115 W Looper  : Slow dispatch took 195ms android.ui h=android.hardware.display.DisplayManagerGlobal$DisplayListenerDelegate c=null m=1
09-13 12:08:54.976  1085  1115 W Looper  : Slow delivery took 214ms android.ui h=com.android.server.wm.DisplayPolicy$PolicyHandler c=com.android.server.wm.-$$Lambda$SystemGesturesPointerEventListener$9Iw39fjTtjXO5kacgrpdxfxjuSY@783475b m=0
09-13 12:08:54.989 19693 19693 I AndroidPanelApp: layerTransform: Showing panel layer "hand2" in VrShell with width 250, height 190, position( 0.000000 , 0.000000 ), rotation (0.000000 , 0.000000 , 0.000000 )  hit-testable true, shape 1, and system-positioned true. Density: 4680.000000. Supersampled: false 
09-13 12:08:54.989 19693 19693 I [SUI] AnytimeUIAndroidPanelApp: handleGenericMessage updateGuardianConfigValue 22 1.000000
09-13 12:08:54.990 19693 19693 D [SUI] SocialViewModel: refreshLowPriData()
09-13 12:08:54.990 19693 19693 D [SUI] SocialViewModel: loadProfilePhotoUrl()
09-13 12:08:54.990 19693 19693 D [SUI] SocialViewModel: refresPartyData()
09-13 12:08:54.990 19693 19693 I AndroidPanelApp: Processing pending show layer info for layer #main with width 800 and height 110.
09-13 12:08:54.990 19693 19693 I AndroidPanelApp: layerSupersample no changes
09-13 12:08:54.990 19693 19693 I AndroidPanelApp: Processing pending show layer info for layer tablet with width 1000 and height 625.
09-13 12:08:54.990 19693 19693 I AndroidPanelApp: layerSupersample no changes
09-13 12:08:54.990 19693 19693 I AndroidPanelApp: Processing pending show layer info for layer hand1 with width 250 and height 190.
09-13 12:08:54.990 19693 19693 I AndroidPanelApp: layerSupersample no changes
09-13 12:08:54.990 19693 19693 I AndroidPanelApp: Processing pending show layer info for layer hand2 with width 250 and height 190.
09-13 12:08:54.990 19693 19693 I AndroidPanelApp: layerSupersample no changes
09-13 12:08:54.997 19693 19693 D [SUI] NotificationBroadcastReceiver: action: com.oculus.intent.action.NOTIF_CHANGE
09-13 12:08:54.997 19693 19693 I NotificationManagerSourceHandler: Dataset has changed
09-13 12:08:54.999 19693 19693 D CppPanelService: PanelService()
09-13 12:08:54.999 19693 19693 D CppPanelService: onBind()
09-13 12:08:55.032 18795 18814 I com.oculus.ocm: Background young concurrent copying GC freed 3195(430KB) AllocSpace objects, 0(0B) LOS objects, 8% free, 2855KB/3122KB, paused 258us total 244.808ms
09-13 12:08:55.059   767 16572 W SensorService: Unknown packet type (20) received
09-13 12:08:55.062   884 16582 I [CT]    : CONSTELLATION:IMU_STATUS: 77447302badd74e9 (R): [FusionTracked=0.569, OutputTracked=0.564, OutputValid=1.000] [AccelSat=0.000, GyroSat=0.000] 
09-13 12:08:55.094  1085  1115 W InputReader: Device has associated, but no associated display id.
09-13 12:08:55.116  1085  1115 W Looper  : Slow dispatch took 140ms android.ui h=android.hardware.display.DisplayManagerGlobal$DisplayListenerDelegate c=null m=1
09-13 12:08:55.120  1085  1117 W InputReader: Device has associated, but no associated display id.
09-13 12:08:55.120  1085  1117 I ActivityTaskManager: Override config changes=20005df8 {0.0 ?mcc?mnc ?localeList ?layoutDir sw500dp w800dp h500dp 200dpi lrg land ?uimode ?night -touch qwerty/v/v -nav/h winConfig={ mBounds=Rect(0, 0 - 1000, 625) mAppBounds=Rect(0, 0 - 1000, 625) mWindowingMode=fullscreen mDisplayWindowingMode=fullscreen mActivityType=undefined mAlwaysOnTop=undefined mRotation=ROTATION_0}} for displayId=1012
09-13 12:08:55.134 19693 19693 I Choreographer: Skipped 205 frames!  The application may be doing too much work on its main thread.
09-13 12:08:55.134 19693 19693 D [SUI] PartiesCallBarViewModel: microphone controls GK value: false
09-13 12:08:55.134 19693 19693 D [SUI] MessengerCallViewModel: OCULUS_VR_MESSENGER_CALLING_CLIENT_SIDE_GATE GK value: false
09-13 12:08:55.138   884  1859 D RemoteService: RemoteService - Registering status callback
09-13 12:08:55.139 19693 19693 D BinderClient: Connected to OVRRemoteService
09-13 12:08:55.140   779 26555 D AF::RecordHandle: OpRecordAudio: track:354 uid:1010030 pkg:com.oculus.horizon usage:0 not muted
09-13 12:08:55.150 19693 19693 D [SUI] SocialViewModel: loadProfilePhotoUrl() - Fetched social viewer info, latency: 1187ms
09-13 12:08:55.150 19693 19693 D [SUI] SocialViewModel: updateSocialViewerForObservers(): 
09-13 12:08:55.152 19693 19693 D CppPanelService: onDestroy()
09-13 12:08:55.152 19693 19693 D [SUI] PartiesCallBarViewModel: microphone controls GK value: false
09-13 12:08:55.152 19693 19693 D [SUI] MessengerCallViewModel: OCULUS_VR_MESSENGER_CALLING_CLIENT_SIDE_GATE GK value: false
09-13 12:08:55.185 19693 19693 D [SUI] SocialViewModel: Fetched party: null 
09-13 12:08:55.185 19693 19693 D [SUI] SocialViewModel: setParty() - no change
09-13 12:08:55.185 19693 19693 D [SUI] NotificationBroadcastReceiver: action: com.oculus.intent.action.NOTIF_CHANGE
09-13 12:08:55.185 19693 19693 I NotificationManagerSourceHandler: Dataset has changed
09-13 12:08:55.203 19693 19766 D [SUI] AnytimeUIPanelAppBase: Finished Initializing Oculus User Manager
09-13 12:08:55.303  1085  1115 W InputReader: Device has associated, but no associated display id.
09-13 12:08:55.379  1085  1115 W Looper  : Slow dispatch took 186ms android.ui h=android.hardware.display.DisplayManagerGlobal$DisplayListenerDelegate c=null m=1
09-13 12:08:55.382  1653 25610 W ContextImpl: Calling a method in the system process without a qualified user: android.app.ContextImpl.sendBroadcast:1057 android.content.ContextWrapper.sendBroadcast:448 X.tf.A00:58217 X.uD.A00:17 X.uD.handleMessage:91 
09-13 12:08:55.384  1085  1117 W InputReader: Device has associated, but no associated display id.
09-13 12:08:55.384  1085  1117 I ActivityTaskManager: Override config changes=20005df8 {0.0 ?mcc?mnc ?localeList ?layoutDir sw152dp w200dp h152dp 200dpi smll land ?uimode ?night -touch qwerty/v/v -nav/h winConfig={ mBounds=Rect(0, 0 - 250, 190) mAppBounds=Rect(0, 0 - 250, 190) mWindowingMode=fullscreen mDisplayWindowingMode=fullscreen mActivityType=undefined mAlwaysOnTop=undefined mRotation=ROTATION_0}} for displayId=1014
09-13 12:08:55.394  2562  2562 D [SUI] NotificationBroadcastReceiver: action: com.oculus.intent.action.NOTIF_CHANGE
09-13 12:08:55.394  2562  2562 I NotificationManagerSourceHandler: Dataset has changed
09-13 12:08:55.417  2562  2562 D NativeNotification: oculus_notification_category is missing. Defaulting to device category
09-13 12:08:55.417  2562  2562 I chatty  : uid=10026 com.oculus.systemux:SystemUX identical 8 lines
09-13 12:08:55.418  2562  2562 D NativeNotification: oculus_notification_category is missing. Defaulting to device category
09-13 12:08:55.418  2562  2562 I NotificationManagerSourceHandler: Dataset has changed
09-13 12:08:55.433  2562  2562 D NativeNotification: oculus_notification_category is missing. Defaulting to device category
09-13 12:08:55.433  2562  2562 D NativeNotification: oculus_notification_category is missing. Defaulting to device category
09-13 12:08:55.433 18707 19532 I [OAO] ShellOverlayApp: Sleep timeout exceeded. Timeout:157532.231443, Now:157532.232135. Sleeping... 
09-13 12:08:55.433 18707 19532 I [OAO] ShellOverlayApp: WaitForWake: VrThread entering waiting state
09-13 12:08:55.433  2562  2562 D NativeNotification: oculus_notification_category is missing. Defaulting to device category
09-13 12:08:55.434  2562  2562 I chatty  : uid=10026 com.oculus.systemux:SystemUX identical 6 lines
09-13 12:08:55.434  2562  2562 D NativeNotification: oculus_notification_category is missing. Defaulting to device category
09-13 12:08:55.434  2562  2562 I NotificationManagerSourceHandler: Dataset has changed
09-13 12:08:55.440 19693 19693 D [SUI] SocialViewModel: loadProfilePhotoUrl() - Fetched social viewer info, latency: 450ms
09-13 12:08:55.440 19693 19693 D [SUI] SocialViewModel: updateSocialViewerForObservers(): 
09-13 12:08:55.455  2562  2562 D NativeNotification: oculus_notification_category is missing. Defaulting to device category
09-13 12:08:55.455  2562  2562 I chatty  : uid=10026 com.oculus.systemux:SystemUX identical 8 lines
09-13 12:08:55.455  2562  2562 D NativeNotification: oculus_notification_category is missing. Defaulting to device category
09-13 12:08:55.457 18081 19147 I [OAO] ShellOverlayApp: Sleep timeout exceeded. Timeout:157532.255314, Now:157532.255749. Sleeping... 
09-13 12:08:55.457 18081 19147 I [OAO] ShellOverlayApp: WaitForWake: VrThread entering waiting state
09-13 12:08:55.535  1085  1115 W InputReader: Device has associated, but no associated display id.
09-13 12:08:55.540  1085  1115 W Looper  : Slow dispatch took 108ms android.ui h=android.hardware.display.DisplayManagerGlobal$DisplayListenerDelegate c=null m=1
09-13 12:08:55.547  1085  1117 W InputReader: Device has associated, but no associated display id.
09-13 12:08:55.547  1085  1117 I ActivityTaskManager: Override config changes=20005df8 {0.0 ?mcc?mnc ?localeList ?layoutDir sw152dp w200dp h152dp 200dpi smll land ?uimode ?night -touch qwerty/v/v -nav/h winConfig={ mBounds=Rect(0, 0 - 250, 190) mAppBounds=Rect(0, 0 - 250, 190) mWindowingMode=fullscreen mDisplayWindowingMode=fullscreen mActivityType=undefined mAlwaysOnTop=undefined mRotation=ROTATION_0}} for displayId=1016
09-13 12:08:55.561  2562  2562 D [SUI] SocialViewModel: Fetched party: null 
09-13 12:08:55.561  2562  2562 D [SUI] SocialViewModel: setParty() - no change
09-13 12:08:55.631  1085  1115 W Looper  : Drained
09-13 12:08:55.634 19693 19693 D [SUI] AnytimeUIBroadcastReceiver: action: com.oculus.systemactivities.CAPTURE_STATE_UPDATE
09-13 12:08:55.634 19693 19693 I [SUI] AnytimeUIBroadcastReceiver: handleCaptureStateUpdate: captureToDisk false, captureEnabled false, isCapturingAbuseReport false, abuseRecordingUUID null
09-13 12:08:55.636 19693 19693 D [SUI] AnytimeUIBroadcastReceiver: action: com.oculus.livestreaming_status_change
09-13 12:08:55.641 19693 19693 D [SUI] AnytimeUIBroadcastReceiver: action: com.oculus.systemactivities.LOCAL_STREAM_STATE_UPDATE
09-13 12:08:55.660  2562  2562 D [SUI] AnytimeUIBroadcastReceiver: action: com.oculus.systemactivities.CAPTURE_STATE_UPDATE
09-13 12:08:55.660  2562  2562 I [SUI] AnytimeUIBroadcastReceiver: handleCaptureStateUpdate: captureToDisk false, captureEnabled false, isCapturingAbuseReport false, abuseRecordingUUID null
09-13 12:08:55.668 19693 19693 D [SUI] AnytimeUIBroadcastReceiver: action: com.oculus.systemactivities.CAPTURE_STATE_UPDATE
09-13 12:08:55.668 19693 19693 I [SUI] AnytimeUIBroadcastReceiver: handleCaptureStateUpdate: captureToDisk false, captureEnabled false, isCapturingAbuseReport false, abuseRecordingUUID null
09-13 12:08:55.673 18795 18814 I com.oculus.ocm: Background concurrent copying GC freed 5154(387KB) AllocSpace objects, 4(96KB) LOS objects, 49% free, 2612KB/5225KB, paused 103us total 638.950ms
09-13 12:08:55.675  2562  2562 D [SUI] AnytimeUIBroadcastReceiver: action: com.oculus.livestreaming_status_change
09-13 12:08:55.677 19693 19693 D [SUI] AnytimeUIBroadcastReceiver: action: com.oculus.livestreaming_status_change
09-13 12:08:55.679  2562  2562 D [SUI] AnytimeUIBroadcastReceiver: action: com.oculus.systemactivities.LOCAL_STREAM_STATE_UPDATE
09-13 12:08:55.680  2562  2562 D [SUI] AnytimeUIBroadcastReceiver: action: com.oculus.systemactivities.CAPTURE_STATE_UPDATE
09-13 12:08:55.680  2562  2562 I [SUI] AnytimeUIBroadcastReceiver: handleCaptureStateUpdate: captureToDisk false, captureEnabled false, isCapturingAbuseReport false, abuseRecordingUUID null
09-13 12:08:55.682 19693 19693 D [SUI] AnytimeUIBroadcastReceiver: action: com.oculus.systemactivities.LOCAL_STREAM_STATE_UPDATE
09-13 12:08:55.684  2562  2562 D [SUI] AnytimeUIBroadcastReceiver: action: com.oculus.livestreaming_status_change
09-13 12:08:55.693  2562  2562 D [SUI] AnytimeUIBroadcastReceiver: action: com.oculus.systemactivities.LOCAL_STREAM_STATE_UPDATE
09-13 12:08:55.695 19693 19693 D [SUI] AnytimeUIBroadcastReceiver: action: com.oculus.systemactivities.CAPTURE_STATE_UPDATE
09-13 12:08:55.695 19693 19693 I [SUI] AnytimeUIBroadcastReceiver: handleCaptureStateUpdate: captureToDisk false, captureEnabled false, isCapturingAbuseReport false, abuseRecordingUUID null
09-13 12:08:55.699 19693 19693 D [SUI] AnytimeUIBroadcastReceiver: action: com.oculus.livestreaming_status_change
09-13 12:08:55.701 19693 19693 D [SUI] AnytimeUIBroadcastReceiver: action: com.oculus.systemactivities.LOCAL_STREAM_STATE_UPDATE
09-13 12:08:55.713 19693 19693 D [SUI] AnytimeUIBroadcastReceiver: action: com.oculus.systemactivities.CAPTURE_STATE_UPDATE
09-13 12:08:55.713 19693 19693 I [SUI] AnytimeUIBroadcastReceiver: handleCaptureStateUpdate: captureToDisk false, captureEnabled false, isCapturingAbuseReport false, abuseRecordingUUID null
09-13 12:08:55.717 19693 19693 D [SUI] AnytimeUIBroadcastReceiver: action: com.oculus.livestreaming_status_change
09-13 12:08:55.719 19693 19693 D [SUI] AnytimeUIBroadcastReceiver: action: com.oculus.systemactivities.LOCAL_STREAM_STATE_UPDATE
09-13 12:08:55.796  1653 25615 W ContextImpl: Calling a method in the system process without a qualified user: android.app.ContextImpl.sendBroadcast:1057 android.content.ContextWrapper.sendBroadcast:448 X.tf.A00:58217 X.uD.A00:17 X.uD.handleMessage:91 
09-13 12:08:55.811   884 25376 I [CT]    : VIPER: Mode=Viper,Status=6DoF,TRACKING,KF=122,Inl=358,Pts=445,Mem=69.7,Jit=0.4mm,Issues(Cam/min=0.0,IMU/min=0.0),Exp=(5.0ms,g=1.0,I=73,Ir=14801.0)(3.7ms,g=2.0,I=69,Ir=9421.3)(3.7ms,g=2.0,I=65,Ir=8887.5)(3.1ms,g=2.0,I=70,Ir=11347.0)
09-13 12:08:55.849   779  1107 D AF::Track: interceptBuffer: took 535us to intercept 0 tracks
09-13 12:08:55.858   779  1294 I hash_map_utils: key: 'snd_device_in' value: ''
09-13 12:08:55.861   779  1294 I hash_map_utils: key: 'snd_device_out' value: ''
09-13 12:08:55.887 19693 19693 D [SUI] SocialViewModel: Fetched party: null 
09-13 12:08:55.887 19693 19693 D [SUI] SocialViewModel: setParty() - no change
09-13 12:08:55.960   884 16519 I [CT]    : boltlib: DSP utilization: 6.80 % (340 / 5004 ms)
