09-13 12:08:54.077  2562  2562 I PanelService: END: nativeInitializePanelInstance - Add fd 48 to looper with error code 1
09-13 12:08:54.077  2562  2562 D CppPanelService: END: Initializing panel application via MSG_CREATE_PANEL_APP.
09-13 12:08:54.077  2562  2562 I [SUI] AnytimeUIAndroidPanelApp: handleGenericMessage activeComponent com.oculus.systemux/com.oculus.panelapp.anytimeui.AnytimeUIAndroidPanelService 
09-13 12:08:54.077  2562  2562 I [SUI] AnytimeUIAndroidPanelApp: handleActiveComponent - com.oculus.systemux/com.oculus.panelapp.anytimeui.AnytimeUIAndroidPanelService, returnComponent = 
09-13 12:08:54.088 19693 19803 D [SUI] AnytimeUIPanelAppBase: Finished Initializing Oculus User Manager
09-13 12:08:54.095  2562  2562 D [SUI] SharingViewModel: clearAbuseReportRecordingTimer
09-13 12:08:54.095  2562  2562 I [SUI] AnytimeUIAndroidPanelApp: updateGuardianStatus - false - -1 - false - false
09-13 12:08:54.095  2562  2562 D [SUI] SocialViewModel: refreshLowPriData()
09-13 12:08:54.095  2562  2562 D [SUI] SocialViewModel: loadProfilePhotoUrl()
09-13 12:08:54.095  2562  2562 D [SUI] SocialViewModel: refresPartyData()
09-13 12:08:54.095  2562  2562 I AndroidPanelApp: Processing pending show layer info for layer #main with width 800 and height 110.
09-13 12:08:54.095  2562  2562 I AndroidPanelApp: layerSupersample no changes
09-13 12:08:54.102  2562  2562 I Choreographer: Skipped 67 frames!  The application may be doing too much work on its main thread.
09-13 12:08:54.102  2562  2562 D [SUI] PartiesCallBarViewModel: microphone controls GK value: false
09-13 12:08:54.102  2562  2562 D [SUI] MessengerCallViewModel: OCULUS_VR_MESSENGER_CALLING_CLIENT_SIDE_GATE GK value: false
09-13 12:08:54.110 19693 19693 D [SUI] StatusViewModel: Initializing wifi status BroadcastReceiver
09-13 12:08:54.110 18831 25606 W System.err: java.lang.ClassNotFoundException: com.oculus.packageintegrityclient.PackageIntegrityClient
09-13 12:08:54.113 19693 19693 D [SUI] StatusViewModel: Initialized wifi status BroadcastReceiver
09-13 12:08:54.116 19693 19693 D [SUI] AnytimeUIPanelAppBase: Acquiring viewModel StatusViewModel refCount: 1
09-13 12:08:54.117 19693 19693 D OsSdk   : XrspBroker: setALEnabled 0
09-13 12:08:54.117 19693 19693 I [SUI] XrspBrokerHelper: Set AirLink Enabled: 0
09-13 12:08:54.117 19693 19693 I [SUI] AnytimeUIAndroidPanelApp: Creating AUI PanelApp, isInOverlay: false, instanceCount: 2
09-13 12:08:54.117   926 10018 D xrspd   : setALEnabled 0
09-13 12:08:54.117   926 10018 D xrspd   : setAlinkEnabledCallback with existing value set, ignoring
09-13 12:08:54.118  1085  1115 W Looper  : Slow dispatch took 172ms android.ui h=com.android.server.am.ActivityManagerService$UiHandler c=null m=53
09-13 12:08:54.120 19693 19693 D [SUI] AnytimeUIBroadcastReceiver: requestCaptureState being sent
09-13 12:08:54.136 25695 25708 W .oculus.browse: Reducing the number of considered missed Gc histogram windows from 4644 to 100
09-13 12:08:54.139 19693 19693 I AndroidPanelApp: Sending surface geometry border radius with type all and value 15 for layer tablet.
09-13 12:08:54.140 19693 19693 D [SUI] AnytimeUIPanelAppBase: Acquiring viewModel RunningAppsViewModel refCount: 1
09-13 12:08:54.140 19693 19693 D [SUI] DestinationUIViewModelBase: Constructing DestinationUIViewModelBase
09-13 12:08:54.140 19693 19693 D [SUI] DestinationUIViewModel: Constructing DestinationUIViewModel
09-13 12:08:54.140 19693 19693 D [SUI] AnytimeUIPanelAppBase: Acquiring viewModel DestinationUIViewModel refCount: 1
09-13 12:08:54.140 19693 19693 D [SUI] SharingViewModel: Constructing ViewModel
09-13 12:08:54.154  2562  2866 D [SUI] AnytimeUIPanelAppBase: Finished Initializing Oculus User Manager
09-13 12:08:54.213 18831 25606 I [CT]    : AnchorPersistenceIpcRuntimeServer: onClientConnected: clientId: 4010209736, package: com.oculus.guardian, trustedStatus: 2
09-13 12:08:54.219 18831 25606 I [CT]    : AnchorPersistenceIpcRuntimeServer: checkRPC start: clientId:4010209736 givenPackageName:com.oculus.guardian
09-13 12:08:54.219 18831 25606 I [CT]    : AnchorPersistenceIpcRuntimeServer: checkRPC package name matches: clientId:4010209736 givenPackageName:com.oculus.guardian detectedPackageName:com.oculus.guardian clientIdTrustedStatus_.count:1
09-13 12:08:54.258  1085  1115 W InputReader: Device has associated, but no associated display id.
09-13 12:08:54.260  1085  1115 W Looper  : Slow dispatch took 121ms android.ui h=android.hardware.display.DisplayManagerGlobal$DisplayListenerDelegate c=null m=1
09-13 12:08:54.270  1085  1117 W InputReader: Device has associated, but no associated display id.
09-13 12:08:54.270  1085  1117 I ActivityTaskManager: Override config changes=20005df8 {0.0 ?mcc?mnc ?localeList ?layoutDir sw88dp w640dp h88dp 200dpi nrml long land ?uimode ?night -touch qwerty/v/v -nav/h winConfig={ mBounds=Rect(0, 0 - 800, 110) mAppBounds=Rect(0, 0 - 800, 110) mWindowingMode=fullscreen mDisplayWindowingMode=fullscreen mActivityType=undefined mAlwaysOnTop=undefined mRotation=ROTATION_0}} for displayId=1009
09-13 12:08:54.284 19693 19693 D [SUI] SharingViewModel: clearAbuseReportRecordingTimer
09-13 12:08:54.284 19693 19693 D [SUI] AnytimeUIPanelAppBase: Acquiring viewModel SharingViewModel refCount: 1
09-13 12:08:54.284 19693 19693 I AndroidPanelApp: ensurePanelLayer(layer: #main, width: 640, height: 88, resize: WRAP_CONTENT_HEIGHT, view creator: #main)
09-13 12:08:54.284 19693 19693 I AndroidPanelApp: ensurePanelLayer(layer: #main, width: 640, height: 88, resize behavior: WRAP_CONTENT_HEIGHT)
09-13 12:08:54.284 19693 19693 I AndroidPanelLayer: Setting spec for layer "#main"
09-13 12:08:54.284 19693 19693 I AndroidPanelLayer: Setting size of layer "#main" to have width 800 and height 1250
09-13 12:08:54.284 19693 19693 I AndroidPanelLayer: Destroying presentation for layer "#main".
09-13 12:08:54.284 19693 19693 I AndroidPanelLayer: Creating presentation for layer "#main" with width 800 and height 1250
09-13 12:08:54.288  1085 12133 I DisplayManagerService: Display device added: DisplayDeviceInfo{"com.oculus.android_panel_app.AndroidPanelLayer-#main": uniqueId="virtual:com.oculus.systemux,1010026,com.oculus.android_panel_app.AndroidPanelLayer-#main,1", 800 x 1250, modeId 1015, defaultModeId 1015, supportedModes [{id=1015, width=800, height=1250, fps=60.0}], colorMode 0, supportedColorModes [0], HdrCapabilities null, density 200, 200.0 x 200.0 dpi, appVsyncOff 0, presDeadline 16666666, touch NONE, rotation 0, type VIRTUAL, state OFF, owner com.oculus.systemux (uid 1010026), FLAG_PRIVATE, FLAG_NEVER_BLANK, FLAG_OWN_CONTENT_ONLY}
09-13 12:08:54.299 19693 19693 D [SUI] BarView: Initializing BarView
09-13 12:08:54.299 19693 19693 D [SUI] BarViewModel: Constructing BarViewModel
09-13 12:08:54.299 19693 19693 D [SUI] AnytimeUIPanelAppBase: Acquiring viewModel BarViewModel refCount: 1
09-13 12:08:54.299 19693 19693 D [SUI] SettingsViewModel: Constructing ViewModel
09-13 12:08:54.302 19693 19693 D [SUI] AnytimeUIPanelAppBase: Acquiring viewModel StatusViewModel refCount: 2
09-13 12:08:54.317 20641 20674 I [SEO] SystemUXController: Adding LaunchCheckFlag::RequiresDesk
09-13 12:08:54.318 20641 20674 I [SEO] SystemUXController: Finished building launch checks
09-13 12:08:54.328 20641 20674 I VrRuntimeClient: SyncInternalGuardianState: GetGuardianPolygon: 208
09-13 12:08:54.329 20641 20674 I [SEO] SystemUXController: ProcessPendingLaunch type ShellApplication, details com.oculus.explore/com.oculus.explore.PanelService
09-13 12:08:54.329 20641 20674 I [SEO] DialogControllerManager: Hide Previous pending dialog: type: systemux://dialog/none, uri "systemux://dialog/none", return component: "" - reason process pending launch. launchType: ShellApplication
09-13 12:08:54.329 20641 20674 I [SEO] HostPlatform: Retrieving component launch information for package (com.oculus.explore) and service (com.oculus.explore.PanelService)
09-13 12:08:54.332   779  1107 D AF::Track: interceptBuffer: took 651us to intercept 0 tracks
09-13 12:08:54.349 18795 18818 I LibraryProvider: running queryApp(com.oculus.explore) for UID 1010020
09-13 12:08:54.357  1085  1115 W InputReader: Device has associated, but no associated display id.
09-13 12:08:54.367  1085  1117 W InputReader: Device has associated, but no associated display id.
09-13 12:08:54.368  1085  1117 I ActivityTaskManager: Override config changes=20005df8 {0.0 ?mcc?mnc ?localeList ?layoutDir sw640dp w640dp h1000dp 200dpi lrg port ?uimode ?night -touch qwerty/v/v -nav/h winConfig={ mBounds=Rect(0, 0 - 800, 1250) mAppBounds=Rect(0, 0 - 800, 1250) mWindowingMode=fullscreen mDisplayWindowingMode=fullscreen mActivityType=undefined mAlwaysOnTop=undefined mRotation=ROTATION_0}} for displayId=1010
09-13 12:08:54.373 20641 20674 I [SEO] HostPlatform: Is valid panel service component for package (com.oculus.explore) and service (com.oculus.explore.PanelService) - true
09-13 12:08:54.373 20641 20674 I [SEO] DesktopPanelController: LaunchOrRestore( com.oculus.explore/com.oculus.explore.PanelService ) with launchAsNew=0, sourcePanelId=0, launchTarget=Default, targetMonitor=-1
09-13 12:08:54.373 20641 20674 I [SEO] DesktopPanelController: Launching com.oculus.explore/com.oculus.explore.PanelService as (new:0) in the active Desktop:Exclusive
09-13 12:08:54.373 20641 20674 W [SEO] VrShellDesktopBase: Application com.oculus.explore/com.oculus.explore.PanelService has no initial CooperativeState in its manifest. Finding a suitable default
09-13 12:08:54.373 20641 20674 I [SEO] VrShellDesktopBase: The initial CooperativeState for com.oculus.explore/com.oculus.explore.PanelService is exclusive
09-13 12:08:54.373 20641 20674 I [SEO] ExclusiveDesktop: App com.oculus.explore/com.oculus.explore.PanelService will be restored in Exclusive Desktop
09-13 12:08:54.373 20641 20674 I [SEO] SystemUXController: Clearing initial application launch of systemux://home due to launching component com.oculus.explore/com.oculus.explore.PanelService.
09-13 12:08:54.373 20641 20674 I [SEO] PanelAppHost: OnBackground
09-13 12:08:54.373 20641 20674 I [SEO] PanelAppHost: Panel app 5 (com.oculus.explore/com.oculus.explore.PanelService) changing state from foreground to background
09-13 12:08:54.373 20641 20674 I [SEO] PanelAppHost: com.oculus.explore/com.oculus.explore.PanelService:5 is now backgrounded due to: guardian
09-13 12:08:54.373 21134 21172 I RCTVR   : AppState foreground
09-13 12:08:54.373 20641 20674 I [SEO] DesktopPanelController: Backgrounded desktop
09-13 12:08:54.373 20641 20674 I [SEO] DialogControllerManager: Dialog change detected; updating dialog UI.
09-13 12:08:54.373 20641 20674 I [SEO] DialogControllerManager: Old dialog: type: shell_dialog_guardian_setup, uri "?dialogName=MAP_SETUP", return component: ""
09-13 12:08:54.374 20641 20674 I [SEO] DialogControllerManager: New dialog: type: systemux://dialog/none, uri "systemux://dialog/none", return component: ""
09-13 12:08:54.374 20641 20674 I [SEO] ShellDialogControllerHost: HideDialog for shell_dialog_guardian_setup
09-13 12:08:54.374  1937 20685 I VrGuardianService: GuardianSDKServer::ClearPassthroughFlag
09-13 12:08:54.374 20641 20674 I [SEO] SystemDialogController: HideVrShellDialog
09-13 12:08:54.374 20641 20674 I [SEO] TelemetryProvider: AUI visibility true, TaskBar visibility true, forced true
09-13 12:08:54.374 20641 20674 I [SEO] PanelAppHost: Exiting panel application 31 on next frame with reason System Defined Closure.
09-13 12:08:54.374 21134 21172 I RCTVR   : [TIMESTAMP] : DeeplinkingReceived : 157531.173292430991
09-13 12:08:54.374 21134 21172 I RCTVR   : AppState backgroundReason [guardian]
09-13 12:08:54.374 21134 21172 I RCTVR_Shutdown: Initiated webserver shutdown
09-13 12:08:54.374 21134 21172 I RCTVR_Shutdown: Webby shutdown
09-13 12:08:54.375 21134 21172 I RCTVR_Shutdown: AppState went background
09-13 12:08:54.375 21134 21172 I RCTVR_Shutdown: Headset status changed
09-13 12:08:54.375  1937 20685 I VrGuardianService: GuardianSDKServer::SendRenderModeConditions
09-13 12:08:54.375  1937 20685 I GuardianSystem: For renderSource [5] renderMode != desiredRenderMode: (3, 3, 2, 0, 2), (3, 1, 2, 0, 2)
09-13 12:08:54.378 20641 20674 I [SEO] PanelAppHost: ExitNextFrame triggered for reason System Defined Closure
09-13 12:08:54.379 20641 20674 I [SEO] PanelAppHost: PanelAppHost destructor: id 31 com.oculus.systemux/com.oculus.panelapp.androiddialog.AndroidDialogPanelService
09-13 12:08:54.379 20641 20674 I [SEO] PanelAppHost: Panel app 31 (com.oculus.systemux/com.oculus.panelapp.androiddialog.AndroidDialogPanelService) changing state from foreground to shutdown
09-13 12:08:54.379 20641 20674 D [OAR] ShellApplication: Unbinding service for panel app id 31
09-13 12:08:54.388 20641 20674 I [SEO] PanelAppOSLifecycleNotificationManager: Sending frameState isForeground:0 to OS for app com.oculus.systemux/com.oculus.panelapp.androiddialog.AndroidDialogPanelService
09-13 12:08:54.388 20641 20674 D [OAR] ShellApplication: notify OS to set com.oculus.systemux/com.oculus.panelapp.androiddialog.AndroidDialogPanelService to BACKGROUND
09-13 12:08:54.389 21134 21186 W RCTVR_HERMES: [warn]: 'Analytics', [ 'startTimer(\'oculus_home_deeplink_latency\') called while timer is still running.' ]
09-13 12:08:54.398 19693 19693 D [SUI] AnytimeUIPanelAppBase: Acquiring viewModel SettingsViewModel refCount: 1
09-13 12:08:54.398 19693 19693 D [SUI] SocialViewModel: Constructing ViewModel
09-13 12:08:54.400 19693 19693 D [SUI] AnytimeUIPanelAppBase: Acquiring viewModel SocialViewModel refCount: 1
09-13 12:08:54.400 19693 19693 D [SUI] AnytimeUIPanelAppBase: Acquiring viewModel StatusViewModel refCount: 3
09-13 12:08:54.400 19693 19693 D [SUI] ActiveCallBarViewModel: Constructing ActiveCallBarViewModel
09-13 12:08:54.400 19693 19693 D [SUI] AnytimeUIPanelAppBase: Acquiring viewModel SocialViewModel refCount: 2
09-13 12:08:54.400 19693 19693 D [SUI] MessengerCallBarViewModel: constructing MessengerCallBarViewModel
09-13 12:08:54.400 19693 19693 D [SUI] MessengerCallViewModel: constructing MessengerCallViewModel
09-13 12:08:54.400 19693 19693 D [SUI] AnytimeUIPanelAppBase: Acquiring viewModel MessengerCallViewModel refCount: 1
09-13 12:08:54.400 19693 19693 D [SUI] AnytimeUIPanelAppBase: Acquiring viewModel ActiveCallBarViewModel refCount: 1
09-13 12:08:54.400 19693 19693 D [SUI] AnytimeUIPanelAppBase: Acquiring viewModel BarPinnedAppsViewModel refCount: 1
09-13 12:08:54.400 19693 19693 D [SUI] AnytimeUIPanelAppBase: Acquiring viewModel DestinationUIViewModel refCount: 2
09-13 12:08:54.405 19693 19693 D [SUI] SystemStatusView: Initializing System Status
09-13 12:08:54.405 19693 19693 D [SUI] AnytimeUIPanelAppBase: Acquiring viewModel SocialViewModel refCount: 3
09-13 12:08:54.405 19693 19693 D [SUI] StatusViewModel: Constructing ViewModel
09-13 12:08:54.410 19693 19693 I android_os_HwBinder: HwBinder: Starting thread pool for getting: vendor.oculus.hardware.battery@1.0::IBattery/default
09-13 12:08:54.432  2237 25371 I TimeWarp: SetSchedFifo( tid=20525, pol=2, pri=0 ) succeeded
09-13 12:08:54.432  2237 25371 I TimeWarp: SetSchedFifo( tid=25569, pol=2, pri=0 ) succeeded
09-13 12:08:54.435 19693 19693 D [SUI] StatusViewModel: Initializing wifi status BroadcastReceiver
09-13 12:08:54.439 19693 19693 D [SUI] StatusViewModel: Initialized wifi status BroadcastReceiver
09-13 12:08:54.455  2237  2610 I VrRuntimeService: RuntimeServiceSDKServer::SetGuardianSystemState: 4010209736
09-13 12:08:54.455  1937  2611 I GuardianSystem: UpdateGuardianSystemState: Flags changed: 524288, 532480
09-13 12:08:54.455  1937  2611 I GuardianSystem: For renderSource [5] renderMode != desiredRenderMode: (3, 1, 2, 0, 2), (3, 3, 2, 0, 2)
09-13 12:08:54.455  1085 10498 W ActivityManager: setIsForegroundPanelService: ComponentInfo{com.oculus.systemux/com.oculus.panelapp.androiddialog.AndroidDialogPanelService} not found
09-13 12:08:54.455  1937  2611 W GuardianSystem: @@@ wait frame retry=10 dtWait=0.000001 dtFrame=0.781794 submittedFrameIndex=953452
09-13 12:08:54.458 20641 20674 I [SEO] PanelAppOSLifecycleNotificationManager: Sending frameState isForeground:0 to OS for app com.oculus.explore/com.oculus.explore.PanelService
09-13 12:08:54.458 20641 20674 D [OAR] ShellApplication: notify OS to set com.oculus.explore/com.oculus.explore.PanelService to BACKGROUND
09-13 12:08:54.460 20641 20674 I [SEO] ShellApp: ShellApp app status changed observed...
09-13 12:08:54.460 20641 20674 I [SEO] ShellApp: ...sending following to AUI Bar:
09-13 12:08:54.460 20641 20674 I [SEO] ShellApp: appStatus {"appState":[{"name":"com.oculus.explore/com.oculus.explore.PanelService","panels":[{"panelId":5,"state":"Background"}]}],"mostRecent":["com.oculus.explore/com.oculus.explore.PanelService"]}
09-13 12:08:54.461 20641 20674 I VrRuntimeClient: SyncInternalGuardianState: GetGuardianPolygon: 208
09-13 12:08:54.467  2237  2610 I VrRuntimeService: RuntimeServiceSDKServer::SetGuardianSystemState: 4010209736
09-13 12:08:54.468  1937  2611 I GuardianSystem: UpdateGuardianSystemState: Flags changed: 532480, 524288
09-13 12:08:54.469  1937  2611 I TREX    : Spatial Persistence event: QuerySpacesFound
09-13 12:08:54.469  1937  2611 I TREX    : Spatial Persistence event: QuerySpacesFinish
09-13 12:08:54.470 18795 18820 I LibraryProvider: running queryApp(com.oculus.explore) for UID 1010020
09-13 12:08:54.470 21134 21186 V RCTVR_HERMES: Hermes Mem: numCollections 670, allocatedBytes 17877056, heapSize 20447232, va 20447232, malloc 1373483
09-13 12:08:54.470 21134 21172 I RCTVR_Shutdown: JS synced
09-13 12:08:54.476  2237 25371 I TimeWarp: SetSchedFifo( tid=2611, pol=5, pri=1 ) succeeded
09-13 12:08:54.476  1937  2611 W [CT]    : SpatialAnchorPipeline: Ignoring untracked space found result. request: 6070, uuid: ae24f83e-2c77-b971-90a4-5d36745c1835
09-13 12:08:54.476  2237 25371 I TimeWarp: SetSchedFifo( tid=2761, pol=5, pri=1 ) succeeded
09-13 12:08:54.476  1937  2611 W [CT]    : SpatialAnchorPipeline: Ignoring untracked query finish result: 6070
09-13 12:08:54.476  2237 25371 I TimeWarp: SetSchedFifo( tid=2883, pol=5, pri=1 ) succeeded
09-13 12:08:54.477  1937  2611 W GuardianSystem: @@@ wait frame retry=10 dtWait=0.000054 dtFrame=0.021513 submittedFrameIndex=953453
09-13 12:08:54.480  1937  2611 I TREX    : Spatial Persistence event: LocalizeSpace
09-13 12:08:54.494 28183 28403 I LibraryProvider: running queryApp(com.oculus.explore) for UID 1000
09-13 12:08:54.537 18795 21300 I LibraryProvider: running refetch() for UID 1010071
09-13 12:08:54.540 21134 21172 I RCTVR_Shutdown: Native modules flushed
09-13 12:08:54.540 21134 21172 I RCTVR_Shutdown: OnBackground complete
09-13 12:08:54.541 21134 21186 W RCTVR_HERMES: [warn]: 'Home', [ 'Failed to get the system VOIP microphone mute state!',
09-13 12:08:54.541 21134 21186 W RCTVR_HERMES:   { message: 'Error getting microphone state' } ]
09-13 12:08:54.553 20502 20514 I oculus.shellen: Background concurrent copying GC freed 4776(1304KB) AllocSpace objects, 5(92KB) LOS objects, 49% free, 1616KB/3233KB, paused 29us total 212.580ms
09-13 12:08:54.553 20641 20674 I VrRuntimeClient: SyncInternalGuardianState: GetGuardianPolygon: 208
09-13 12:08:54.554  2237 25371 I TimeWarp: SetSchedFifo( tid=20525, pol=3, pri=0 ) succeeded
09-13 12:08:54.554  2237 25371 I TimeWarp: SetSchedFifo( tid=25569, pol=3, pri=0 ) succeeded
09-13 12:08:54.555 20641 20674 I [SEO] ShellApp: com.oculus.explore/com.oculus.explore.PanelService:5 is now foregrounded
09-13 12:08:54.555 20641 20674 I [SEO] PanelAppHost: Panel app 5 (com.oculus.explore/com.oculus.explore.PanelService) changing state from background to foreground
09-13 12:08:54.556 20641 20674 I [SEO] ShellApp: Notifying foreground panel changed
09-13 12:08:54.558  2237  2541 I PerformanceManager: SetClockLevels: Apply pending clock request change: 2,3 -> 2,4
09-13 12:08:54.559  2237 25357 I Clocks  : ReleaseClocks - start
09-13 12:08:54.559  2237 25357 I Clocks  : ReleaseClocks - end (0.3 ms)
09-13 12:08:54.559  2237 25357 I Clocks  : LockClocks( cpu=2, gpu=4 ) - start
09-13 12:08:54.560  2237 25357 I Clocks  : CPU levels [0, 4]
09-13 12:08:54.560  2237 25357 I Clocks  : GPU levels [0, 5]
09-13 12:08:54.560  2237 25357 I Clocks  : LockClocks( cpu=2, gpu=4 ) - end (1.0 ms)
09-13 12:08:54.566 21134 25625 D APIInterceptor: intercept original headers:
09-13 12:08:54.566 21134 25625 D APIInterceptor: Content-Type: application/x-www-form-urlencoded
09-13 12:08:54.566 21134 25625 D APIInterceptor: Content-Length: 2363
09-13 12:08:54.566 21134 25625 D APIInterceptor: Host: graph.oculus.com
09-13 12:08:54.566 21134 25625 D APIInterceptor: Connection: Keep-Alive
09-13 12:08:54.566 21134 25625 D APIInterceptor: Accept-Encoding: gzip
09-13 12:08:54.566 21134 25625 D APIInterceptor: User-Agent: okhttp/3.14.9
09-13 12:08:54.580 21134 21134 W .oculus.com/...: type=1400 audit(0.0:167391): avc: denied { read } for name="u:object_r:serialno_prop:s0" dev="tmpfs" ino=14849 scontext=u:r:untrusted_app_27:s0:c71,c256,c522,c768 tcontext=u:object_r:serialno_prop:s0 tclass=file permissive=0
09-13 12:08:54.580 21134 21134 W .oculus.com/...: type=1400 audit(0.0:167392): avc: denied { read } for name="u:object_r:serialno_prop:s0" dev="tmpfs" ino=14849 scontext=u:r:untrusted_app_27:s0:c71,c256,c522,c768 tcontext=u:object_r:serialno_prop:s0 tclass=file permissive=0
09-13 12:08:54.581 21134 25627 D APIInterceptor: intercept original headers:
09-13 12:08:54.581 21134 25627 D APIInterceptor: Content-Type: application/x-www-form-urlencoded
09-13 12:08:54.581 21134 25627 D APIInterceptor: Content-Length: 2363
09-13 12:08:54.581 21134 25627 D APIInterceptor: Host: graph.oculus.com
09-13 12:08:54.581 21134 25627 D APIInterceptor: Connection: Keep-Alive
09-13 12:08:54.581 21134 25627 D APIInterceptor: Accept-Encoding: gzip
09-13 12:08:54.581 21134 25627 D APIInterceptor: User-Agent: okhttp/3.14.9
09-13 12:08:54.582 21134 25624 D APIInterceptor: intercept original headers:
09-13 12:08:54.582 21134 25624 D APIInterceptor: Content-Type: application/x-www-form-urlencoded
09-13 12:08:54.582 21134 25624 D APIInterceptor: Content-Length: 2363
09-13 12:08:54.582 21134 25624 D APIInterceptor: Host: graph.oculus.com
09-13 12:08:54.582 21134 25624 D APIInterceptor: Connection: Keep-Alive
09-13 12:08:54.582 21134 25624 D APIInterceptor: Accept-Encoding: gzip
09-13 12:08:54.582 21134 25624 D APIInterceptor: User-Agent: okhttp/3.14.9
09-13 12:08:54.591 21134 25625 E libc    : Access denied finding property "ro.serialno"
09-13 12:08:54.591 21134 25624 E libc    : Access denied finding property "ro.serialno"
09-13 12:08:54.592 21134 25624 D APIInterceptor: intercept modified headers:
09-13 12:08:54.592 21134 25624 D APIInterceptor: Content-Type: application/x-www-form-urlencoded
09-13 12:08:54.592 21134 25624 D APIInterceptor: Content-Length: 2363
09-13 12:08:54.592 21134 25624 D APIInterceptor: Host: graph.oculus.com
09-13 12:08:54.592 21134 25624 D APIInterceptor: Connection: Keep-Alive
09-13 12:08:54.592 21134 25624 D APIInterceptor: Accept-Encoding: gzip
09-13 12:08:54.592 21134 25624 D APIInterceptor: X-Build-Model: Oculus Quest 2
09-13 12:08:54.592 21134 25624 D APIInterceptor: X-OC-VrShell-Build-Name: 32.0.0.77.353
09-13 12:08:54.592 21134 25624 D APIInterceptor: X-Build-Version-Incremental: 18371800231200000
09-13 12:08:54.592 21134 25624 D APIInterceptor: X-OC-Selected-Headset-Serial: 1WMHH821JE0417
09-13 12:08:54.592 21134 25624 D APIInterceptor: User-Agent: Dalvik/2.1.0 (Linux; U; Android 10; Quest 2 Build/QQ3A.200805.001) [FBAN/OculusExplore;FBAV/114.0.0.12.166;FBDV/Quest 2;FBCR/null;FBLC/en_US;FBSV/10;FBBR/hollywood;FBBD/oculus;FBBV/324000534;FBCA/arm64-v8a:;FBMF/Oculus;FBPN/com.oculus.explore;]
09-13 12:08:54.592 21134 25624 D APIInterceptor: Accept-Language: en_US
09-13 12:08:54.592 21134 25624 D APIInterceptor: X-ANDROID-ID: 3625fa77000c268b
09-13 12:08:54.592 21134 25624 D APIInterceptor: X-Build-Number: 324000534
09-13 12:08:54.592 18795 18818 I LibraryProvider: running queryAllApps() for UID 1010071
09-13 12:08:54.595  2237 20581 I VrRuntimeService: CreateSwapChain: 2361195712
09-13 12:08:54.595  2237 20581 I VrRuntimeService: CreateSwapChain: api:vk 0 0x2b 1660 660 11 3 1 4 15
09-13 12:08:54.597 21134 25625 D APIInterceptor: intercept modified headers:
09-13 12:08:54.597 21134 25625 D APIInterceptor: Content-Type: application/x-www-form-urlencoded
09-13 12:08:54.597 21134 25625 D APIInterceptor: Content-Length: 2363
09-13 12:08:54.597 21134 25625 D APIInterceptor: Host: graph.oculus.com
09-13 12:08:54.597 21134 25625 D APIInterceptor: Connection: Keep-Alive
09-13 12:08:54.597 21134 25625 D APIInterceptor: Accept-Encoding: gzip
09-13 12:08:54.597 21134 25625 D APIInterceptor: X-Build-Model: Oculus Quest 2
09-13 12:08:54.597 21134 25625 D APIInterceptor: X-OC-VrShell-Build-Name: 32.0.0.77.353
09-13 12:08:54.597 21134 25625 D APIInterceptor: X-Build-Version-Incremental: 18371800231200000
09-13 12:08:54.597 21134 25625 D APIInterceptor: X-OC-Selected-Headset-Serial: 1WMHH821JE0417
09-13 12:08:54.597 21134 25625 D APIInterceptor: User-Agent: Dalvik/2.1.0 (Linux; U; Android 10; Quest 2 Build/QQ3A.200805.001) [FBAN/OculusExplore;FBAV/114.0.0.12.166;FBDV/Quest 2;FBCR/null;FBLC/en_US;FBSV/10;FBBR/hollywood;FBBD/oculus;FBBV/324000534;FBCA/arm64-v8a:;FBMF/Oculus;FBPN/com.oculus.explore;]
09-13 12:08:54.597 21134 25625 D APIInterceptor: Accept-Language: en_US
09-13 12:08:54.597 21134 25625 D APIInterceptor: X-ANDROID-ID: 3625fa77000c268b
09-13 12:08:54.597 21134 25625 D APIInterceptor: X-Build-Number: 324000534
09-13 12:08:54.602 21134 25629 D APIInterceptor: intercept original headers:
09-13 12:08:54.602 21134 25629 D APIInterceptor: Content-Type: application/x-www-form-urlencoded
09-13 12:08:54.602 21134 25629 D APIInterceptor: Content-Length: 2363
09-13 12:08:54.602 21134 25631 D APIInterceptor: intercept original headers:
09-13 12:08:54.602 21134 25629 D APIInterceptor: Host: graph.oculus.com
09-13 12:08:54.602 21134 25629 D APIInterceptor: Connection: Keep-Alive
09-13 12:08:54.602 21134 25631 D APIInterceptor: Content-Type: application/x-www-form-urlencoded
09-13 12:08:54.602 21134 25631 D APIInterceptor: Content-Length: 2363
09-13 12:08:54.602 21134 25629 D APIInterceptor: Accept-Encoding: gzip
09-13 12:08:54.602 21134 25631 D APIInterceptor: Host: graph.oculus.com
09-13 12:08:54.602 21134 25629 D APIInterceptor: User-Agent: okhttp/3.14.9
09-13 12:08:54.602 21134 25631 D APIInterceptor: Connection: Keep-Alive
09-13 12:08:54.602 21134 25631 D APIInterceptor: Accept-Encoding: gzip
09-13 12:08:54.602 21134 25631 D APIInterceptor: User-Agent: okhttp/3.14.9
09-13 12:08:54.610 21134 21134 W .oculus.com/...: type=1400 audit(0.0:167393): avc: denied { read } for name="u:object_r:serialno_prop:s0" dev="tmpfs" ino=14849 scontext=u:r:untrusted_app_27:s0:c71,c256,c522,c768 tcontext=u:object_r:serialno_prop:s0 tclass=file permissive=0
09-13 12:08:54.610 21134 21134 I chatty  : uid=1010071 com.oculus.explore:explore identical 1 line
09-13 12:08:54.610 21134 21134 W .oculus.com/...: type=1400 audit(0.0:167395): avc: denied { read } for name="u:object_r:serialno_prop:s0" dev="tmpfs" ino=14849 scontext=u:r:untrusted_app_27:s0:c71,c256,c522,c768 tcontext=u:object_r:serialno_prop:s0 tclass=file permissive=0
09-13 12:08:54.612 21134 25631 E libc    : Access denied finding property "ro.serialno"
09-13 12:08:54.612 21134 25627 E libc    : Access denied finding property "ro.serialno"
09-13 12:08:54.612 21134 25629 E libc    : Access denied finding property "ro.serialno"
09-13 12:08:54.614 21134 25631 D APIInterceptor: intercept modified headers:
09-13 12:08:54.614 21134 25631 D APIInterceptor: Content-Type: application/x-www-form-urlencoded
09-13 12:08:54.614 21134 25631 D APIInterceptor: Content-Length: 2363
09-13 12:08:54.614 21134 25631 D APIInterceptor: Host: graph.oculus.com
09-13 12:08:54.614 21134 25631 D APIInterceptor: Connection: Keep-Alive
09-13 12:08:54.614 21134 25631 D APIInterceptor: Accept-Encoding: gzip
09-13 12:08:54.614 21134 25631 D APIInterceptor: X-Build-Model: Oculus Quest 2
09-13 12:08:54.614 21134 25631 D APIInterceptor: X-OC-VrShell-Build-Name: 32.0.0.77.353
09-13 12:08:54.614 21134 25631 D APIInterceptor: X-Build-Version-Incremental: 18371800231200000
09-13 12:08:54.614 21134 25631 D APIInterceptor: X-OC-Selected-Headset-Serial: 1WMHH821JE0417
09-13 12:08:54.614 21134 25631 D APIInterceptor: User-Agent: Dalvik/2.1.0 (Linux; U; Android 10; Quest 2 Build/QQ3A.200805.001) [FBAN/OculusExplore;FBAV/114.0.0.12.166;FBDV/Quest 2;FBCR/null;FBLC/en_US;FBSV/10;FBBR/hollywood;FBBD/oculus;FBBV/324000534;FBCA/arm64-v8a:;FBMF/Oculus;FBPN/com.oculus.explore;]
09-13 12:08:54.614 21134 25631 D APIInterceptor: Accept-Language: en_US
09-13 12:08:54.614 21134 25631 D APIInterceptor: X-ANDROID-ID: 3625fa77000c268b
09-13 12:08:54.614 21134 25631 D APIInterceptor: X-Build-Number: 324000534
09-13 12:08:54.616 21134 25629 D APIInterceptor: intercept modified headers:
09-13 12:08:54.616 21134 25629 D APIInterceptor: Content-Type: application/x-www-form-urlencoded
09-13 12:08:54.616 21134 25629 D APIInterceptor: Content-Length: 2363
09-13 12:08:54.616 21134 25629 D APIInterceptor: Host: graph.oculus.com
09-13 12:08:54.616 21134 25629 D APIInterceptor: Connection: Keep-Alive
09-13 12:08:54.616 21134 25629 D APIInterceptor: Accept-Encoding: gzip
09-13 12:08:54.616 21134 25629 D APIInterceptor: X-Build-Model: Oculus Quest 2
09-13 12:08:54.616 21134 25629 D APIInterceptor: X-OC-VrShell-Build-Name: 32.0.0.77.353
09-13 12:08:54.616 21134 25629 D APIInterceptor: X-Build-Version-Incremental: 18371800231200000
09-13 12:08:54.616 21134 25629 D APIInterceptor: X-OC-Selected-Headset-Serial: 1WMHH821JE0417
09-13 12:08:54.616 21134 25629 D APIInterceptor: User-Agent: Dalvik/2.1.0 (Linux; U; Android 10; Quest 2 Build/QQ3A.200805.001) [FBAN/OculusExplore;FBAV/114.0.0.12.166;FBDV/Quest 2;FBCR/null;FBLC/en_US;FBSV/10;FBBR/hollywood;FBBD/oculus;FBBV/324000534;FBCA/arm64-v8a:;FBMF/Oculus;FBPN/com.oculus.explore;]
09-13 12:08:54.616 21134 25629 D APIInterceptor: Accept-Language: en_US
09-13 12:08:54.616 21134 25629 D APIInterceptor: X-ANDROID-ID: 3625fa77000c268b
09-13 12:08:54.616 21134 25629 D APIInterceptor: X-Build-Number: 324000534
09-13 12:08:54.618 21134 25627 D APIInterceptor: intercept modified headers:
09-13 12:08:54.618 21134 25627 D APIInterceptor: Content-Type: application/x-www-form-urlencoded
09-13 12:08:54.618 21134 25627 D APIInterceptor: Content-Length: 2363
09-13 12:08:54.618 21134 25627 D APIInterceptor: Host: graph.oculus.com
09-13 12:08:54.618 21134 25627 D APIInterceptor: Connection: Keep-Alive
09-13 12:08:54.618 21134 25627 D APIInterceptor: Accept-Encoding: gzip
09-13 12:08:54.618 21134 25627 D APIInterceptor: X-Build-Model: Oculus Quest 2
09-13 12:08:54.618 21134 25627 D APIInterceptor: X-OC-VrShell-Build-Name: 32.0.0.77.353
09-13 12:08:54.618 21134 25627 D APIInterceptor: X-Build-Version-Incremental: 18371800231200000
09-13 12:08:54.618 21134 25627 D APIInterceptor: X-OC-Selected-Headset-Serial: 1WMHH821JE0417
09-13 12:08:54.618 21134 25627 D APIInterceptor: User-Agent: Dalvik/2.1.0 (Linux; U; Android 10; Quest 2 Build/QQ3A.200805.001) [FBAN/OculusExplore;FBAV/114.0.0.12.166;FBDV/Quest 2;FBCR/null;FBLC/en_US;FBSV/10;FBBR/hollywood;FBBD/oculus;FBBV/324000534;FBCA/arm64-v8a:;FBMF/Oculus;FBPN/com.oculus.explore;]
09-13 12:08:54.618 21134 25627 D APIInterceptor: Accept-Language: en_US
09-13 12:08:54.618 21134 25627 D APIInterceptor: X-ANDROID-ID: 3625fa77000c268b
09-13 12:08:54.618 21134 25627 D APIInterceptor: X-Build-Number: 324000534
09-13 12:08:54.621  2237 25371 I TimeWarp: SetSchedFifo( tid=2611, pol=2, pri=0 ) succeeded
09-13 12:08:54.621  2237 25371 I TimeWarp: SetSchedFifo( tid=2761, pol=2, pri=0 ) succeeded
09-13 12:08:54.621  2237 25371 I TimeWarp: SetSchedFifo( tid=2883, pol=2, pri=0 ) succeeded
09-13 12:08:54.665  2237 25371 I TimeWarp: SetSchedFifo( tid=20525, pol=2, pri=0 ) succeeded
09-13 12:08:54.666  2237 25371 I TimeWarp: SetSchedFifo( tid=25569, pol=2, pri=0 ) succeeded
09-13 12:08:54.674 18795 18820 I LibraryProvider: running update(com.oculus.explore, values[3]) for UID 1010020
09-13 12:08:54.678 19693 25642 D CCodec  : allocate(c2.android.raw.decoder)
09-13 12:08:54.678   866 27431 V C2Store : in init
09-13 12:08:54.678   866 27431 V C2Store : loading dll
09-13 12:08:54.679 18795 18820 I LibraryStorage: Successfully saved 1 entitlements. Total entitlements in cache: 34. Notifying: 1
09-13 12:08:54.683 19693 25642 I CCodec  : Created component [c2.android.raw.decoder]
09-13 12:08:54.684 19693 25642 D CCodecConfig: read media type: audio/raw
09-13 12:08:54.693 19693 25642 D ReflectedParamUpdater: extent() != 1 for single value type: algo.buffers.max-count.values
09-13 12:08:54.694 19693 25642 D ReflectedParamUpdater: extent() != 1 for single value type: output.subscribed-indices.values
09-13 12:08:54.694 19693 25642 D ReflectedParamUpdater: extent() != 1 for single value type: input.buffers.allocator-ids.values
09-13 12:08:54.694 19693 25642 D ReflectedParamUpdater: extent() != 1 for single value type: output.buffers.allocator-ids.values
09-13 12:08:54.694 19693 25642 D ReflectedParamUpdater: extent() != 1 for single value type: algo.buffers.allocator-ids.values
09-13 12:08:54.694 19693 25642 D ReflectedParamUpdater: extent() != 1 for single value type: output.buffers.pool-ids.values
09-13 12:08:54.695 19693 25642 D ReflectedParamUpdater: extent() != 1 for single value type: algo.buffers.pool-ids.values
09-13 12:08:54.697 19693 25642 I CCodecConfig: query failed after returning 8 values (BAD_INDEX)
09-13 12:08:54.697 19693 25642 D CCodecConfig: c2 config diff is Dict {
09-13 12:08:54.697 19693 25642 D CCodecConfig:   c2::u32 coded.bitrate.value = 64000
09-13 12:08:54.697 19693 25642 D CCodecConfig:   c2::u32 input.buffers.max-size.value = 65536
09-13 12:08:54.697 19693 25642 D CCodecConfig:   c2::u32 input.delay.value = 0
09-13 12:08:54.697 19693 25642 D CCodecConfig:   string input.media-type.value = "audio/raw"
09-13 12:08:54.697 19693 25642 D CCodecConfig:   string output.media-type.value = "audio/raw"
09-13 12:08:54.697 19693 25642 D CCodecConfig:   c2::u32 raw.channel-count.value = 2
09-13 12:08:54.697 19693 25642 D CCodecConfig:   c2::u32 raw.pcm-encoding.value = 0
09-13 12:08:54.697 19693 25642 D CCodecConfig:   c2::u32 raw.sample-rate.value = 44100
09-13 12:08:54.697 19693 25642 D CCodecConfig: }
09-13 12:08:54.698 19693 25642 D CCodecConfig: no c2 equivalents for durationUs
09-13 12:08:54.698 19693 25642 D CCodecConfig: no c2 equivalents for track-id
09-13 12:08:54.698 19693 25642 D CCodecConfig: no c2 equivalents for bits-per-sample
09-13 12:08:54.698 19693 25642 D CCodecConfig: no c2 equivalents for channel-mask
09-13 12:08:54.699 19693 25642 D CCodecConfig: c2 config diff is   c2::u32 raw.channel-count.value = 1
09-13 12:08:54.699 19693 25642 D CCodecConfig:   c2::u32 raw.sample-rate.value = 48000
09-13 12:08:54.699 19693 19693 D [SUI] AnytimeUIPanelAppBase: Acquiring viewModel BarViewModel refCount: 2
09-13 12:08:54.699 19693 19693 D [SUI] AnytimeUIPanelAppBase: Acquiring viewModel SystemStatusViewModel refCount: 1
09-13 12:08:54.699 19693 19693 D [SUI] SocialViewModel: registerObserver(): 
09-13 12:08:54.699 19693 25642 W Codec2Client: query -- param skipped: index = 1107298332.
09-13 12:08:54.699 19693 25642 D CCodec  : setup formats input: AMessage(what = 0x00000000) = {
09-13 12:08:54.699 19693 25642 D CCodec  :   int32_t channel-count = 1
09-13 12:08:54.699 19693 25642 D CCodec  :   int32_t max-input-size = 65536
09-13 12:08:54.699 19693 25642 D CCodec  :   string mime = "audio/raw"
09-13 12:08:54.699 19693 25642 D CCodec  :   int32_t pcm-encoding = 2
09-13 12:08:54.699 19693 25642 D CCodec  :   int32_t sample-rate = 48000
09-13 12:08:54.699 19693 25642 D CCodec  : } and output: AMessage(what = 0x00000000) = {
09-13 12:08:54.699 19693 25642 D CCodec  :   int32_t channel-count = 1
09-13 12:08:54.699 19693 25642 D CCodec  :   string mime = "audio/raw"
09-13 12:08:54.699 19693 25642 D CCodec  :   int32_t pcm-encoding = 2
09-13 12:08:54.699 19693 25642 D CCodec  :   int32_t sample-rate = 48000
09-13 12:08:54.699 19693 25642 D CCodec  :   int32_t channel-mask = 0
09-13 12:08:54.699 19693 25642 D CCodec  : }
09-13 12:08:54.700 19693 19693 D [SUI] SocialViewModel: refreshLowPriData()
09-13 12:08:54.700 19693 19693 D [SUI] SocialViewModel: loadProfilePhotoUrl()
09-13 12:08:54.700 19693 19693 D [SUI] SystemStatusView: Initialized System Status
09-13 12:08:54.700 19693 19693 D [SUI] DestinationUIButtonView: Initializing running app navigation button
09-13 12:08:54.700 18795 18820 I LibraryStorage: notifying: content://com.oculus.ocms.library/apps/com.oculus.explore
09-13 12:08:54.700 19693 25642 W Codec2Client: query -- param skipped: index = 1342179345.
09-13 12:08:54.700 19693 25642 W Codec2Client: query -- param skipped: index = 2415921170.
09-13 12:08:54.701 19693 25642 D CCodecBufferChannel: [c2.android.raw.decoder#151] Created input block pool with allocatorID 16 => poolID 22 - OK (0)
09-13 12:08:54.702 19693 19693 D [SUI] AnytimeUIPanelAppBase: Acquiring viewModel DestinationUIViewModel refCount: 3
09-13 12:08:54.702 19693 19693 D [SUI] DestinationUIButtonView: Initialized running app navigation button
09-13 12:08:54.703 19693 19693 D [SUI] AnytimeUIPanelAppBase: Acquiring viewModel BarPinnedAppsViewModel refCount: 2
09-13 12:08:54.703 19693 25642 I CCodecBufferChannel: [c2.android.raw.decoder#151] Created output block pool with allocatorID 16 => poolID 410 - OK
09-13 12:08:54.703 19693 19693 D [SUI] DynamicAppsView: Initializing dynamic apps view on bar
09-13 12:08:54.703 19693 25642 D CCodecBufferChannel: [c2.android.raw.decoder#151] Configured output block pool ids 410 => OK
09-13 12:08:54.703 19693 19693 D [SUI] BarView: Initializing library button
09-13 12:08:54.703 19693 19693 D [SUI] BarView: Initialized library button
09-13 12:08:54.703 19693 19693 D [SUI] BarView: Initializing parties call bar
09-13 12:08:54.703 19693 19693 D [SUI] SocialViewModel: registerPartyObserver(): -$$Lambda$BarView$G1seNBFidAJU9PUP39RSr_lQJ5k
09-13 12:08:54.703 19693 19693 D [SUI] BarView: Initialized parties call bar
09-13 12:08:54.703 19693 19693 D [SUI] BarView: Initializing messenger call bar
09-13 12:08:54.703 19693 19693 D [SUI] MessengerCallViewModel: registerObserver
09-13 12:08:54.703 19693 19693 D [SUI] BarView: Initialized messenger call bar
09-13 12:08:54.703 19693 19693 D [SUI] BarView: Initializing debug bar
09-13 12:08:54.703 19693 19693 D [SUI] BarView: Initialized debug bar
09-13 12:08:54.703 19693 19693 V [SUI] BarView: Subscribing to notifications badge live data
09-13 12:08:54.704 19693 19693 V [SUI] BarView: Notifs badge count: 0, Messenger badge count 0
09-13 12:08:54.704 19693 19693 I AndroidPanelApp: measureLayerView adjusting initial height from 1250 to 1250 due to resize behavior.
09-13 12:08:54.704 19693 19693 I AndroidPanelApp: measureLayerView with initial width 800, initial height 1250, resize behavior WRAP_CONTENT_HEIGHT.
09-13 12:08:54.714 19693 19693 I AndroidPanelApp: Measured width 800 and height 110.
09-13 12:08:54.714 19693 19693 I AndroidPanelLayer: Setting size of layer "#main" to have width 800 and height 110
09-13 12:08:54.714 19693 19693 I AndroidPanelLayer: Destroying presentation for layer "#main".
09-13 12:08:54.720 21134 21134 W .oculus.com/...: type=1400 audit(0.0:167396): avc: denied { read } for name="u:object_r:serialno_prop:s0" dev="tmpfs" ino=14849 scontext=u:r:untrusted_app_27:s0:c71,c256,c522,c768 tcontext=u:object_r:serialno_prop:s0 tclass=file permissive=0
09-13 12:08:54.720 21134 25647 D APIInterceptor: intercept original headers:
09-13 12:08:54.720 21134 25647 D APIInterceptor: Content-Type: application/x-www-form-urlencoded
09-13 12:08:54.720 21134 25647 D APIInterceptor: Content-Length: 2363
09-13 12:08:54.720 21134 25647 D APIInterceptor: Host: graph.oculus.com
09-13 12:08:54.720 21134 25647 D APIInterceptor: Connection: Keep-Alive
09-13 12:08:54.720 21134 25647 D APIInterceptor: Accept-Encoding: gzip
09-13 12:08:54.720 21134 25647 D APIInterceptor: User-Agent: okhttp/3.14.9
09-13 12:08:54.727 21134 25647 E libc    : Access denied finding property "ro.serialno"
09-13 12:08:54.727  1085 10498 I DisplayManagerService: Display device removed: DisplayDeviceInfo{"com.oculus.android_panel_app.AndroidPanelLayer-#main": uniqueId="virtual:com.oculus.systemux,1010026,com.oculus.android_panel_app.AndroidPanelLayer-#main,1", 800 x 1250, modeId 1015, defaultModeId 1015, supportedModes [{id=1015, width=800, height=1250, fps=60.0}], colorMode 0, supportedColorModes [0], HdrCapabilities null, density 200, 200.0 x 200.0 dpi, appVsyncOff 0, presDeadline 16666666, touch NONE, rotation 0, type VIRTUAL, state OFF, owner com.oculus.systemux (uid 1010026), FLAG_PRIVATE, FLAG_NEVER_BLANK, FLAG_OWN_CONTENT_ONLY}
09-13 12:08:54.728 21134 25647 D APIInterceptor: intercept modified headers:
09-13 12:08:54.728 21134 25647 D APIInterceptor: Content-Type: application/x-www-form-urlencoded
09-13 12:08:54.728 21134 25647 D APIInterceptor: Content-Length: 2363
09-13 12:08:54.728 21134 25647 D APIInterceptor: Host: graph.oculus.com
09-13 12:08:54.728 21134 25647 D APIInterceptor: Connection: Keep-Alive
09-13 12:08:54.728 21134 25647 D APIInterceptor: Accept-Encoding: gzip
09-13 12:08:54.729 21134 25647 D APIInterceptor: X-Build-Model: Oculus Quest 2
09-13 12:08:54.729 21134 25647 D APIInterceptor: X-OC-VrShell-Build-Name: 32.0.0.77.353
09-13 12:08:54.729 21134 25647 D APIInterceptor: X-Build-Version-Incremental: 18371800231200000
09-13 12:08:54.729 21134 25647 D APIInterceptor: X-OC-Selected-Headset-Serial: 1WMHH821JE0417
09-13 12:08:54.729 21134 25647 D APIInterceptor: User-Agent: Dalvik/2.1.0 (Linux; U; Android 10; Quest 2 Build/QQ3A.200805.001) [FBAN/OculusExplore;FBAV/114.0.0.12.166;FBDV/Quest 2;FBCR/null;FBLC/en_US;FBSV/10;FBBR/hollywood;FBBD/oculus;FBBV/324000534;FBCA/arm64-v8a:;FBMF/Oculus;FBPN/com.oculus.explore;]
09-13 12:08:54.729 21134 25647 D APIInterceptor: Accept-Language: en_US
09-13 12:08:54.729 21134 25647 D APIInterceptor: X-ANDROID-ID: 3625fa77000c268b
09-13 12:08:54.729 19693 19693 I AndroidPanelLayer: Creating presentation for layer "#main" with width 800 and height 110
09-13 12:08:54.729 21134 25647 D APIInterceptor: X-Build-Number: 324000534
09-13 12:08:54.736  1085  6982 I DisplayManagerService: Display device added: DisplayDeviceInfo{"com.oculus.android_panel_app.AndroidPanelLayer-#main": uniqueId="virtual:com.oculus.systemux,1010026,com.oculus.android_panel_app.AndroidPanelLayer-#main,1", 800 x 110, modeId 1016, defaultModeId 1016, supportedModes [{id=1016, width=800, height=110, fps=60.0}], colorMode 0, supportedColorModes [0], HdrCapabilities null, density 200, 200.0 x 200.0 dpi, appVsyncOff 0, presDeadline 16666666, touch NONE, rotation 0, type VIRTUAL, state OFF, owner com.oculus.systemux (uid 1010026), FLAG_PRIVATE, FLAG_NEVER_BLANK, FLAG_OWN_CONTENT_ONLY}
09-13 12:08:54.777 19693 19693 I AndroidPanelApp: layerTransform: Showing panel layer "#main" in VrShell with width 800, height 110, position( 0.000000 , 0.000000 ), rotation (0.000000 , 0.000000 , 0.000000 )  hit-testable true, shape 1, and system-positioned true. Density: 4680.000000. Supersampled: false 
09-13 12:08:54.777 19693 19693 I AndroidPanelApp: ensurePanelLayer(layer: tablet, width: 800, height: 500, resize: NONE, view creator: tablet)
09-13 12:08:54.777 19693 19693 I AndroidPanelApp: ensurePanelLayer(layer: tablet, width: 800, height: 500, resize behavior: NONE)
09-13 12:08:54.777 19693 19693 I AndroidPanelLayer: Setting spec for layer "tablet"
09-13 12:08:54.778 19693 19693 I AndroidPanelLayer: Setting size of layer "tablet" to have width 1000 and height 625
09-13 12:08:54.778 19693 19693 I AndroidPanelLayer: Destroying presentation for layer "tablet".
09-13 12:08:54.778 19693 19693 I AndroidPanelLayer: Creating presentation for layer "tablet" with width 1000 and height 625
09-13 12:08:54.785  1085 14619 I DisplayManagerService: Display device added: DisplayDeviceInfo{"com.oculus.android_panel_app.AndroidPanelLayer-tablet": uniqueId="virtual:com.oculus.systemux,1010026,com.oculus.android_panel_app.AndroidPanelLayer-tablet,0", 1000 x 625, modeId 1017, defaultModeId 1017, supportedModes [{id=1017, width=1000, height=625, fps=60.0}], colorMode 0, supportedColorModes [0], HdrCapabilities null, density 200, 200.0 x 200.0 dpi, appVsyncOff 0, presDeadline 16666666, touch NONE, rotation 0, type VIRTUAL, state OFF, owner com.oculus.systemux (uid 1010026), FLAG_PRIVATE, FLAG_NEVER_BLANK, FLAG_OWN_CONTENT_ONLY}
09-13 12:08:54.798 19693 19693 D [SUI] HostView: Constructing HostView
09-13 12:08:54.798 19693 19693 D [SUI] HostView: Initializing HostView
09-13 12:08:54.804 19693 19693 D [SUI] AnytimeUIPanelAppBase: Acquiring viewModel SettingsViewModel refCount: 2
09-13 12:08:54.804 19693 19693 D [SUI] AnytimeUIPanelAppBase: Releasing viewModel SettingsViewModel refCount: 1
09-13 12:08:54.815  1085  1115 W InputReader: Device has associated, but no associated display id.
09-13 12:08:54.818 19693 19693 D [SUI] EmptyView: Constructing EmptyView
09-13 12:08:54.819 19693 19693 D [SUI] EmptyView: Initializing EmptyView
09-13 12:08:54.819 19693 19693 D [SUI] EmptyView: Showing EmptyView
09-13 12:08:54.819 19693 19693 I AndroidPanelApp: measureLayerView with initial width 1000, initial height 625, resize behavior NONE.
09-13 12:08:54.819 19693 19693 I AndroidPanelApp: Measured width 1000 and height 625.
09-13 12:08:54.819 19693 19693 I AndroidPanelLayer: Setting size of layer "tablet" to have width 1000 and height 625
09-13 12:08:54.819 18795 21300 I com.oculus.ocm: IncrementDisableThreadFlip blocked for 23.173ms
09-13 12:08:54.820 19693 19693 I AndroidPanelApp: layerTransform: Showing panel layer "tablet" in VrShell with width 1000, height 625, position( 0.000000 , 0.000000 ), rotation (0.000000 , 0.000000 , 0.000000 )  hit-testable true, shape 1, and system-positioned true. Density: 4680.000000. Supersampled: false 
09-13 12:08:54.820 19693 19693 I PanelService: BEGIN: nativeInitializePanelInstance - Configure and set up thread polling.
09-13 12:08:54.820 19693 19693 I PanelService: BEGIN: Call hosted app's Configure method.
09-13 12:08:54.820 19693 19693 I PanelService: END: Call hosted app's Configure method.
09-13 12:08:54.820 19693 19693 I PanelService: END: nativeInitializePanelInstance - Add fd 51 to looper with error code 1
09-13 12:08:54.820 19693 19693 D CppPanelService: END: Initializing panel application via MSG_CREATE_PANEL_APP.
09-13 12:08:54.820 19693 19693 D [SUI] AnytimeUIAndroidPanelApp: Received deeplink; uri: /tablet_none.
09-13 12:08:54.820 19693 19693 D [SUI] AnytimeUIAndroidPanelApp: Hiding tablet due to unknown reason
09-13 12:08:54.821 19693 19693 D [SUI] LibraryLogger: Library Session ID Generated: c48c9a66-3eaa-4dc4-ad7f-9d564fe96cc4
09-13 12:08:54.821 19693 19693 I [SUI] AnytimeUIAndroidPanelApp: handleGenericMessage activeComponent com.oculus.explore/com.oculus.explore.PanelService 
09-13 12:08:54.821 19693 19693 I [SUI] AnytimeUIAndroidPanelApp: handleActiveComponent - com.oculus.explore/com.oculus.explore.PanelService, returnComponent = 
09-13 12:08:54.839 21134 21222 V RCTVRNET: Request complete: time=463 name=unknown docid= traceid=B0aiuEvqqgJ code=200
09-13 12:08:54.839 20641 20655 W System  : A resource failed to call close. 
09-13 12:08:54.839 20641 20655 W System  : A resource failed to call release. 
09-13 12:08:54.859  1085  1117 W InputReader: Device has associated, but no associated display id.
09-13 12:08:54.860  1085  1117 I ActivityTaskManager: Override config changes=20005df8 {0.0 ?mcc?mnc ?localeList ?layoutDir sw88dp w640dp h88dp 200dpi nrml long land ?uimode ?night -touch qwerty/v/v -nav/h winConfig={ mBounds=Rect(0, 0 - 800, 110) mAppBounds=Rect(0, 0 - 800, 110) mWindowingMode=fullscreen mDisplayWindowingMode=fullscreen mActivityType=undefined mAlwaysOnTop=undefined mRotation=ROTATION_0}} for displayId=1011
09-13 12:08:54.871 19693 19693 D [SUI] SharingViewModel: clearAbuseReportRecordingTimer
09-13 12:08:54.871 19693 19693 I [SUI] AnytimeUIAndroidPanelApp: updateGuardianStatus - false - 2 - false - true
09-13 12:08:54.871 19693 19693 I [SUI] AnytimeUIAndroidPanelApp: handleGenericMessage updateHandDialog hand1
09-13 12:08:54.872 19693 19693 I [SUI] AnytimeUIAndroidPanelApp: handleUpdateHandDialog: [hand1]
09-13 12:08:54.872 19693 19693 I AndroidPanelApp: ensurePanelLayer(layer: hand1, width: 200, height: 200, resize: WRAP_CONTENT_HEIGHT, view creator: hand1)
09-13 12:08:54.872 19693 19693 I AndroidPanelApp: ensurePanelLayer(layer: hand1, width: 200, height: 200, resize behavior: WRAP_CONTENT_HEIGHT)
09-13 12:08:54.872 19693 19693 I AndroidPanelLayer: Setting spec for layer "hand1"
09-13 12:08:54.872 19693 19693 I AndroidPanelLayer: Setting size of layer "hand1" to have width 250 and height 1250
09-13 12:08:54.872 19693 19693 I AndroidPanelLayer: Destroying presentation for layer "hand1".
09-13 12:08:54.872 19693 19693 I AndroidPanelLayer: Creating presentation for layer "hand1" with width 250 and height 1250
09-13 12:08:54.876  1085  1215 I DisplayManagerService: Display device added: DisplayDeviceInfo{"com.oculus.android_panel_app.AndroidPanelLayer-hand1": uniqueId="virtual:com.oculus.systemux,1010026,com.oculus.android_panel_app.AndroidPanelLayer-hand1,0", 250 x 1250, modeId 1018, defaultModeId 1018, supportedModes [{id=1018, width=250, height=1250, fps=60.0}], colorMode 0, supportedColorModes [0], HdrCapabilities null, density 200, 200.0 x 200.0 dpi, appVsyncOff 0, presDeadline 16666666, touch NONE, rotation 0, type VIRTUAL, state OFF, owner com.oculus.systemux (uid 1010026), FLAG_PRIVATE, FLAG_NEVER_BLANK, FLAG_OWN_CONTENT_ONLY}
09-13 12:08:54.882 21134 21222 V RCTVRNET: Request complete: time=488 name=unknown docid=4031519903637736 traceid=DvP+8JzW/95 code=200
