09-13 12:08:52.558  2237  2541 I Vsync   : Adjusting vsync display refresh rate 72.000000 -> 90.000000
09-13 12:08:52.560  2237 25371 W TimeWarpClient: WarpToScreen: No completed frames to display for primary client 127. submittedFrameIndex = 1
09-13 12:08:52.562  1716 20704 I ServerProcessConnector: HandleClientConnect: Client: com.oculus.vrshell:com.oculus.vrshell:20641, Server: com.oculus.mrservice:com.oculus.mrservice:1716 (MrServiceIPCServer)
09-13 12:08:52.564 20641 20674 I RuntimeIPCClientMgr: TryToGetIPCResourcesFromServer: RPC_CONNECTOR_CONNECT_TO_SERVER SUCCESS: Client: com.oculus.vrshell:com.oculus.vrshell:20641, Server: com.oculus.mrservice:com.oculus.mrservice (MrServiceIPCServer)
09-13 12:08:52.564 20641 20674 I RuntimeIPCClientMgr: EnsureServerConnection: SUCCESS. Client: com.oculus.vrshell:com.oculus.vrshell:20641, Server: com.oculus.mrservice:com.oculus.mrservice (MrServiceIPCServer)
09-13 12:08:52.564 20641 20674 I RuntimeIPCClientMgr: ConnectToServer: SUCCESS: Client: com.oculus.vrshell:com.oculus.vrshell:20641, Server: com.oculus.mrservice:com.oculus.mrservice (MrServiceIPCServer)
09-13 12:08:52.564 20641 20674 I [SEO] MrServiceClientVrApi: MrSessionCreate OK
09-13 12:08:52.565  2237 25371 I TimeWarp: SetSchedFifo( tid=20525, pol=3, pri=0 ) succeeded
09-13 12:08:52.566   898   898 E VrApiService: Error set scheduler for process 2237 thread 25439 to 2 : No such process (3)
09-13 12:08:52.566  2237 25371 I TimeWarp: SetSchedFifo( tid=25439, pol=2, pri=0 ) succeeded
09-13 12:08:52.566  2237 25371 I TimeWarp: SetSchedFifo( tid=25569, pol=3, pri=0 ) succeeded
09-13 12:08:52.566  2237 25371 I AADT    : SetAADTLutDataX. Thread. SizeX: 0
09-13 12:08:52.566  2237 25371 I AADT    : SetAADTLutDataY. Thread. SizeY: 0
09-13 12:08:52.571   898  2934 D VrApiService: refresh-rate changed to 90Hz
09-13 12:08:52.571  2237  2541 I PerformanceManager: SetClockLevels: Apply pending clock request change: 2,4 -> 2,3
09-13 12:08:52.571  2237 25357 I Clocks  : ReleaseClocks - start
09-13 12:08:52.572  2237 25357 I Clocks  : ReleaseClocks - end (0.4 ms)
09-13 12:08:52.572  2237 25357 I Clocks  : LockClocks( cpu=2, gpu=3 ) - start
09-13 12:08:52.574  2237 25371 W TimeWarpClient: WarpToScreen: No completed frames to display for primary client 127. submittedFrameIndex = 1
09-13 12:08:52.575  2237 25357 I Clocks  : CPU levels [0, 4]
09-13 12:08:52.575  2237 25357 I Clocks  : GPU levels [0, 5]
09-13 12:08:52.575 20502 20525 I VrApi   : Received ovrRuntime event 5
09-13 12:08:52.575 20502 20525 I VrApi   : Received ovrRuntime event 11
09-13 12:08:52.578  2237 25357 I Clocks  : LockClocks( cpu=2, gpu=3 ) - end (6.1 ms)
09-13 12:08:52.586 20502 25565 D VrApi   : targetSDKVersion 25
09-13 12:08:52.586  2237  2541 I VrRuntimeServer: DisableCompositorClient: 0
09-13 12:08:52.586  2237  2541 I TimeWarpClientMgr: Disable client 0
09-13 12:08:52.586  2237  2541 I TimeWarpClientMgr: DisableClient: frame flush required: 1
09-13 12:08:52.593 25440 25440 W com.oculus.processhelper.ProcessHelper: Current process name is: com.oculus.socialplatform
09-13 12:08:52.594 17950 17950 E OVRMediaServiceManager: LivestreamingManager Not initialized
09-13 12:08:52.598 20502 25565 I JniUtils: ovr_GetCurrentPackageSignature 
09-13 12:08:52.600 20502 25565 I Metrics : device name = Oculus Quest 2
09-13 12:08:52.602 20641 25566 D VrApi   : targetSDKVersion 29
09-13 12:08:52.605 20641 25566 I JniUtils: ovr_GetCurrentPackageSignature 
09-13 12:08:52.607 20641 25566 I Metrics : device name = Oculus Quest 2
09-13 12:08:52.607 18389 18389 E OVRMediaServiceManager: LivestreamingManager Not initialized
09-13 12:08:52.608  2237 25371 I Vsync   : Vsync 558:  1 x 11.13 ms (71.82 Hz, at 157529.407)
09-13 12:08:52.612 18389 18389 I OVRPlatform: [LiveVideo] LiveVideo::SendJsonData data = {"package_name":"com.oculus.shellenv","allow_screen_recording":true,"allow_vr_casting":true,"sessionId":"","type":5,"data":"onAppSwitch","error":0,"video_height":512,"video_width":512,"video_fps":30}
09-13 12:08:52.613 25440 25440 E PartyStateManager: onAppStart nativeGetSystemVoipData didn't contain state
09-13 12:08:52.614 19081 19081 W com.oculus.processhelper.ProcessHelper: Current process name is: com.oculus.socialplatform
09-13 12:08:52.617  1937  2611 I GuardianSystem: runtimeServiceSDKClient_.ForceShowGuardianEvent
09-13 12:08:52.617  1937  2611 I GuardianSystem: ForceShowGuardian: false, 0.00
09-13 12:08:52.617  1937  2611 I GuardianSystem: runtimeServiceSDKClient_.PackageChangeEvent: package=[com.oculus.shellenv], process=[com.oculus.shellenv]
09-13 12:08:52.617  1937  2611 I GuardianSystem: SetCurrentProcessName: com.oculus.shellenv, previous ProcessName: system_server
09-13 12:08:52.618  1937  2611 I GuardianSystem: runtimeServiceSDKClient_.ForceShowGuardianEvent
09-13 12:08:52.618  1937  2611 I GuardianSystem: ForceShowGuardian: false, 0.00
09-13 12:08:52.620 18795 18818 I LibraryProvider: running queryApp(com.oculus.shellenv) for UID 1010030
09-13 12:08:52.628 20502 20525 I VrApi   : Received ovrRuntime event 11
09-13 12:08:52.629 25440 25440 W VRLifecycleManager: onHeadsetMounted
09-13 12:08:52.630 18510 18510 D [OAR] BaseOverlayService: screenStateReceiver Received broadcast: com.oculus.vrshell.intent.action.PRIMARY_PACKAGE_CHANGED
09-13 12:08:52.632 20641 20641 D [OAR] BaseOverlayService: screenStateReceiver Received broadcast: com.oculus.vrshell.intent.action.PRIMARY_PACKAGE_CHANGED
09-13 12:08:52.632  1716  2721 I VrApi   : Received ovrRuntime event 11
09-13 12:08:52.632  1716  2721 I [CT]    : MIXEDREALITY: MrServiceView: renderIteration: Display refresh rate changed, new value: 90.0.
09-13 12:08:52.632  1716  2721 I [CT]    : MIXEDREALITY: MrRuntimeImpl: onDisplayRefreshRateChanged: Display rate changed from 72.0 to 90.0.
09-13 12:08:52.632  1716  2721 I [CT]    : MIXEDREALITY: MrRuntimeImpl: Force telemetry to be sent now.
09-13 12:08:52.632  1716  2721 I [CT]    : MIXEDREALITY: MrRuntimeImpl: Reset telemetry such to start collecting data using the new refresh rate.
09-13 12:08:52.632  1716  2721 I [CT]    : MIXEDREALITY: MrRuntimeImpl: setSessionInitTime: Session initialization timer was set to 157529.431155296 ns.
09-13 12:08:52.632  1716  2721 I [CT]    : MIXEDREALITY: MrRuntimeImpl: setSessionInitTime: Reset session duration timer after 3.560958123 seconds.
09-13 12:08:52.633 18081 18081 D [OAO] BaseOverlayService: screenStateReceiver Received broadcast: com.oculus.vrshell.intent.action.PRIMARY_PACKAGE_CHANGED
09-13 12:08:52.633 18081 18081 I [OAO] ShellOverlayServiceJNI: NativeSendOverlayCommand
09-13 12:08:52.633 18081 18081 I [OAO] ShellOverlayServiceJNI: NativeWake
09-13 12:08:52.633 18081 18081 I [OAO] ShellOverlayMain: WakeVrThread
09-13 12:08:52.633 18707 18707 D [OAO] BaseOverlayService: screenStateReceiver Received broadcast: com.oculus.vrshell.intent.action.PRIMARY_PACKAGE_CHANGED
09-13 12:08:52.633 18707 18707 I [OAO] ShellOverlayServiceJNI: NativeSendOverlayCommand
09-13 12:08:52.633 18707 18707 I [OAO] ShellOverlayServiceJNI: NativeWake
09-13 12:08:52.633 18707 18707 I [OAO] ShellOverlayMain: WakeVrThread
09-13 12:08:52.633 18707 18707 I [OAO] ShellOverlayMain: WakeVrThread - notifying vr thread
09-13 12:08:52.633 18081 18081 I [OAO] ShellOverlayMain: WakeVrThread - notifying vr thread
09-13 12:08:52.634 19081 19081 E PartyStateManager: onAppStart nativeGetSystemVoipData didn't contain state
09-13 12:08:52.637 18707 19532 I [OAO] ShellOverlayApp: 0xcbbebc38 msg: overlayCommand:
09-13 12:08:52.637 18707 19532 I [OAO] ShellOverlayApp: command = primaryPackageChanged
09-13 12:08:52.637 18707 19532 I [OAO] ShellOverlayApp: Process_OverlayCommand command : primaryPackageChanged
09-13 12:08:52.637 18707 19532 I [OAO] ShellOverlayApp: UpdatePrimaryPackage
09-13 12:08:52.638 18707 19532 I [OAO] ShellOverlayApp: UpdatePrimaryPackage Requested for PackageName:com.oculus.shellenv  IsFocusAware:0
09-13 12:08:52.638 18707 19532 I [OAO] ShellOverlayApp: UpdatePrimaryPackage Package change detected. Previous package:[android.uid.system:1000]
09-13 12:08:52.638 18707 19532 I [OAO] OverlayFlowController: OnPrimaryPackageChange primaryPackage:com.oculus.shellenv immersiveAppChanged:1 forceSilentUpdate:0
09-13 12:08:52.638 18707 19532 I [OAO] OverlayFlowController: Non system primary client change: ready to sleep
09-13 12:08:52.638 18707 19532 I [OAO] OverlayFlowController: Reset resetReason : ReturnToShellHome
09-13 12:08:52.638 18707 19532 I [OAO] OverlayOsDialogFlow: Deactivated - Returning from system application
09-13 12:08:52.638 18707 19532 I [OAO] SystemAssistant: OnModeChanged from Unknown to FullShell
09-13 12:08:52.638 18795 18818 W LibraryProvider: Cannot find entitlement for com.oculus.shellenv
09-13 12:08:52.638 18389 18389 W OVRLibrary: null cursor received for query content://com.oculus.ocms.library/apps/com.oculus.shellenv
09-13 12:08:52.643 19081 19081 W VRLifecycleManager: onHeadsetMounted
09-13 12:08:52.650  1937  2611 I GuardianSystem: Ending pause
09-13 12:08:52.653  1716  2726 D RuntimeIPCServerMgr: RegisterClient: Client: com.oculus.vrshell:com.oculus.vrshell:20641, Server: com.oculus.mrservice:com.oculus.mrservice (MrServiceIPCServer)
09-13 12:08:52.654  1937  2611 I GuardianRender: Resume: GuardianRender resuming.
09-13 12:08:52.655  1716  2758 I [CT]    : MIXEDREALITY: MrClientModelStates: setLayerPaused false layer -1 for client 4010209736.
09-13 12:08:52.656  1716  2758 I [CT]    : MIXEDREALITY: MrSvc: PassthroughLayer: setPaused: Layer -1 is being paused false
09-13 12:08:52.656  1937  2611 I GuardianRender: Resume: Passthrough layer resumed
09-13 12:08:52.656  1937  2611 I GuardianRender: Resume: GuardianRender updating thread states.
09-13 12:08:52.656  1937  2611 I GuardianRender: Resume: GuardianRender resume complete.
09-13 12:08:52.656  1937  2611 I OpenXR  : xrCreateReferenceSpace: Spaces info
09-13 12:08:52.656  1937  2611 I OpenXR  : xrCreateReferenceSpace: Local version=198
09-13 12:08:52.656  1937  2611 I OpenXR  : xrCreateReferenceSpace: RawFromLocal       = (-0.000, -0.035, -0.000, 0.999), (-0.14, 0.64, -0.45)
09-13 12:08:52.656  1937  2611 I OpenXR  : xrCreateReferenceSpace: RawFromLocalTilted = (-0.233, -0.044, -0.048, 0.970), (-0.14, 0.64, -0.45)
09-13 12:08:52.656  1937  2611 I OpenXR  : xrCreateReferenceSpace: Stage IsValid=false
09-13 12:08:52.656  1937  2611 I OpenXR  : xrCreateReferenceSpace: Stage Width=0.000000, Depth=0.000000
09-13 12:08:52.656  1937  2611 I OpenXR  : xrCreateReferenceSpace: RawFromStage       = (0.000, -0.035, 0.000, 0.999), (-0.14, -1.67, -0.45)
09-13 12:08:52.656  1937  2611 I GuardianInput: GuardianInput::Resume ... intializing session bound objects.
09-13 12:08:52.656  1937  2611 I OpenXR_Actions: ----- xrAttachSessionActionSets --------
09-13 12:08:52.656  1937  2611 W Telemetry: [OpenXR_Actions] actionsets already attached; 
09-13 12:08:52.656  1937  2611 I GuardianSystem: OpenXR error: xrAttachSessionActionSets(session, &attachInfo): XR_ERROR_ACTIONSETS_ALREADY_ATTACHED
09-13 12:08:52.656  1937  2611 I OpenXR_Actions: ------------ xrCreateActionSpace -----------
09-13 12:08:52.656  1937  2611 I OpenXR_Actions: ------------ xrCreateActionSpace -----------
09-13 12:08:52.656  1937  2611 I OpenXR_Hands: ------------ xrCreateHandTrackerEXT -----------
09-13 12:08:52.656  1937  2611 I OpenXR_Hands: ------------ xrCreateHandTrackerEXT -----------
09-13 12:08:52.661 18707 19532 I [OAO] SystemAssistant: Assistant panel is not active. Command [hide-attention-instant] could not be sent
09-13 12:08:52.661 18707 19532 I [OAO] PanelAppHost: PanelAppHost destructor: id 1 com.oculus.systemux/com.oculus.panelapp.anytimeui.AnytimeUIAndroidPanelService
09-13 12:08:52.661 18707 19532 I [OAO] PanelAppHost: Panel app 1 (com.oculus.systemux/com.oculus.panelapp.anytimeui.AnytimeUIAndroidPanelService) changing state from foreground to shutdown
09-13 12:08:52.663 18707 19532 D [OAO] ShellApplication: Unbinding service for panel app id 1
09-13 12:08:52.666 18081 19147 I [OAO] ShellOverlayApp: 0xcafbfc38 msg: overlayCommand:
09-13 12:08:52.666 18081 19147 I [OAO] ShellOverlayApp: command = primaryPackageChanged
09-13 12:08:52.666 18081 19147 I [OAO] ShellOverlayApp: Process_OverlayCommand command : primaryPackageChanged
09-13 12:08:52.667 18081 19147 I [OAO] ShellOverlayApp: UpdatePrimaryPackage
09-13 12:08:52.669 18081 19147 I [OAO] ShellOverlayApp: UpdatePrimaryPackage Requested for PackageName:com.oculus.shellenv  IsFocusAware:0
09-13 12:08:52.669 18081 19147 I [OAO] ShellOverlayApp: UpdatePrimaryPackage Package change detected. Previous package:[android.uid.system:1000]
09-13 12:08:52.669 18081 19147 I [OAO] OverlayFlowController: OnPrimaryPackageChange primaryPackage:com.oculus.shellenv immersiveAppChanged:1 forceSilentUpdate:0
09-13 12:08:52.669 18081 19147 I [OAO] OverlayFlowController: Non system primary client change: ready to sleep
09-13 12:08:52.669 18081 19147 I [OAO] OverlayFlowController: Reset resetReason : ReturnToShellHome
09-13 12:08:52.669 18081 19147 I [OAO] OverlayOsDialogFlow: Deactivated - Returning from system application
09-13 12:08:52.669 18081 19147 I [OAO] SystemAssistant: OnModeChanged from Unknown to FullShell
09-13 12:08:52.673  1716  2721 I [CT]    : MIXEDREALITY: MrSvc: PassthroughLayer: Deallocating framebuffers for layer -1.
09-13 12:08:52.680  1716 25574 I [CT]    : MIXEDREALITY: MrServiceIPCServer: MrServiceIPCServer::onClientConnected
09-13 12:08:52.680  1716 25574 I [CT]    : MIXEDREALITY: MrServiceController: clientConnected: 1261347650/com.oculus.vrshell/com.oculus.vrshell:20641
09-13 12:08:52.680  1716 25574 I [CT]    : MIXEDREALITY: ClientsStatus: ====== Connected clients ======
09-13 12:08:52.680  1716 25574 I [CT]    : MIXEDREALITY: ClientsStatus: Client: 4010209736/com.oculus.guardian/com.oculus.vrguardianservice:1937
09-13 12:08:52.680  1716 25574 I [CT]    : MIXEDREALITY: ClientsStatus:    [Passthrough] -> Paused
09-13 12:08:52.680  1716 25574 I [CT]    : MIXEDREALITY: ClientsStatus:    [Freespace] -> Created
09-13 12:08:52.680  1716 25574 I [CT]    : MIXEDREALITY: ClientsStatus: ===============================
09-13 12:08:52.680 18081 19147 I [OAO] SystemAssistant: Assistant panel is not active. Command [hide-attention-instant] could not be sent
09-13 12:08:52.680 18081 19147 I [OAO] PanelAppHost: PanelAppHost destructor: id 1 com.oculus.systemux/com.oculus.panelapp.anytimeui.AnytimeUIAndroidPanelService
09-13 12:08:52.680 18081 19147 I [OAO] PanelAppHost: Panel app 1 (com.oculus.systemux/com.oculus.panelapp.anytimeui.AnytimeUIAndroidPanelService) changing state from foreground to shutdown
09-13 12:08:52.680 18081 19147 D [OAO] ShellApplication: Unbinding service for panel app id 1
09-13 12:08:52.689 28183 28403 I LibraryProvider: running queryApp(com.oculus.mrservice) for UID 1000
09-13 12:08:52.690  1937  2611 W OsSdk   : Requested historical tracking state too far in the past; oldest: 157529.205248s, requested: 157518.903363s
09-13 12:08:52.691  1716 25574 I [CT]    : MIXEDREALITY: ClientsStatus: Registration from 1261347650/com.oculus.vrshell/com.oculus.vrshell:20641 accepted.
09-13 12:08:52.691  1716 25574 I [CT]    : MIXEDREALITY: MrClientModelStates: registerClient: For client 1261347650 (com.oculus.vrshell:com.oculus.vrshell:20641).
09-13 12:08:52.691  1716 25574 I [CT]    : MIXEDREALITY: MrFeatureStatus: Client status changed from Destroyed to Created.
09-13 12:08:52.691  1937  2611 W OsSdk   : Requested historical tracking state too far in the past; oldest: 157529.205248s, requested: 157518.903363s
09-13 12:08:52.692 20641 20674 I [SEO] MrServiceClientVrApi: MrSessionCreatePassthrough OK
09-13 12:08:52.692 20641 20674 I [SEO] VrPlatformVrApi: Setting perf thread tids to main=20674, render=unset
09-13 12:08:52.692 20641 20674 I [SEO] VrPlatformVrApi: Setting clock levels to cpu=2, gpu=4
09-13 12:08:52.692 20641 20674 I ClientInputSettings: SetInhibitHandleHomeKey = true for com.oculus.vrshell
09-13 12:08:52.692 20641 20674 I ClientInputInterface: SetInhibitHandleHomeKey 1
09-13 12:08:52.692 20641 20674 I [SEO] Compositor: Initializing Compositor: 1440x1584
09-13 12:08:52.692 20641 20674 I [SEO] AudioMixer: Enabling AudioPlayer.
09-13 12:08:52.692 20641 20674 I [SEO] AudioEngine: virtual void AudioLibrary::AudioEngine::EnablePlayer()
09-13 12:08:52.693 20641 20674 D         : PlayerBase::PlayerBase()
09-13 12:08:52.693 28183 28403 W LibraryProvider: Cannot find entitlement for com.oculus.mrservice
09-13 12:08:52.694 20641 20674 D         : TrackPlayerBase::TrackPlayerBase()
09-13 12:08:52.694 20641 20674 I libOpenSLES: Emulating old channel mask behavior (ignoring positional mask 0x3, using default mask 0x3 based on channel count of 2)
09-13 12:08:52.694  1653 19948 W OVRLibrary: null cursor received for query content://com.oculus.ocms.library/apps/com.oculus.mrservice
09-13 12:08:52.697 18081 18081 I [OAO] VrNotificationListenerService: onNotificationPosted(): key = 0|android|0|com.android.server.wm.AlertWindowNotification - com.oculus.vrshell|1000, type = third_party
09-13 12:08:52.697 18081 18081 I [OAO] VrNotificationListenerService: onNotificationPosted(): user|package|tag|id = UserHandle{0}|android|com.android.server.wm.AlertWindowNotification - com.oculus.vrshell|0
09-13 12:08:52.698   748 26339 I audio_hw_primary: getting vr mode to 0
09-13 12:08:52.698   779 11469 I hash_map_utils: key: 'vr_audio_mode_on' value: ''
09-13 12:08:52.699   779 11469 I AudioPolicyManagerCustom: VR mode is 0, switch to primary output if request is for fast|raw
09-13 12:08:52.701   779 11469 W AudioFlinger: createTrack_l(): mismatch between requested flags (00000104) and output flags (00000006)
09-13 12:08:52.701   779 11469 D AudioFlinger: Client defaulted notificationFrames to 192 for frameCount 384
09-13 12:08:52.706  1664  1664 D OculusNotificationListenerService: Notification posted: 0|android|0|com.android.server.wm.AlertWindowNotification - com.oculus.vrshell|1000
09-13 12:08:52.710 18707 18707 I [OAO] VrNotificationListenerService: onNotificationPosted(): key = 0|android|0|com.android.server.wm.AlertWindowNotification - com.oculus.vrshell|1000, type = third_party
09-13 12:08:52.710 18707 18707 I [OAO] VrNotificationListenerService: onNotificationPosted(): user|package|tag|id = UserHandle{0}|android|com.android.server.wm.AlertWindowNotification - com.oculus.vrshell|0
09-13 12:08:52.711   779 11469 D AF::TrackHandle: OpPlayAudio: track:355 uid:1010020 pkg:com.oculus.vrshell usage:1 not muted
09-13 12:08:52.711 19693 19693 D CppPanelService: onDestroy()
09-13 12:08:52.713 20641 20674 I AudioTrack: createTrack_l(0): AUDIO_OUTPUT_FLAG_FAST successful; frameCount 0 -> 384
09-13 12:08:52.717 19551 19551 V AvrcpMediaPlayerList: onPlaybackConfigChanged(): Configs list size=8
09-13 12:08:52.738  2562  2562 D CppPanelService: onDestroy()
09-13 12:08:52.745  2562  2562 I PanelService: VR Shell socket closed(ECONNRESET); shutting down fd: 59
09-13 12:08:52.745  2562  2562 I PanelService: Quitting application via hardExit flag. Shutting down fd 59.
09-13 12:08:52.745  2562  2562 I AndroidPanelApp: Destroyed
09-13 12:08:52.745  2562  2562 D [SUI] AnytimeUIPanelAppBase: Releasing viewModel RunningAppsViewModel refCount: 0
09-13 12:08:52.747  2562  2562 D [SUI] AnytimeUIPanelAppBase: Releasing viewModel DestinationUIViewModel refCount: 2
09-13 12:08:52.747  2562  2562 D [SUI] AnytimeUIPanelAppBase: Releasing viewModel SharingViewModel refCount: 0
09-13 12:08:52.747  2562  2562 D [SUI] SharingViewModel: Destroying ViewModel
09-13 12:08:52.748   723   723 I netd    : firewallSetUidRule(2, 10026, 2) <0.01ms>
09-13 12:08:52.748 18081 19147 I [OAO] SwapChainApiVrApi: Destroying SwapChain:0xdf3ff0d0
09-13 12:08:52.749  2237 18956 I VrRuntimeService: DestroySwapChain: swapchain=1513
09-13 12:08:52.749  2237  2435 I SwapChain: DestroyAndroidSurfaceSwapChain: 0x70adfb8000: Destroying SurfaceTexture 0x2b9a Surface 0x2b82
09-13 12:08:52.749  2237 18956 I VrRuntimeServer: DestroyTextureSwapChain: result destroyswapchain 1
09-13 12:08:52.749 18081 19147 I [OAO] SwapChainApiVrApi: Destroying SwapChain:0xdf3fef98
09-13 12:08:52.750  2237 18956 I VrRuntimeService: DestroySwapChain: swapchain=1512
09-13 12:08:52.750  2237  2435 I SwapChain: DestroyAndroidSurfaceSwapChain: 0x70adfb4000: Destroying SurfaceTexture 0x2c8a Surface 0x2c76
09-13 12:08:52.750  2237 18956 I VrRuntimeServer: DestroyTextureSwapChain: result destroyswapchain 1
09-13 12:08:52.752 18081 19147 I [OAO] SystemTabletController: Reset, reason: 6, taskBarVisibility: 1
09-13 12:08:52.753 18081 19147 I [OAO] SystemDialogController: Reset
09-13 12:08:52.753 18081 19147 I [OAO] DialogControllerManager: Reset
09-13 12:08:52.753 18081 19147 I [OAO] OverlayFlowController: Reset - Resetting lastNonSystemPackageName to empty
09-13 12:08:52.753 18081 19147 I [OAO] FlowController: UpdateActiveFlow from (none) to OverlayOsDialogFlow
09-13 12:08:52.753 18081 19147 I [OAO] OverlayOsDialogFlow: Activated
09-13 12:08:52.753 18081 19147 I [OAO] OverlayFlowController: OnPrimaryPackageChange Setting lastNonSystemPackageName = com.oculus.shellenv
09-13 12:08:52.753 18081 19147 I [OAO] OverlayGuardianFlow: OverlayGuardianFlow UpdatePrimaryPackage lastNonSystemPackage:com.oculus.shellenv isVrShellPackage1
09-13 12:08:52.753 18081 19147 I [OAO] FlowController: UpdateActiveFlow from OverlayOsDialogFlow to OverlayGuardianFlow
09-13 12:08:52.753 18081 19147 I [OAO] OverlayOsDialogFlow: Deactivated - Returning from system application
09-13 12:08:52.753 18081 19147 I [OAO] OverlayGuardianFlow: OverlayGuardianFlow Activate
09-13 12:08:52.753 18081 19147 I [OAO] SystemDialogController: Reset
09-13 12:08:52.754 18081 19147 I VrApi   : Received ovrRuntime event 11
09-13 12:08:52.754 18081 19147 I [OAO] SystemTaskBarV2: Create PanelApp
09-13 12:08:52.754 18081 19147 I [OAO] HostPlatform: Retrieving component launch information for package (com.oculus.systemux) and service (com.oculus.panelapp.anytimeui.AnytimeUIAndroidPanelService)
09-13 12:08:52.758  1664  1664 D OculusNotificationListenerService: Notification posted: 10|com.oculus.horizon|135234|null|1010030
09-13 12:08:52.763 18081 18081 D VrNotificationAnalytics: logNotificationPosted(third_party)
09-13 12:08:52.769 18081 19147 I [OAO] HostPlatform: Is valid panel service component for package (com.oculus.systemux) and service (com.oculus.panelapp.anytimeui.AnytimeUIAndroidPanelService) - true
09-13 12:08:52.769 18081 19147 I [OAO] OverlaySystemUXController: CreatePanel( com.oculus.systemux/com.oculus.panelapp.anytimeui.AnytimeUIAndroidPanelService )
09-13 12:08:52.774 18707 18707 D VrNotificationAnalytics: logNotificationPosted(third_party)
09-13 12:08:52.775 18081 19147 I [OAO] PanelAppHost: PanelAppHost( com.oculus.systemux/com.oculus.panelapp.anytimeui.AnytimeUIAndroidPanelService ) for PanelId 2
09-13 12:08:52.776 18081 19147 I [OAO] PanelAppHost: Panel app 2 (com.oculus.systemux/com.oculus.panelapp.anytimeui.AnytimeUIAndroidPanelService) changing state from startup to foreground
09-13 12:08:52.779  2562  2562 D [SUI] SharingViewModel: clearAbuseReportRecordingTimer
09-13 12:08:52.779  2237 18956 I VrRuntimeService: CreateAndroidSurfaceSwapChain: 1978550979
09-13 12:08:52.779  2237 18956 I VrRuntimeService: CreateAndroidSurfaceSwapChain: 65536 1 32856 1 1 1 1 1 0 0
09-13 12:08:52.779  2562  2562 D [SUI] BarView: Destroying BarView
09-13 12:08:52.779  2237  2435 I SwapChain_Surface: CreateAndroidSurfaceSwapChainGLES: 0x70add90000: SurfaceTexture 0x2c7a Surface 0x2c6a
09-13 12:08:52.779  2237 18956 I VrRuntimeServer: CreateAndroidSurfaceSwapChain: result surface 0x70add90000
09-13 12:08:52.779 18707 18707 I [OAO] VrNotificationListenerService: onNotificationPosted(): key = 10|com.oculus.horizon|135234|null|1010030, type = first_party_unspecified
09-13 12:08:52.780 18707 18707 I [OAO] VrNotificationListenerService: onNotificationPosted(): user|package|tag|id = UserHandle{10}|com.oculus.horizon|null|135234
09-13 12:08:52.780  2562  2562 D [SUI] SocialViewModel: removeObserver(): 
09-13 12:08:52.781  2562  2562 D [SUI] AnytimeUIPanelAppBase: Releasing viewModel SocialViewModel refCount: 2
09-13 12:08:52.781  2562  2562 D [SUI] AnytimeUIPanelAppBase: Releasing viewModel SystemStatusViewModel refCount: 0
09-13 12:08:52.781  2562  2562 D [SUI] AnytimeUIPanelAppBase: Releasing viewModel BarViewModel refCount: 1
09-13 12:08:52.781  2562  2562 D [SUI] StatusViewModel: Destroying ViewModel
09-13 12:08:52.783  2237 18956 I VrRuntimeService: CreateAndroidSurfaceSwapChain: 1978550979
09-13 12:08:52.783  2237 18956 I VrRuntimeService: CreateAndroidSurfaceSwapChain: 65536 1 32856 1 1 1 1 1 0 0
09-13 12:08:52.783  2237  2435 I SwapChain_Surface: CreateAndroidSurfaceSwapChainGLES: 0x70adeae000: SurfaceTexture 0x2b92 Surface 0x2b86
09-13 12:08:52.783  2237 18956 I VrRuntimeServer: CreateAndroidSurfaceSwapChain: result surface 0x70adeae000
09-13 12:08:52.786 18707 18707 D VrNotificationAnalytics: logNotificationPosted(first_party_unspecified)
09-13 12:08:52.786 18707 18707 E AnalyticsEvent: could not set key=notification_tag value=null
09-13 12:08:52.787 18081 18081 I [OAO] VrNotificationListenerService: onNotificationPosted(): key = 10|com.oculus.horizon|135234|null|1010030, type = first_party_unspecified
09-13 12:08:52.787 18081 18081 I [OAO] VrNotificationListenerService: onNotificationPosted(): user|package|tag|id = UserHandle{10}|com.oculus.horizon|null|135234
09-13 12:08:52.792 20641 25575 D         : PlayerBase::stop() from IPlayer
09-13 12:08:52.792 20641 25575 D AudioTrack: stop(324): called with 0 frames delivered
09-13 12:08:52.792   748 26339 D msm8974_platform: platform_split_snd_device: snd_device(2) num devices(1) new_snd_devices(0)
09-13 12:08:52.792   748 26339 D ACDB-LOADER: ACDB -> send_audvoltable
09-13 12:08:52.793   748 26339 D ACDB-LOADER: ACDB -> ACDB_CMD_GET_AUDPROC_INSTANCE_GAIN_DEP_STEP_TABLE_SIZE
09-13 12:08:52.793   748 26339 D         : Failed to fetch the lookup information of the device 0000000F 
09-13 12:08:52.793   748 26339 D ACDB-LOADER: Error: ACDB_CMD_GET_AUDPROC_INSTANCE_GAIN_DEP_STEP_TABLE_SIZE Returned = -19
09-13 12:08:52.793   748 26339 D ACDB-LOADER: ACDB -> ACDB_CMD_GET_AUDPROC_INSTANCE_GAIN_DEP_STEP_TABLE, vol index 11
09-13 12:08:52.793   748 26339 D         : Failed to fetch the lookup information of the device 0000000F 
09-13 12:08:52.793   748 26339 D ACDB-LOADER: Error: ACDB AudProc vol returned = -19
09-13 12:08:52.793   748 26339 D ACDB-LOADER: ACDB -> AUDIO_SET_VOL_CAL cal type = 40
09-13 12:08:52.793   748 26339 W msm8974_platform: platform_send_gain_dep_cal: Usecase list is empty
09-13 12:08:52.793   748 26339 D msm8974_platform: platform_split_snd_device: snd_device(2) num devices(1) new_snd_devices(0)
09-13 12:08:52.793   748 26339 D ACDB-LOADER: ACDB -> send_audvoltable
09-13 12:08:52.793   748 26339 D ACDB-LOADER: ACDB -> ACDB_CMD_GET_AUDPROC_INSTANCE_GAIN_DEP_STEP_TABLE_SIZE
09-13 12:08:52.793   748 26339 D         : Failed to fetch the lookup information of the device 0000000F 
09-13 12:08:52.793   748 26339 D ACDB-LOADER: Error: ACDB_CMD_GET_AUDPROC_INSTANCE_GAIN_DEP_STEP_TABLE_SIZE Returned = -19
09-13 12:08:52.793   748 26339 D ACDB-LOADER: ACDB -> ACDB_CMD_GET_AUDPROC_INSTANCE_GAIN_DEP_STEP_TABLE, vol index 11
09-13 12:08:52.793   748 26339 D         : Failed to fetch the lookup information of the device 0000000F 
09-13 12:08:52.793   748 26339 D ACDB-LOADER: Error: ACDB AudProc vol returned = -19
09-13 12:08:52.793   748 26339 D ACDB-LOADER: ACDB -> AUDIO_SET_VOL_CAL cal type = 40
09-13 12:08:52.799 20641 20674 D [OAR] ShellApplication: requestAudioFocus, transientFocus=false
09-13 12:08:52.799 20641 20674 W AudioManager: Use of stream types is deprecated for operations other than volume control
09-13 12:08:52.799 20641 20674 W AudioManager: See the documentation of requestAudioFocus() for what to use instead with android.media.AudioAttributes to qualify your playback use case
09-13 12:08:52.801 18081 18081 D VrNotificationAnalytics: logNotificationPosted(first_party_unspecified)
09-13 12:08:52.801 18081 18081 E AnalyticsEvent: could not set key=notification_tag value=null
09-13 12:08:52.810 19551 19551 V AvrcpMediaPlayerList: onPlaybackConfigChanged(): Configs list size=8
09-13 12:08:52.815 19693 19693 I PanelService: VR Shell socket closed(ECONNRESET); shutting down fd: 88
09-13 12:08:52.815 19693 19693 I PanelService: Quitting application via hardExit flag. Shutting down fd 88.
09-13 12:08:52.815 19693 19693 I AndroidPanelApp: Destroyed
09-13 12:08:52.815 19693 19693 D [SUI] AnytimeUIPanelAppBase: Releasing viewModel RunningAppsViewModel refCount: 0
09-13 12:08:52.816 19693 19693 D [SUI] AnytimeUIPanelAppBase: Releasing viewModel DestinationUIViewModel refCount: 2
09-13 12:08:52.816 19693 19693 D [SUI] AnytimeUIPanelAppBase: Releasing viewModel SharingViewModel refCount: 0
09-13 12:08:52.816 19693 19693 D [SUI] SharingViewModel: Destroying ViewModel
09-13 12:08:52.818 18707 19532 I [OAO] SwapChainApiVrApi: Destroying SwapChain:0xca4b6658
09-13 12:08:52.819  2237 19528 I VrRuntimeService: DestroySwapChain: swapchain=1630
09-13 12:08:52.819  2237  2435 I SwapChain: DestroyAndroidSurfaceSwapChain: 0x7084e0b000: Destroying SurfaceTexture 0x2a3a Surface 0x2a26
09-13 12:08:52.819  2237 19528 I VrRuntimeServer: DestroyTextureSwapChain: result destroyswapchain 1
09-13 12:08:52.824 19693 19693 D [SUI] SharingViewModel: clearAbuseReportRecordingTimer
09-13 12:08:52.825 18707 19532 I [OAO] SwapChainApiVrApi: Destroying SwapChain:0xca4b5fc8
09-13 12:08:52.825 19693 19693 D [SUI] BarView: Destroying BarView
09-13 12:08:52.825  2237 19528 I VrRuntimeService: DestroySwapChain: swapchain=1629
09-13 12:08:52.825 18389 18389 E OVRMediaServiceManager: LivestreamingManager Not initialized
09-13 12:08:52.825  2237  2435 I SwapChain: DestroyAndroidSurfaceSwapChain: 0x70ac9ec000: Destroying SurfaceTexture 0x2b06 Surface 0x2a66
09-13 12:08:52.825  2237 19528 I VrRuntimeServer: DestroyTextureSwapChain: result destroyswapchain 1
09-13 12:08:52.825  1085 14659 I MediaFocusControl: requestAudioFocus() from uid/pid 1010020/20641 clientId=android.media.AudioManager@a95d3b9com.oculus.vrshell.ShellAudioFocusHandler@263b3fe callingPack=com.oculus.vrshell req=1 flags=0x0 sdk=29
09-13 12:08:52.826 19693 19693 D [SUI] StatusView: Destroying StatusView
09-13 12:08:52.826 18707 19532 I [OAO] SystemTabletController: Reset, reason: 6, taskBarVisibility: 1
09-13 12:08:52.826 19693 19693 D [SUI] AnytimeUIPanelAppBase: Releasing viewModel StatusViewModel refCount: 3
09-13 12:08:52.826 18707 19532 I [OAO] SystemDialogController: Reset
09-13 12:08:52.826 19693 19693 D [SUI] AnytimeUIPanelAppBase: Releasing viewModel ProfileViewModel refCount: 0
09-13 12:08:52.826 18707 19532 I [OAO] DialogControllerManager: Reset
09-13 12:08:52.826 18707 19532 I [OAO] OverlayFlowController: Reset - Resetting lastNonSystemPackageName to empty
09-13 12:08:52.826 18707 19532 I [OAO] FlowController: UpdateActiveFlow from (none) to OverlayOsDialogFlow
09-13 12:08:52.826 18707 19532 I [OAO] OverlayOsDialogFlow: Activated
09-13 12:08:52.826 18707 19532 I [OAO] OverlayFlowController: OnPrimaryPackageChange Setting lastNonSystemPackageName = com.oculus.shellenv
09-13 12:08:52.826 18707 19532 I [OAO] OverlayGuardianFlow: OverlayGuardianFlow UpdatePrimaryPackage lastNonSystemPackage:com.oculus.shellenv isVrShellPackage1
09-13 12:08:52.826 18707 19532 I [OAO] FlowController: UpdateActiveFlow from OverlayOsDialogFlow to OverlayGuardianFlow
09-13 12:08:52.826 18707 19532 I [OAO] OverlayOsDialogFlow: Deactivated - Returning from system application
09-13 12:08:52.826 18707 19532 I [OAO] OverlayGuardianFlow: OverlayGuardianFlow Activate
09-13 12:08:52.826 19693 19693 D [SUI] ProfileViewModel: Destroying ViewModel
09-13 12:08:52.826 18707 19532 I [OAO] SystemDialogController: Reset
09-13 12:08:52.826 19693 19693 D [SUI] AnytimeUIPanelAppBase: Releasing viewModel SocialViewModel refCount: 2
09-13 12:08:52.826 18707 19532 I VrApi   : Received ovrRuntime event 11
09-13 12:08:52.827 19693 19693 D [SUI] SocialViewModel: removePartyObserver(): -$$Lambda$BarView$G1seNBFidAJU9PUP39RSr_lQJ5k
09-13 12:08:52.827 18707 19532 I [OAO] SystemTaskBarV2: Create PanelApp
09-13 12:08:52.827 18707 19532 I [OAO] HostPlatform: Retrieving component launch information for package (com.oculus.systemux) and service (com.oculus.panelapp.anytimeui.AnytimeUIAndroidPanelService)
09-13 12:08:52.827 19081 19081 E PartyStateManager: onAppStart nativeGetSystemVoipData didn't contain state
09-13 12:08:52.827 19693 19693 D [SUI] MessengerCallViewModel: removeObserver
09-13 12:08:52.827 19693 19693 D [SUI] AnytimeUIPanelAppBase: Releasing viewModel BarPinnedAppsViewModel refCount: 0
09-13 12:08:52.827 19693 19693 D [SUI] BarPinnedAppsViewModel: Destroying BarPinnedAppsViewModel
09-13 12:08:52.827 19693 19693 D [SUI] AnytimeUIPanelAppBase: Releasing viewModel ActiveCallBarViewModel refCount: 0
09-13 12:08:52.828 19693 19693 D [SUI] AnytimeUIPanelAppBase: Releasing viewModel SocialViewModel refCount: 1
09-13 12:08:52.828 19693 19693 D [SUI] AnytimeUIPanelAppBase: Releasing viewModel MessengerCallViewModel refCount: 0
09-13 12:08:52.828 19693 19693 D [SUI] MessengerCallBarViewModel: destroyed MessengerCallBarViewModel
09-13 12:08:52.828 19693 19693 D [SUI] AnytimeUIPanelAppBase: Releasing viewModel BarViewModel refCount: 0
09-13 12:08:52.830 19551 19551 V AvrcpMediaPlayerList: onPlaybackConfigChanged(): Configs list size=8
09-13 12:08:52.831 19693 19693 D [SUI] BarViewModel: Destroying BarViewModel
09-13 12:08:52.831 19693 19693 D [SUI] AnytimeUIPanelAppBase: Releasing viewModel SettingsViewModel refCount: 0
09-13 12:08:52.831 19693 19693 D [SUI] SettingsViewModel: Destroying ViewModel
09-13 12:08:52.832  2562  2562 D [SUI] AnytimeUIPanelAppBase: Releasing viewModel ActiveCallBarViewModel refCount: 0
09-13 12:08:52.832 18081 19147 I [OAO] PanelAppHost: Passing env var _oc_analytics_session_id = c8cacd37-0ad5-409e-91ec-ca54e5185fd3
09-13 12:08:52.832  2562  2562 D [SUI] AnytimeUIPanelAppBase: Releasing viewModel SocialViewModel refCount: 1
09-13 12:08:52.832 18081 19147 I [OAO] PanelAppHost: Passing env var _oc_userid = 103738768251175
09-13 12:08:52.832 18081 19147 I [OAO] PanelAppHost: Passing env var _oc_shell_version_name = 32.0.0.77.353
09-13 12:08:52.832 18081 19147 I [OAO] PanelAppHost: Passing env var _oc_shell_version_code = 315194092
09-13 12:08:52.832 18081 19147 I [OAO] PanelAppHost: Passing env var _oc_shell_automation_enabled = false
09-13 12:08:52.832 18081 19147 I [OAO] PanelAppHost: Passing env var _oc_shell_view_id_debugging_enabled = false
09-13 12:08:52.832 18081 19147 I [OAO] PanelAppHost: Passing env var _oc_shell_pixel_density = 20
09-13 12:08:52.832 18081 19147 I [OAO] PanelAppHost: Passing env var _oc_shell_render_scale = 1.250000
09-13 12:08:52.832 18081 19147 I [OAO] PanelAppHost: Passing env var _oc_shell_ux_policy = {"glassDesktop":false,"panelBackgroundLayerOriginDepths":{"far":0.2,"mid":0.1,"near":0.015}}
09-13 12:08:52.832 18081 19147 I [OAO] PanelAppHost: Passing env var _oc_shell_feature_sets = clock-levels-v1,cooperativeState-v2,layerTranslate-v1,multiapp-v1,multiapp-v2,multiapp-v3,recoverInstances-v1,secure-layers-v1,system-ux-file-picker-v1,system-reauth-v1,systemActionForegroundPanels-v1,panelAdaptabilityTablet-v1,systemThemeSetting-v1,displayManagementSetting-v1,vrNotificationsBootLoad-v1,newAUIBar-v1
09-13 12:08:52.832  2562  2562 D [SUI] AnytimeUIPanelAppBase: Releasing viewModel MessengerCallViewModel refCount: 0
09-13 12:08:52.832 18081 19147 I [OAO] PanelAppHost: Passing env var _oc_launch_timestamp = 157529574
09-13 12:08:52.832 18081 19147 I [OAO] PanelAppHost: Passing env var _oc_shell_host = minimal_overlay
09-13 12:08:52.832  2562  2562 D [SUI] MessengerCallBarViewModel: destroyed MessengerCallBarViewModel
09-13 12:08:52.832 18081 19147 I [OAO] PanelAppHost: Passing env var _oc_shell_panel_id = 1
09-13 12:08:52.832  2562  2562 D [SUI] DynamicAppsView: Destroying dynamic apps view on bar
09-13 12:08:52.832 18081 19147 I [OAO] PanelAppHost: Calling sendPanelLaunchIntent for panel app com.oculus.systemux/com.oculus.panelapp.anytimeui.AnytimeUIAndroidPanelService
09-13 12:08:52.832  2562  2562 D [SUI] SocialViewModel: removePartyObserver(): -$$Lambda$BarView$G1seNBFidAJU9PUP39RSr_lQJ5k
09-13 12:08:52.832  2562  2562 D [SUI] AnytimeUIPanelAppBase: Releasing viewModel BarPinnedAppsViewModel refCount: 1
09-13 12:08:52.833 18081 19147 D [OAO] ShellApplication: sendApkPanelLaunchIntent: packageName=com.oculus.systemux, serviceClassName=com.oculus.panelapp.anytimeui.AnytimeUIAndroidPanelService
09-13 12:08:52.834  2562  2562 E [SUI] AnytimeUIPanelAppBase: Release ViewModel called on already destroyed ViewModelnull
09-13 12:08:52.834  2562  2562 D [SUI] AnytimeUIPanelAppBase: Releasing viewModel BarViewModel refCount: 0
09-13 12:08:52.834  2562  2562 D [SUI] BarViewModel: Destroying BarViewModel
09-13 12:08:52.834  2562  2562 D [SUI] AnytimeUIPanelAppBase: Releasing viewModel SettingsViewModel refCount: 0
09-13 12:08:52.834  2562  2562 D [SUI] SettingsViewModel: Destroying ViewModel
09-13 12:08:52.836 20641 20674 I [SEO] AudioSystem: Got audio focus : 1
09-13 12:08:52.836 18707 19532 I [OAO] HostPlatform: Is valid panel service component for package (com.oculus.systemux) and service (com.oculus.panelapp.anytimeui.AnytimeUIAndroidPanelService) - true
09-13 12:08:52.836 18707 19532 I [OAO] OverlaySystemUXController: CreatePanel( com.oculus.systemux/com.oculus.panelapp.anytimeui.AnytimeUIAndroidPanelService )
09-13 12:08:52.837 20641 20674 W System.err: android.content.pm.PackageManager$NameNotFoundException: com.oculus.environment.prod.adobe
09-13 12:08:52.837 20641 20674 W System.err: 	at android.app.ApplicationPackageManager.getApplicationInfoAsUser(ApplicationPackageManager.java:414)
09-13 12:08:52.837 20641 20674 W System.err: 	at android.app.ApplicationPackageManager.getApplicationInfo(ApplicationPackageManager.java:395)
09-13 12:08:52.837 20641 20674 W System.err: 	at android.app.ApplicationPackageManager.getResourcesForApplication(ApplicationPackageManager.java:1545)
09-13 12:08:52.837 20641 20674 W [SEO] PanelUtil_JNI: JVM exception occurred: android.content.pm.PackageManager$NameNotFoundException: com.oculus.environment.prod.adobe
09-13 12:08:52.837 20641 20674 I [SEO] ApkLoader: GetAsset called with null assetManager
09-13 12:08:52.837 20641 20674 I [SEO] VrShellDesktopBase: Foreground desktop
09-13 12:08:52.837 20641 20674 I [SEO] VrShellDesktopBase: Foregrounding com.oculus.explore/com.oculus.explore.PanelService:5
09-13 12:08:52.837 20641 20674 I [SEO] PanelAppHost: Panel app 5 (com.oculus.explore/com.oculus.explore.PanelService) changing state from background to foreground
09-13 12:08:52.837 20641 20674 I [SEO] SystemUXController: Recentering for launch - None, , 
09-13 12:08:52.837 20641 20674 I [SEO] LocalSpace: ResetNextFrame
09-13 12:08:52.837 20641 20674 I [SEO] GuardianController: auiPanel == nullptr
09-13 12:08:52.837 20641 20674 I [SEO] SystemAssistant: OnModeChanged from ImmersiveAppFocused to FullShell
09-13 12:08:52.837 18707 19532 I [OAO] PanelAppHost: PanelAppHost( com.oculus.systemux/com.oculus.panelapp.anytimeui.AnytimeUIAndroidPanelService ) for PanelId 2
09-13 12:08:52.837 18707 19532 I [OAO] PanelAppHost: Panel app 2 (com.oculus.systemux/com.oculus.panelapp.anytimeui.AnytimeUIAndroidPanelService) changing state from startup to foreground
09-13 12:08:52.838 20641 20674 I [SEO] TaskBarSpacePanelController: EnterVrMode(offsetPitch 0.334203 radians, offsetYaw -0.325400 radians)
09-13 12:08:52.838 20641 20674 I [SEO] LocalSpace: EnterVrMode: Setting local pose state.
09-13 12:08:52.839 19081 19081 W PartyNativeModuleManager: Calling nativeTearDown but native code wasn't initialized. Noop.
09-13 12:08:52.843  2237 19528 I VrRuntimeService: CreateAndroidSurfaceSwapChain: 1407430728
09-13 12:08:52.843  2237 19528 I VrRuntimeService: CreateAndroidSurfaceSwapChain: 65536 1 32856 1 1 1 1 1 0 0
09-13 12:08:52.843  2237  2435 I SwapChain_Surface: CreateAndroidSurfaceSwapChainGLES: 0x70adfb4000: SurfaceTexture 0x2a32 Surface 0x2a2a
09-13 12:08:52.843  2237 19528 I VrRuntimeServer: CreateAndroidSurfaceSwapChain: result surface 0x70adfb4000
09-13 12:08:52.856 19693 19693 D [SUI] AnytimeUIPanelAppBase: Releasing viewModel StatusViewModel refCount: 2
09-13 12:08:52.859  2237 19528 I VrRuntimeService: CreateAndroidSurfaceSwapChain: 1407430728
09-13 12:08:52.859  2237 19528 I VrRuntimeService: CreateAndroidSurfaceSwapChain: 65536 1 32856 1 1 1 1 1 0 0
09-13 12:08:52.859  2237  2435 I SwapChain_Surface: CreateAndroidSurfaceSwapChainGLES: 0x70adfb8000: SurfaceTexture 0x298a Surface 0x27da
09-13 12:08:52.859  2237 19528 I VrRuntimeServer: CreateAndroidSurfaceSwapChain: result surface 0x70adfb8000
09-13 12:08:52.862 18081 19147 D [OAO] PanelServiceConnection: getSystemProcessUidForCurrentUser: 'android' systemUid = 1000
09-13 12:08:52.862 18081 19147 D [OAO] ShellApplication: bindService Intent { cmp=com.oculus.systemux/com.oculus.panelapp.anytimeui.AnytimeUIAndroidPanelService }
09-13 12:08:52.864 18707 19532 I [OAO] PanelAppHost: Passing env var _oc_analytics_session_id = 4be958c0-5156-4d3a-9044-da995da44bfe
09-13 12:08:52.865 18707 19532 I [OAO] PanelAppHost: Passing env var _oc_userid = 
09-13 12:08:52.865 18707 19532 I [OAO] PanelAppHost: Passing env var _oc_shell_version_name = 32.0.0.77.353
09-13 12:08:52.866  2562  2562 D [SUI] AnytimeUIPanelAppBase: Releasing viewModel StatusViewModel refCount: 2
09-13 12:08:52.867 18707 19532 I [OAO] PanelAppHost: Passing env var _oc_shell_version_code = 315194092
09-13 12:08:52.867 18707 19532 I [OAO] PanelAppHost: Passing env var _oc_shell_automation_enabled = false
09-13 12:08:52.867 18707 19532 I [OAO] PanelAppHost: Passing env var _oc_shell_view_id_debugging_enabled = false
09-13 12:08:52.867 18707 19532 I [OAO] PanelAppHost: Passing env var _oc_shell_pixel_density = 20
09-13 12:08:52.867 18707 19532 I [OAO] PanelAppHost: Passing env var _oc_shell_render_scale = 1.250000
09-13 12:08:52.867 18707 19532 I [OAO] PanelAppHost: Passing env var _oc_shell_ux_policy = {"glassDesktop":false,"panelBackgroundLayerOriginDepths":{"far":0.2,"mid":0.1,"near":0.015}}
09-13 12:08:52.867 18707 19532 I [OAO] PanelAppHost: Passing env var _oc_shell_feature_sets = clock-levels-v1,cooperativeState-v2,layerTranslate-v1,multiapp-v1,multiapp-v2,multiapp-v3,recoverInstances-v1,secure-layers-v1,system-ux-file-picker-v1,system-reauth-v1,systemActionForegroundPanels-v1
09-13 12:08:52.867 18707 19532 I [OAO] PanelAppHost: Passing env var _oc_launch_timestamp = 157529635
09-13 12:08:52.867 18707 19532 I [OAO] PanelAppHost: Passing env var _oc_shell_host = minimal_overlay
09-13 12:08:52.867 18707 19532 I [OAO] PanelAppHost: Passing env var _oc_shell_panel_id = 1
09-13 12:08:52.878 18707 19532 I [OAO] PanelAppHost: Calling sendPanelLaunchIntent for panel app com.oculus.systemux/com.oculus.panelapp.anytimeui.AnytimeUIAndroidPanelService
09-13 12:08:52.878 18707 19532 D [OAO] ShellApplication: sendApkPanelLaunchIntent: packageName=com.oculus.systemux, serviceClassName=com.oculus.panelapp.anytimeui.AnytimeUIAndroidPanelService
09-13 12:08:52.890 18081 19147 D [OAO] ShellApplication: notify OS to set com.oculus.systemux/com.oculus.panelapp.anytimeui.AnytimeUIAndroidPanelService to FOREGROUND
09-13 12:08:52.890 20641 20674 D VrRuntimeClient: loadDriverResource - resourceName: 'hand_left' 
09-13 12:08:52.892 18081 19147 I [OAO] PanelAppHost: Setting panel layer visibility of layer "#main" to invisible
09-13 12:08:52.892 18081 19147 I [OAO] PanelAppHost: Setting panel layer visibility of layer "tablet" to invisible
09-13 12:08:52.898 18707 19532 D [OAO] PanelServiceConnection: getSystemProcessUidForCurrentUser: 'android' systemUid = 1001000
09-13 12:08:52.899 18707 19532 D [OAO] ShellApplication: bindService Intent { cmp=com.oculus.systemux/com.oculus.panelapp.anytimeui.AnytimeUIAndroidPanelService }
09-13 12:08:52.902   723   723 I netd    : firewallSetUidRule(2, 10026, 1) <0.02ms>
09-13 12:08:52.915 20641 20674 I VrApi_Input: vrapi_GetMeshForHand_Internal: mesh->Header.Version = df000001 mesh->NumVertices = 1360 mesh->NumIndices = 6942
09-13 12:08:52.915 20641 20674 D VrRuntimeClient: loadDriverResource - resourceName: 'hand_right' 
09-13 12:08:52.926 20641 20674 I VrApi_Input: vrapi_GetMeshForHand_Internal: mesh->Header.Version = df000001 mesh->NumVertices = 1360 mesh->NumIndices = 6942
09-13 12:08:52.927 20641 20674 I [SEO] InputManager: LoadKeyboards()
09-13 12:08:52.938 20641 20674 I VrRuntimeClient: SyncInternalGuardianState: GetGuardianPolygon: 208
09-13 12:08:52.938   884   884 I TrackingService: TrackingService::getSharedMemoryFileDescriptor
09-13 12:08:52.943 20641 20674 I [SEO] InputManager: Adding controller deviceId = 536870914
09-13 12:08:52.945 20641 20674 I [SEO] InputManager: Adding controller deviceId = 536870915
09-13 12:08:52.946 20502 20525 I Clay    : Updating tracking space to: 1
09-13 12:08:52.947 20641 20674 I [SEO] InputManager: Switching Primary controller due to vrapi
09-13 12:08:52.948 20641 20674 I [SEO] InputManager: Secondary input source selection id=536870915
09-13 12:08:52.948  1937 20685 I VrGuardianService: GuardianSDKServer::SetActiveHand
09-13 12:08:52.948 20641 20674 I [SEO] GuardianController: Secondary controller active state changed: ACTIVE
09-13 12:08:52.948  1937 20685 I VrGuardianService: GuardianSDKServer::SetSecondaryControllerActive 1
09-13 12:08:52.948 20641 20674 I [SEO] RouteInput: New inputState.cursorTraceSource: 1
09-13 12:08:52.949 20641 20674 I [SEO] LocalSpace: Reset - initialRawFromLocalPose: quat(-0.232668, -0.043635, -0.047528, 0.970414), translation(-0.137952, 0.644930, -0.447669)
09-13 12:08:52.949 20641 20674 I [SEO] LocalSpace: Applying VRAPI Reorient
09-13 12:08:52.949  2237 20688 I VrRuntimeService: RuntimeServiceSDKServer::RecenterLocalSpace
09-13 12:08:52.949  2237 20688 I VrRuntimeService: RuntimeServiceSDKServer::RecenterLocalSpaceInternal
09-13 12:08:52.949  2237 20688 I VrRuntimeServer: UpdateLocalSpace: Src: 2, Version: 199, VersionUser: 1, RawFloorHeightOld: -1.675000, RawFloorHeightNew: -1.675000
09-13 12:08:52.949 20641 20674 I [SEO] LocalSpace: New Space: quat(-0.346523, 0.009587, 0.025941, 0.937634), translation(0.000000, 2.277734, 0.000000) - Prior Space: quat(-0.234196, -0.009479, -0.039316, 0.971348), translation(0.000000, 2.319930, 0.000000)
09-13 12:08:52.949 20641 20674 I [SEO] LocalSpace: Local space version from 198 to 199, local space user version from 1 to 1.
09-13 12:08:52.949 20641 20674 I [SEO] DialogControllerManager: Dialog change detected; updating dialog UI.
09-13 12:08:52.949 20641 20674 I [SEO] DialogControllerManager: Old dialog: type: systemux://dialog/none, uri "systemux://dialog/none", return component: ""
09-13 12:08:52.949 20641 20674 I [SEO] DialogControllerManager: New dialog: type: shell_dialog_guardian_setup, uri "?dialogName=PT_WARNING", return component: ""
09-13 12:08:52.949 20641 20674 D [OAR] ShellApplication: requestAudioFocus, transientFocus=false
09-13 12:08:52.949 20641 20674 W AudioManager: Use of stream types is deprecated for operations other than volume control
09-13 12:08:52.949 20641 20674 W AudioManager: See the documentation of requestAudioFocus() for what to use instead with android.media.AudioAttributes to qualify your playback use case
09-13 12:08:52.950  1085 12133 I MediaFocusControl: requestAudioFocus() from uid/pid 1010020/20641 clientId=android.media.AudioManager@a95d3b9com.oculus.vrshell.ShellAudioFocusHandler@263b3fe callingPack=com.oculus.vrshell req=1 flags=0x0 sdk=29
09-13 12:08:52.956  2562  2562 D [SUI] AnytimeUIPanelAppBase: Releasing viewModel DestinationUIViewModel refCount: 1
09-13 12:08:52.956  2562  2562 D [SUI] AnytimeUIPanelAppBase: Releasing viewModel SocialViewModel refCount: 0
09-13 12:08:52.956  2562  2562 D [SUI] SocialViewModel: Destroying ViewModel
09-13 12:08:52.958 20502 20525 I VrApi   : Unhandled ovrRuntime Event 13
09-13 12:08:52.958 19693 19693 D [SUI] AnytimeUIPanelAppBase: Releasing viewModel DestinationUIViewModel refCount: 1
09-13 12:08:52.958 19693 19693 D [SUI] AnytimeUIPanelAppBase: Releasing viewModel SocialViewModel refCount: 0
09-13 12:08:52.960 20641 20674 I [SEO] DialogControllerManager: Got Audio Focus : 1
09-13 12:08:52.960 20641 20674 I [SEO] DialogControllerManager: LaunchData: ?dialogName=PT_WARNING
09-13 12:08:52.960 20641 20674 I [SEO] SystemDialogController: ShowVrShellDialog
09-13 12:08:52.960 20641 20674 I [SEO] SystemTaskBarV2: Create PanelApp
09-13 12:08:52.960 20641 20674 I [SEO] HostPlatform: Retrieving component launch information for package (com.oculus.systemux) and service (com.oculus.panelapp.anytimeui.AnytimeUIAndroidPanelService)
09-13 12:08:52.961  2562  2562 D [SUI] AnytimeUIPanelAppBase: Releasing viewModel BarPinnedAppsViewModel refCount: 0
09-13 12:08:52.961  2562  2562 D [SUI] BarPinnedAppsViewModel: Destroying BarPinnedAppsViewModel
09-13 12:08:52.961  2562  2562 D [SUI] AnytimeUIPanelAppBase: Releasing viewModel StatusViewModel refCount: 1
09-13 12:08:52.961  2562  2562 I [SUI] AnytimeUIAndroidPanelApp: Destroyed AUI PanelApp, isInOverlay: true, instanceCount: 0
09-13 12:08:52.964 18707 19532 D [OAO] ShellApplication: notify OS to set com.oculus.systemux/com.oculus.panelapp.anytimeui.AnytimeUIAndroidPanelService to FOREGROUND
09-13 12:08:52.967  1716  2721 I VrApi   : Unhandled ovrRuntime Event 13
09-13 12:08:52.969 18707 19532 I [OAO] PanelAppHost: Setting panel layer visibility of layer "#main" to invisible
09-13 12:08:52.969 18707 19532 I [OAO] PanelAppHost: Setting panel layer visibility of layer "tablet" to invisible
09-13 12:08:52.970 19693 19693 D [SUI] SocialViewModel: Destroying ViewModel
09-13 12:08:52.971 19693 19693 E [SUI] AnytimeUIPanelAppBase: Release ViewModel called on already destroyed ViewModelnull
